Archive member included to satisfy reference by file (symbol)

c:/st/stm32cubeide_1.9.0/stm32cubeide/plugins/com.st.stm32cube.ide.mcu.externaltools.gnu-tools-for-stm32.10.3-2021.10.win32_1.0.0.202111181127/tools/bin/../lib/gcc/arm-none-eabi/10.3.1/../../../../arm-none-eabi/lib/thumb/v6-m/nofp\libc_nano.a(lib_a-errno.o)
                              ./Core/Src/syscalls.o (__errno)
c:/st/stm32cubeide_1.9.0/stm32cubeide/plugins/com.st.stm32cube.ide.mcu.externaltools.gnu-tools-for-stm32.10.3-2021.10.win32_1.0.0.202111181127/tools/bin/../lib/gcc/arm-none-eabi/10.3.1/../../../../arm-none-eabi/lib/thumb/v6-m/nofp\libc_nano.a(lib_a-exit.o)
                              c:/st/stm32cubeide_1.9.0/stm32cubeide/plugins/com.st.stm32cube.ide.mcu.externaltools.gnu-tools-for-stm32.10.3-2021.10.win32_1.0.0.202111181127/tools/bin/../lib/gcc/arm-none-eabi/10.3.1/../../../../arm-none-eabi/lib/thumb/v6-m/nofp/crt0.o (exit)
c:/st/stm32cubeide_1.9.0/stm32cubeide/plugins/com.st.stm32cube.ide.mcu.externaltools.gnu-tools-for-stm32.10.3-2021.10.win32_1.0.0.202111181127/tools/bin/../lib/gcc/arm-none-eabi/10.3.1/../../../../arm-none-eabi/lib/thumb/v6-m/nofp\libc_nano.a(lib_a-impure.o)
                              c:/st/stm32cubeide_1.9.0/stm32cubeide/plugins/com.st.stm32cube.ide.mcu.externaltools.gnu-tools-for-stm32.10.3-2021.10.win32_1.0.0.202111181127/tools/bin/../lib/gcc/arm-none-eabi/10.3.1/../../../../arm-none-eabi/lib/thumb/v6-m/nofp\libc_nano.a(lib_a-exit.o) (_global_impure_ptr)
c:/st/stm32cubeide_1.9.0/stm32cubeide/plugins/com.st.stm32cube.ide.mcu.externaltools.gnu-tools-for-stm32.10.3-2021.10.win32_1.0.0.202111181127/tools/bin/../lib/gcc/arm-none-eabi/10.3.1/../../../../arm-none-eabi/lib/thumb/v6-m/nofp\libc_nano.a(lib_a-init.o)
                              c:/st/stm32cubeide_1.9.0/stm32cubeide/plugins/com.st.stm32cube.ide.mcu.externaltools.gnu-tools-for-stm32.10.3-2021.10.win32_1.0.0.202111181127/tools/bin/../lib/gcc/arm-none-eabi/10.3.1/../../../../arm-none-eabi/lib/thumb/v6-m/nofp/crt0.o (__libc_init_array)
c:/st/stm32cubeide_1.9.0/stm32cubeide/plugins/com.st.stm32cube.ide.mcu.externaltools.gnu-tools-for-stm32.10.3-2021.10.win32_1.0.0.202111181127/tools/bin/../lib/gcc/arm-none-eabi/10.3.1/../../../../arm-none-eabi/lib/thumb/v6-m/nofp\libc_nano.a(lib_a-memcpy-stub.o)
                              ./Middlewares/Third_Party/FreeRTOS/Source/queue.o (memcpy)
c:/st/stm32cubeide_1.9.0/stm32cubeide/plugins/com.st.stm32cube.ide.mcu.externaltools.gnu-tools-for-stm32.10.3-2021.10.win32_1.0.0.202111181127/tools/bin/../lib/gcc/arm-none-eabi/10.3.1/../../../../arm-none-eabi/lib/thumb/v6-m/nofp\libc_nano.a(lib_a-memset.o)
                              c:/st/stm32cubeide_1.9.0/stm32cubeide/plugins/com.st.stm32cube.ide.mcu.externaltools.gnu-tools-for-stm32.10.3-2021.10.win32_1.0.0.202111181127/tools/bin/../lib/gcc/arm-none-eabi/10.3.1/../../../../arm-none-eabi/lib/thumb/v6-m/nofp/crt0.o (memset)
c:/st/stm32cubeide_1.9.0/stm32cubeide/plugins/com.st.stm32cube.ide.mcu.externaltools.gnu-tools-for-stm32.10.3-2021.10.win32_1.0.0.202111181127/tools/bin/../lib/gcc/arm-none-eabi/10.3.1/../../../../arm-none-eabi/lib/thumb/v6-m/nofp\libc_nano.a(lib_a-sprintf.o)
                              ./Core/Src/rtc.o (sprintf)
c:/st/stm32cubeide_1.9.0/stm32cubeide/plugins/com.st.stm32cube.ide.mcu.externaltools.gnu-tools-for-stm32.10.3-2021.10.win32_1.0.0.202111181127/tools/bin/../lib/gcc/arm-none-eabi/10.3.1/../../../../arm-none-eabi/lib/thumb/v6-m/nofp\libc_nano.a(lib_a-strcmp.o)
                              ./Core/Src/task.o (strcmp)
c:/st/stm32cubeide_1.9.0/stm32cubeide/plugins/com.st.stm32cube.ide.mcu.externaltools.gnu-tools-for-stm32.10.3-2021.10.win32_1.0.0.202111181127/tools/bin/../lib/gcc/arm-none-eabi/10.3.1/../../../../arm-none-eabi/lib/thumb/v6-m/nofp\libc_nano.a(lib_a-strlen.o)
                              ./Core/Src/task.o (strlen)
c:/st/stm32cubeide_1.9.0/stm32cubeide/plugins/com.st.stm32cube.ide.mcu.externaltools.gnu-tools-for-stm32.10.3-2021.10.win32_1.0.0.202111181127/tools/bin/../lib/gcc/arm-none-eabi/10.3.1/../../../../arm-none-eabi/lib/thumb/v6-m/nofp\libc_nano.a(lib_a-nano-svfprintf.o)
                              c:/st/stm32cubeide_1.9.0/stm32cubeide/plugins/com.st.stm32cube.ide.mcu.externaltools.gnu-tools-for-stm32.10.3-2021.10.win32_1.0.0.202111181127/tools/bin/../lib/gcc/arm-none-eabi/10.3.1/../../../../arm-none-eabi/lib/thumb/v6-m/nofp\libc_nano.a(lib_a-sprintf.o) (_svfprintf_r)
c:/st/stm32cubeide_1.9.0/stm32cubeide/plugins/com.st.stm32cube.ide.mcu.externaltools.gnu-tools-for-stm32.10.3-2021.10.win32_1.0.0.202111181127/tools/bin/../lib/gcc/arm-none-eabi/10.3.1/../../../../arm-none-eabi/lib/thumb/v6-m/nofp\libc_nano.a(lib_a-nano-vfprintf_i.o)
[...]
Memory Configuration

Name             Origin             Length             Attributes
RAM              0x0000000020000000 0x0000000000004000 xrw
FLASH            0x0000000008000000 0x0000000000020000 xr
*default*        0x0000000000000000 0xffffffffffffffff

Linker script and memory map

LOAD c:/st/stm32cubeide_1.9.0/stm32cubeide/plugins/com.st.stm32cube.ide.mcu.externaltools.gnu-tools-for-stm32.10.3-2021.10.win32_1.0.0.202111181127/tools/bin/../lib/gcc/arm-none-eabi/10.3.1/thumb/v6-m/nofp/crti.o
LOAD c:/st/stm32cubeide_1.9.0/stm32cubeide/plugins/com.st.stm32cube.ide.mcu.externaltools.gnu-tools-for-stm32.10.3-2021.10.win32_1.0.0.202111181127/tools/bin/../lib/gcc/arm-none-eabi/10.3.1/thumb/v6-m/nofp/crtbegin.o
LOAD c:/st/stm32cubeide_1.9.0/stm32cubeide/plugins/com.st.stm32cube.ide.mcu.externaltools.gnu-tools-for-stm32.10.3-2021.10.win32_1.0.0.202111181127/tools/bin/../lib/gcc/arm-none-eabi/10.3.1/../../../../arm-none-eabi/lib/thumb/v6-m/nofp/crt0.o
LOAD ./Core/Src/freertos.o
LOAD ./Core/Src/led.o
LOAD ./Core/Src/main.o
LOAD ./Core/Src/rtc.o
LOAD ./Core/Src/stm32f0xx_hal_msp.o
LOAD ./Core/Src/stm32f0xx_hal_timebase_tim.o
LOAD ./Core/Src/stm32f0xx_it.o
LOAD ./Core/Src/syscalls.o
LOAD ./Core/Src/sysmem.o
LOAD ./Core/Src/system_stm32f0xx.o
LOAD ./Core/Src/task.o
LOAD ./Core/Startup/startup_stm32f070rbtx.o
LOAD ./Drivers/STM32F0xx_HAL_Driver/Src/stm32f0xx_hal.o
LOAD ./Drivers/STM32F0xx_HAL_Driver/Src/stm32f0xx_hal_cortex.o
LOAD ./Drivers/STM32F0xx_HAL_Driver/Src/stm32f0xx_hal_dma.o
LOAD ./Drivers/STM32F0xx_HAL_Driver/Src/stm32f0xx_hal_exti.o
LOAD ./Drivers/STM32F0xx_HAL_Driver/Src/stm32f0xx_hal_flash.o
LOAD ./Drivers/STM32F0xx_HAL_Driver/Src/stm32f0xx_hal_flash_ex.o
LOAD ./Drivers/STM32F0xx_HAL_Driver/Src/stm32f0xx_hal_gpio.o
LOAD ./Drivers/STM32F0xx_HAL_Driver/Src/stm32f0xx_hal_i2c.o
LOAD ./Drivers/STM32F0xx_HAL_Driver/Src/stm32f0xx_hal_i2c_ex.o
LOAD ./Drivers/STM32F0xx_HAL_Driver/Src/stm32f0xx_hal_pwr.o
LOAD ./Drivers/STM32F0xx_HAL_Driver/Src/stm32f0xx_hal_pwr_ex.o
LOAD ./Drivers/STM32F0xx_HAL_Driver/Src/stm32f0xx_hal_rcc.o
LOAD ./Drivers/STM32F0xx_HAL_Driver/Src/stm32f0xx_hal_rcc_ex.o
LOAD ./Drivers/STM32F0xx_HAL_Driver/Src/stm32f0xx_hal_rtc.o
LOAD ./Drivers/STM32F0xx_HAL_Driver/Src/stm32f0xx_hal_rtc_ex.o
LOAD ./Drivers/STM32F0xx_HAL_Driver/Src/stm32f0xx_hal_tim.o
LOAD ./Drivers/STM32F0xx_HAL_Driver/Src/stm32f0xx_hal_tim_ex.o
LOAD ./Drivers/STM32F0xx_HAL_Driver/Src/stm32f0xx_hal_uart.o
LOAD ./Drivers/STM32F0xx_HAL_Driver/Src/stm32f0xx_hal_uart_ex.o
LOAD ./Middlewares/Third_Party/FreeRTOS/Source/CMSIS_RTOS/cmsis_os.o
LOAD ./Middlewares/Third_Party/FreeRTOS/Source/croutine.o
LOAD ./Middlewares/Third_Party/FreeRTOS/Source/event_groups.o
LOAD ./Middlewares/Third_Party/FreeRTOS/Source/list.o
LOAD ./Middlewares/Third_Party/FreeRTOS/Source/queue.o
LOAD ./Middlewares/Third_Party/FreeRTOS/Source/stream_buffer.o
LOAD ./Middlewares/Third_Party/FreeRTOS/Source/tasks.o
LOAD ./Middlewares/Third_Party/FreeRTOS/Source/timers.o
LOAD ./Middlewares/Third_Party/FreeRTOS/Source/portable/GCC/ARM_CM0/port.o
LOAD ./Middlewares/Third_Party/FreeRTOS/Source/portable/MemMang/heap_4.o
START GROUP
LOAD c:/st/stm32cubeide_1.9.0/stm32cubeide/plugins/com.st.stm32cube.ide.mcu.externaltools.gnu-tools-for-stm32.10.3-2021.10.win32_1.0.0.202111181127/tools/bin/../lib/gcc/arm-none-eabi/10.3.1/../../../../arm-none-eabi/lib/thumb/v6-m/nofp\libc_nano.a
LOAD c:/st/stm32cubeide_1.9.0/stm32cubeide/plugins/com.st.stm32cube.ide.mcu.externaltools.gnu-tools-for-stm32.10.3-2021.10.win32_1.0.0.202111181127/tools/bin/../lib/gcc/arm-none-eabi/10.3.1/../../../../arm-none-eabi/lib/thumb/v6-m/nofp\libm.a
END GROUP
START GROUP
LOAD c:/st/stm32cubeide_1.9.0/stm32cubeide/plugins/com.st.stm32cube.ide.mcu.externaltools.gnu-tools-for-stm32.10.3-2021.10.win32_1.0.0.202111181127/tools/bin/../lib/gcc/arm-none-eabi/10.3.1/thumb/v6-m/nofp\libgcc.a
LOAD c:/st/stm32cubeide_1.9.0/stm32cubeide/plugins/com.st.stm32cube.ide.mcu.externaltools.gnu-tools-for-stm32.10.3-2021.10.win32_1.0.0.202111181127/tools/bin/../lib/gcc/arm-none-eabi/10.3.1/../../../../arm-none-eabi/lib/thumb/v6-m/nofp\libc_nano.a
END GROUP
START GROUP
LOAD c:/st/stm32cubeide_1.9.0/stm32cubeide/plugins/com.st.stm32cube.ide.mcu.externaltools.gnu-tools-for-stm32.10.3-2021.10.win32_1.0.0.202111181127/tools/bin/../lib/gcc/arm-none-eabi/10.3.1/thumb/v6-m/nofp\libgcc.a
LOAD c:/st/stm32cubeide_1.9.0/stm32cubeide/plugins/com.st.stm32cube.ide.mcu.externaltools.gnu-tools-for-stm32.10.3-2021.10.win32_1.0.0.202111181127/tools/bin/../lib/gcc/arm-none-eabi/10.3.1/../../../../arm-none-eabi/lib/thumb/v6-m/nofp\libc_nano.a
LOAD c:/st/stm32cubeide_1.9.0/stm32cubeide/plugins/com.st.stm32cube.ide.mcu.externaltools.gnu-tools-for-stm32.10.3-2021.10.win32_1.0.0.202111181127/tools/bin/../lib/gcc/arm-none-eabi/10.3.1/../../../../arm-none-eabi/lib/thumb/v6-m/nofp\libnosys.a
END GROUP
START GROUP
LOAD c:/st/stm32cubeide_1.9.0/stm32cubeide/plugins/com.st.stm32cube.ide.mcu.externaltools.gnu-tools-for-stm32.10.3-2021.10.win32_1.0.0.202111181127/tools/bin/../lib/gcc/arm-none-eabi/10.3.1/thumb/v6-m/nofp\libgcc.a
LOAD c:/st/stm32cubeide_1.9.0/stm32cubeide/plugins/com.st.stm32cube.ide.mcu.externaltools.gnu-tools-for-stm32.10.3-2021.10.win32_1.0.0.202111181127/tools/bin/../lib/gcc/arm-none-eabi/10.3.1/../../../../arm-none-eabi/lib/thumb/v6-m/nofp\libc_nano.a
LOAD c:/st/stm32cubeide_1.9.0/stm32cubeide/plugins/com.st.stm32cube.ide.mcu.externaltools.gnu-tools-for-stm32.10.3-2021.10.win32_1.0.0.202111181127/tools/bin/../lib/gcc/arm-none-eabi/10.3.1/../../../../arm-none-eabi/lib/thumb/v6-m/nofp\libnosys.a
END GROUP
LOAD c:/st/stm32cubeide_1.9.0/stm32cubeide/plugins/com.st.stm32cube.ide.mcu.externaltools.gnu-tools-for-stm32.10.3-2021.10.win32_1.0.0.202111181127/tools/bin/../lib/gcc/arm-none-eabi/10.3.1/thumb/v6-m/nofp/crtend.o
LOAD c:/st/stm32cubeide_1.9.0/stm32cubeide/plugins/com.st.stm32cube.ide.mcu.externaltools.gnu-tools-for-stm32.10.3-2021.10.win32_1.0.0.202111181127/tools/bin/../lib/gcc/arm-none-eabi/10.3.1/thumb/v6-m/nofp/crtn.o
                0x0000000020004000                _estack = (ORIGIN (RAM) + LENGTH (RAM))
                0x0000000000000200                _Min_Heap_Size = 0x200
                0x0000000000000400                _Min_Stack_Size = 0x400

.isr_vector     0x0000000008000000       0xc0
                0x0000000008000000                . = ALIGN (0x4)
 *(.isr_vector)
 .isr_vector    0x0000000008000000       0xc0 ./Core/Startup/startup_stm32f070rbtx.o
                0x0000000008000000                g_pfnVectors
                0x00000000080000c0                . = ALIGN (0x4)

.text           0x00000000080000c0     0x74cc
                0x00000000080000c0                . = ALIGN (0x4)
 *(.text)
 .text          0x00000000080000c0       0x48 c:/st/stm32cubeide_1.9.0/stm32cubeide/plugins/com.st.stm32cube.ide.mcu.externaltools.gnu-tools-for-stm32.10.3-2021.10.win32_1.0.0.202111181127/tools/bin/../lib/gcc/arm-none-eabi/10.3.1/thumb/v6-m/nofp/crtbegin.o
 .text          0x0000000008000108       0x14 c:/st/stm32cubeide_1.9.0/stm32cubeide/plugins/com.st.stm32cube.ide.mcu.externaltools.gnu-tools-for-stm32.10.3-2021.10.win32_1.0.0.202111181127/tools/bin/../lib/gcc/arm-none-eabi/10.3.1/../../../../arm-none-eabi/lib/thumb/v6-m/nofp\libc_nano.a(lib_a-strcmp.o)
                0x0000000008000108                strcmp
 .text          0x000000000800011c        0xe c:/st/stm32cubeide_1.9.0/stm32cubeide/plugins/com.st.stm32cube.ide.mcu.externaltools.gnu-tools-for-stm32.10.3-2021.10.win32_1.0.0.202111181127/tools/bin/../lib/gcc/arm-none-eabi/10.3.1/../../../../arm-none-eabi/lib/thumb/v6-m/nofp\libc_nano.a(lib_a-strlen.o)
                0x000000000800011c                strlen
 *fill*         0x000000000800012a        0x2 
 .text          0x000000000800012c       0x14 c:/st/stm32cubeide_1.9.0/stm32cubeide/plugins/com.st.stm32cube.ide.mcu.externaltools.gnu-tools-for-stm32.10.3-2021.10.win32_1.0.0.202111181127/tools/bin/../lib/gcc/arm-none-eabi/10.3.1/thumb/v6-m/nofp\libgcc.a(_thumb1_case_shi.o)
                0x000000000800012c                __gnu_thumb1_case_shi
 .text          0x0000000008000140      0x114 c:/st/stm32cubeide_1.9.0/stm32cubeide/plugins/com.st.stm32cube.ide.mcu.externaltools.gnu-tools-for-stm32.10.3-2021.10.win32_1.0.0.202111181127/tools/bin/../lib/gcc/arm-none-eabi/10.3.1/thumb/v6-m/nofp\libgcc.a(_udivsi3.o)
                0x0000000008000140                __aeabi_uidiv
                0x0000000008000140                __udivsi3
                0x000000000800024c                __aeabi_uidivmod
 .text          0x0000000008000254        0x4 c:/st/stm32cubeide_1.9.0/stm32cubeide/plugins/com.st.stm32cube.ide.mcu.externaltools.gnu-tools-for-stm32.10.3-2021.10.win32_1.0.0.202111181127/tools/bin/../lib/gcc/arm-none-eabi/10.3.1/thumb/v6-m/nofp\libgcc.a(_dvmd_tls.o)
                0x0000000008000254                __aeabi_idiv0
                0x0000000008000254                __aeabi_ldiv0
 *(.text*)
 .text.vApplicationGetIdleTaskMemory
                0x0000000008000258       0x30 ./Core/Src/freertos.o
                0x0000000008000258                vApplicationGetIdleTaskMemory
 .text.vApplicationGetTimerTaskMemory
                0x0000000008000288       0x30 ./Core/Src/freertos.o
                0x0000000008000288                vApplicationGetTimerTaskMemory
 .text.led_effect_stop
                0x00000000080002b8        0xa ./Core/Src/led.o
                0x00000000080002b8                led_effect_stop
 .text.led_effect
                0x00000000080002c2       0x88 ./Core/Src/led.o
                0x00000000080002c2                led_effect
 *fill*         0x000000000800034a        0x2 
 .text.main     0x000000000800034c      0x104 ./Core/Src/main.o
                0x000000000800034c                main
 .text.SystemClock_Config
                0x0000000008000450       0xce ./Core/Src/main.o
                0x0000000008000450                SystemClock_Config
 *fill*         0x000000000800051e        0x2 
 .text.MX_RTC_Init
                0x0000000008000520       0x4c ./Core/Src/main.o
 .text.MX_USART2_UART_Init
                0x000000000800056c       0x60 ./Core/Src/main.o
 .text.MX_GPIO_Init
                0x00000000080005cc       0xd4 ./Core/Src/main.o
 .text.HAL_UART_RxCpltCallback
                0x00000000080006a0       0x90 ./Core/Src/main.o
                0x00000000080006a0                HAL_UART_RxCpltCallback
 .text.menu_task
                0x0000000008000730       0xd8 ./Core/Src/main.o
                0x0000000008000730                menu_task
 .text.HAL_TIM_PeriodElapsedCallback
                0x0000000008000808       0x24 ./Core/Src/main.o
                0x0000000008000808                HAL_TIM_PeriodElapsedCallback
 .text.Error_Handler
                0x000000000800082c        0xa ./Core/Src/main.o
                0x000000000800082c                Error_Handler
 *fill*         0x0000000008000836        0x2 
 .text.show_time_date
                0x0000000008000838       0xe8 ./Core/Src/rtc.o
                0x0000000008000838                show_time_date
 .text.rtc_configure_time
                0x0000000008000920       0x34 ./Core/Src/rtc.o
                0x0000000008000920                rtc_configure_time
 .text.rtc_configure_date
                0x0000000008000954       0x20 ./Core/Src/rtc.o
                0x0000000008000954                rtc_configure_date
 .text.validate_rtc_information
                0x0000000008000974       0x60 ./Core/Src/rtc.o
                0x0000000008000974                validate_rtc_information
 .text.HAL_MspInit
                0x00000000080009d4       0x54 ./Core/Src/stm32f0xx_hal_msp.o
                0x00000000080009d4                HAL_MspInit
 .text.HAL_RTC_MspInit
                0x0000000008000a28       0x30 ./Core/Src/stm32f0xx_hal_msp.o
                0x0000000008000a28                HAL_RTC_MspInit
 .text.HAL_UART_MspInit
                0x0000000008000a58       0xa8 ./Core/Src/stm32f0xx_hal_msp.o
                0x0000000008000a58                HAL_UART_MspInit
 .text.HAL_InitTick
                0x0000000008000b00       0xb8 ./Core/Src/stm32f0xx_hal_timebase_tim.o
                0x0000000008000b00                HAL_InitTick
 .text.NMI_Handler
                0x0000000008000bb8        0x6 ./Core/Src/stm32f0xx_it.o
                0x0000000008000bb8                NMI_Handler
 .text.HardFault_Handler
                0x0000000008000bbe        0x6 ./Core/Src/stm32f0xx_it.o
                0x0000000008000bbe                HardFault_Handler
 .text.TIM6_IRQHandler
                0x0000000008000bc4       0x18 ./Core/Src/stm32f0xx_it.o
                0x0000000008000bc4                TIM6_IRQHandler
 .text.USART2_IRQHandler
                0x0000000008000bdc       0x18 ./Core/Src/stm32f0xx_it.o
                0x0000000008000bdc                USART2_IRQHandler
 .text._sbrk    0x0000000008000bf4       0x6c ./Core/Src/sysmem.o
                0x0000000008000bf4                _sbrk
 .text.SystemInit
                0x0000000008000c60        0xa ./Core/Src/system_stm32f0xx.o
                0x0000000008000c60                SystemInit
 *fill*         0x0000000008000c6a        0x2 
 .text.led_task
                0x0000000008000c6c      0x120 ./Core/Src/task.o
                0x0000000008000c6c                led_task
 .text.getnumber
                0x0000000008000d8c       0x46 ./Core/Src/task.o
                0x0000000008000d8c                getnumber
 *fill*         0x0000000008000dd2        0x2 
 .text.rtc_task
                0x0000000008000dd4      0x498 ./Core/Src/task.o
                0x0000000008000dd4                rtc_task
 .text.print_task
                0x000000000800126c       0x40 ./Core/Src/task.o
                0x000000000800126c                print_task
 .text.cmd_task
                0x00000000080012ac       0x2c ./Core/Src/task.o
                0x00000000080012ac                cmd_task
 .text.process_command
                0x00000000080012d8       0x70 ./Core/Src/task.o
                0x00000000080012d8                process_command
 .text.extract_command
                0x0000000008001348       0x8c ./Core/Src/task.o
                0x0000000008001348                extract_command
 .text.Reset_Handler
                0x00000000080013d4       0x50 ./Core/Startup/startup_stm32f070rbtx.o
                0x00000000080013d4                Reset_Handler
 .text.Default_Handler
                0x0000000008001424        0x2 ./Core/Startup/startup_stm32f070rbtx.o
                0x0000000008001424                TIM1_CC_IRQHandler
                0x0000000008001424                I2C1_IRQHandler
                0x0000000008001424                SPI1_IRQHandler
                0x0000000008001424                USART3_4_IRQHandler
                0x0000000008001424                EXTI2_3_IRQHandler
                0x0000000008001424                ADC1_IRQHandler
                0x0000000008001424                I2C2_IRQHandler
                0x0000000008001424                TIM17_IRQHandler
                0x0000000008001424                RTC_IRQHandler
                0x0000000008001424                TIM16_IRQHandler
                0x0000000008001424                TIM3_IRQHandler
                0x0000000008001424                EXTI4_15_IRQHandler
                0x0000000008001424                RCC_IRQHandler
                0x0000000008001424                DMA1_Channel1_IRQHandler
                0x0000000008001424                Default_Handler
                0x0000000008001424                TIM14_IRQHandler
                0x0000000008001424                DMA1_Channel4_5_IRQHandler
                0x0000000008001424                TIM7_IRQHandler
                0x0000000008001424                TIM15_IRQHandler
                0x0000000008001424                EXTI0_1_IRQHandler
                0x0000000008001424                USB_IRQHandler
                0x0000000008001424                SPI2_IRQHandler
                0x0000000008001424                WWDG_IRQHandler
                0x0000000008001424                DMA1_Channel2_3_IRQHandler
                0x0000000008001424                FLASH_IRQHandler
                0x0000000008001424                USART1_IRQHandler
                0x0000000008001424                TIM1_BRK_UP_TRG_COM_IRQHandler
 *fill*         0x0000000008001426        0x2 
 .text.HAL_Init
                0x0000000008001428       0x28 ./Drivers/STM32F0xx_HAL_Driver/Src/stm32f0xx_hal.o
                0x0000000008001428                HAL_Init
 .text.HAL_IncTick
                0x0000000008001450       0x24 ./Drivers/STM32F0xx_HAL_Driver/Src/stm32f0xx_hal.o
                0x0000000008001450                HAL_IncTick
 .text.HAL_GetTick
                0x0000000008001474       0x14 ./Drivers/STM32F0xx_HAL_Driver/Src/stm32f0xx_hal.o
                0x0000000008001474                HAL_GetTick
 .text.__NVIC_EnableIRQ
                0x0000000008001488       0x34 ./Drivers/STM32F0xx_HAL_Driver/Src/stm32f0xx_hal_cortex.o
 .text.__NVIC_SetPriority
                0x00000000080014bc       0xdc ./Drivers/STM32F0xx_HAL_Driver/Src/stm32f0xx_hal_cortex.o
 .text.HAL_NVIC_SetPriority
                0x0000000008001598       0x2a ./Drivers/STM32F0xx_HAL_Driver/Src/stm32f0xx_hal_cortex.o
                0x0000000008001598                HAL_NVIC_SetPriority
 .text.HAL_NVIC_EnableIRQ
                0x00000000080015c2       0x20 ./Drivers/STM32F0xx_HAL_Driver/Src/stm32f0xx_hal_cortex.o
                0x00000000080015c2                HAL_NVIC_EnableIRQ
 .text.HAL_DMA_Abort
                0x00000000080015e2       0x70 ./Drivers/STM32F0xx_HAL_Driver/Src/stm32f0xx_hal_dma.o
                0x00000000080015e2                HAL_DMA_Abort
 .text.HAL_DMA_Abort_IT
                0x0000000008001652       0x8a ./Drivers/STM32F0xx_HAL_Driver/Src/stm32f0xx_hal_dma.o
                0x0000000008001652                HAL_DMA_Abort_IT
 .text.HAL_GPIO_Init
                0x00000000080016dc      0x2e0 ./Drivers/STM32F0xx_HAL_Driver/Src/stm32f0xx_hal_gpio.o
                0x00000000080016dc                HAL_GPIO_Init
 .text.HAL_GPIO_WritePin
                0x00000000080019bc       0x3a ./Drivers/STM32F0xx_HAL_Driver/Src/stm32f0xx_hal_gpio.o
                0x00000000080019bc                HAL_GPIO_WritePin
 .text.HAL_GPIO_TogglePin
                0x00000000080019f6       0x36 ./Drivers/STM32F0xx_HAL_Driver/Src/stm32f0xx_hal_gpio.o
                0x00000000080019f6                HAL_GPIO_TogglePin
 .text.HAL_RCC_OscConfig
                0x0000000008001a2c      0x63c ./Drivers/STM32F0xx_HAL_Driver/Src/stm32f0xx_hal_rcc.o
                0x0000000008001a2c                HAL_RCC_OscConfig
 .text.HAL_RCC_ClockConfig
                0x0000000008002068      0x19c ./Drivers/STM32F0xx_HAL_Driver/Src/stm32f0xx_hal_rcc.o
                0x0000000008002068                HAL_RCC_ClockConfig
 .text.HAL_RCC_GetSysClockFreq
                0x0000000008002204       0xb0 ./Drivers/STM32F0xx_HAL_Driver/Src/stm32f0xx_hal_rcc.o
                0x0000000008002204                HAL_RCC_GetSysClockFreq
 .text.HAL_RCC_GetHCLKFreq
                0x00000000080022b4       0x14 ./Drivers/STM32F0xx_HAL_Driver/Src/stm32f0xx_hal_rcc.o
                0x00000000080022b4                HAL_RCC_GetHCLKFreq
 .text.HAL_RCC_GetPCLK1Freq
                0x00000000080022c8       0x2c ./Drivers/STM32F0xx_HAL_Driver/Src/stm32f0xx_hal_rcc.o
                0x00000000080022c8                HAL_RCC_GetPCLK1Freq
 .text.HAL_RCC_GetClockConfig
                0x00000000080022f4       0x54 ./Drivers/STM32F0xx_HAL_Driver/Src/stm32f0xx_hal_rcc.o
                0x00000000080022f4                HAL_RCC_GetClockConfig
 .text.HAL_RCCEx_PeriphCLKConfig
                0x0000000008002348      0x1bc ./Drivers/STM32F0xx_HAL_Driver/Src/stm32f0xx_hal_rcc_ex.o
                0x0000000008002348                HAL_RCCEx_PeriphCLKConfig
 .text.HAL_RTC_Init
                0x0000000008002504      0x130 ./Drivers/STM32F0xx_HAL_Driver/Src/stm32f0xx_hal_rtc.o
                0x0000000008002504                HAL_RTC_Init
 .text.HAL_RTC_SetTime
                0x0000000008002634      0x14c ./Drivers/STM32F0xx_HAL_Driver/Src/stm32f0xx_hal_rtc.o
                0x0000000008002634                HAL_RTC_SetTime
 .text.HAL_RTC_GetTime
                0x0000000008002780       0xbc ./Drivers/STM32F0xx_HAL_Driver/Src/stm32f0xx_hal_rtc.o
                0x0000000008002780                HAL_RTC_GetTime
 .text.HAL_RTC_SetDate
                0x000000000800283c      0x120 ./Drivers/STM32F0xx_HAL_Driver/Src/stm32f0xx_hal_rtc.o
                0x000000000800283c                HAL_RTC_SetDate
 .text.HAL_RTC_GetDate
                0x000000000800295c       0xa0 ./Drivers/STM32F0xx_HAL_Driver/Src/stm32f0xx_hal_rtc.o
                0x000000000800295c                HAL_RTC_GetDate
 .text.HAL_RTC_WaitForSynchro
                0x00000000080029fc       0x50 ./Drivers/STM32F0xx_HAL_Driver/Src/stm32f0xx_hal_rtc.o
                0x00000000080029fc                HAL_RTC_WaitForSynchro
 .text.RTC_EnterInitMode
                0x0000000008002a4c       0x86 ./Drivers/STM32F0xx_HAL_Driver/Src/stm32f0xx_hal_rtc.o
                0x0000000008002a4c                RTC_EnterInitMode
 .text.RTC_ExitInitMode
                0x0000000008002ad2       0x52 ./Drivers/STM32F0xx_HAL_Driver/Src/stm32f0xx_hal_rtc.o
                0x0000000008002ad2                RTC_ExitInitMode
 .text.RTC_ByteToBcd2
                0x0000000008002b24       0x42 ./Drivers/STM32F0xx_HAL_Driver/Src/stm32f0xx_hal_rtc.o
                0x0000000008002b24                RTC_ByteToBcd2
 .text.RTC_Bcd2ToByte
                0x0000000008002b66       0x3e ./Drivers/STM32F0xx_HAL_Driver/Src/stm32f0xx_hal_rtc.o
                0x0000000008002b66                RTC_Bcd2ToByte
 .text.HAL_TIM_Base_Init
                0x0000000008002ba4       0xa0 ./Drivers/STM32F0xx_HAL_Driver/Src/stm32f0xx_hal_tim.o
                0x0000000008002ba4                HAL_TIM_Base_Init
 .text.HAL_TIM_Base_MspInit
                0x0000000008002c44       0x10 ./Drivers/STM32F0xx_HAL_Driver/Src/stm32f0xx_hal_tim.o
                0x0000000008002c44                HAL_TIM_Base_MspInit
 .text.HAL_TIM_Base_Start_IT
                0x0000000008002c54       0x98 ./Drivers/STM32F0xx_HAL_Driver/Src/stm32f0xx_hal_tim.o
                0x0000000008002c54                HAL_TIM_Base_Start_IT
 .text.HAL_TIM_IRQHandler
                0x0000000008002cec      0x22c ./Drivers/STM32F0xx_HAL_Driver/Src/stm32f0xx_hal_tim.o
                0x0000000008002cec                HAL_TIM_IRQHandler
 .text.HAL_TIM_OC_DelayElapsedCallback
                0x0000000008002f18       0x10 ./Drivers/STM32F0xx_HAL_Driver/Src/stm32f0xx_hal_tim.o
                0x0000000008002f18                HAL_TIM_OC_DelayElapsedCallback
 .text.HAL_TIM_IC_CaptureCallback
                0x0000000008002f28       0x10 ./Drivers/STM32F0xx_HAL_Driver/Src/stm32f0xx_hal_tim.o
                0x0000000008002f28                HAL_TIM_IC_CaptureCallback
 .text.HAL_TIM_PWM_PulseFinishedCallback
                0x0000000008002f38       0x10 ./Drivers/STM32F0xx_HAL_Driver/Src/stm32f0xx_hal_tim.o
                0x0000000008002f38                HAL_TIM_PWM_PulseFinishedCallback
 .text.HAL_TIM_TriggerCallback
                0x0000000008002f48       0x10 ./Drivers/STM32F0xx_HAL_Driver/Src/stm32f0xx_hal_tim.o
                0x0000000008002f48                HAL_TIM_TriggerCallback
 .text.TIM_Base_SetConfig
                0x0000000008002f58       0xec ./Drivers/STM32F0xx_HAL_Driver/Src/stm32f0xx_hal_tim.o
                0x0000000008002f58                TIM_Base_SetConfig
 .text.HAL_TIMEx_CommutCallback
                0x0000000008003044       0x10 ./Drivers/STM32F0xx_HAL_Driver/Src/stm32f0xx_hal_tim_ex.o
                0x0000000008003044                HAL_TIMEx_CommutCallback
 .text.HAL_TIMEx_BreakCallback
                0x0000000008003054       0x10 ./Drivers/STM32F0xx_HAL_Driver/Src/stm32f0xx_hal_tim_ex.o
                0x0000000008003054                HAL_TIMEx_BreakCallback
 .text.HAL_UART_Init
                0x0000000008003064       0xa8 ./Drivers/STM32F0xx_HAL_Driver/Src/stm32f0xx_hal_uart.o
                0x0000000008003064                HAL_UART_Init
 .text.HAL_UART_Transmit
                0x000000000800310c      0x140 ./Drivers/STM32F0xx_HAL_Driver/Src/stm32f0xx_hal_uart.o
                0x000000000800310c                HAL_UART_Transmit
 .text.HAL_UART_Receive_IT
                0x000000000800324c       0xae ./Drivers/STM32F0xx_HAL_Driver/Src/stm32f0xx_hal_uart.o
                0x000000000800324c                HAL_UART_Receive_IT
 *fill*         0x00000000080032fa        0x2 
 .text.HAL_UART_IRQHandler
                0x00000000080032fc      0x590 ./Drivers/STM32F0xx_HAL_Driver/Src/stm32f0xx_hal_uart.o
                0x00000000080032fc                HAL_UART_IRQHandler
 .text.HAL_UART_TxCpltCallback
                0x000000000800388c       0x10 ./Drivers/STM32F0xx_HAL_Driver/Src/stm32f0xx_hal_uart.o
                0x000000000800388c                HAL_UART_TxCpltCallback
 .text.HAL_UART_ErrorCallback
                0x000000000800389c       0x10 ./Drivers/STM32F0xx_HAL_Driver/Src/stm32f0xx_hal_uart.o
                0x000000000800389c                HAL_UART_ErrorCallback
 .text.HAL_UARTEx_RxEventCallback
                0x00000000080038ac       0x16 ./Drivers/STM32F0xx_HAL_Driver/Src/stm32f0xx_hal_uart.o
                0x00000000080038ac                HAL_UARTEx_RxEventCallback
 *fill*         0x00000000080038c2        0x2 
 .text.UART_SetConfig
                0x00000000080038c4      0x2b0 ./Drivers/STM32F0xx_HAL_Driver/Src/stm32f0xx_hal_uart.o
                0x00000000080038c4                UART_SetConfig
 .text.UART_AdvFeatureConfig
                0x0000000008003b74      0x168 ./Drivers/STM32F0xx_HAL_Driver/Src/stm32f0xx_hal_uart.o
                0x0000000008003b74                UART_AdvFeatureConfig
 .text.UART_CheckIdleState
                0x0000000008003cdc      0x150 ./Drivers/STM32F0xx_HAL_Driver/Src/stm32f0xx_hal_uart.o
                0x0000000008003cdc                UART_CheckIdleState
 .text.UART_WaitOnFlagUntilTimeout
                0x0000000008003e2c       0xd2 ./Drivers/STM32F0xx_HAL_Driver/Src/stm32f0xx_hal_uart.o
                0x0000000008003e2c                UART_WaitOnFlagUntilTimeout
 *fill*         0x0000000008003efe        0x2 
 .text.UART_Start_Receive_IT
                0x0000000008003f00      0x194 ./Drivers/STM32F0xx_HAL_Driver/Src/stm32f0xx_hal_uart.o
                0x0000000008003f00                UART_Start_Receive_IT
 .text.UART_EndRxTransfer
                0x0000000008004094       0xc8 ./Drivers/STM32F0xx_HAL_Driver/Src/stm32f0xx_hal_uart.o
 .text.UART_DMAAbortOnError
                0x000000000800415c       0x2e ./Drivers/STM32F0xx_HAL_Driver/Src/stm32f0xx_hal_uart.o
 .text.UART_EndTransmit_IT
                0x000000000800418a       0x56 ./Drivers/STM32F0xx_HAL_Driver/Src/stm32f0xx_hal_uart.o
 .text.UART_RxISR_8BIT
                0x00000000080041e0      0x1b8 ./Drivers/STM32F0xx_HAL_Driver/Src/stm32f0xx_hal_uart.o
 .text.UART_RxISR_16BIT
                0x0000000008004398      0x1b8 ./Drivers/STM32F0xx_HAL_Driver/Src/stm32f0xx_hal_uart.o
 .text.makeFreeRtosPriority
                0x0000000008004550       0x32 ./Middlewares/Third_Party/FreeRTOS/Source/CMSIS_RTOS/cmsis_os.o
 .text.osKernelStart
                0x0000000008004582       0x10 ./Middlewares/Third_Party/FreeRTOS/Source/CMSIS_RTOS/cmsis_os.o
                0x0000000008004582                osKernelStart
 .text.osThreadCreate
                0x0000000008004592       0x9a ./Middlewares/Third_Party/FreeRTOS/Source/CMSIS_RTOS/cmsis_os.o
                0x0000000008004592                osThreadCreate
 .text.vListInitialise
                0x000000000800462c       0x3c ./Middlewares/Third_Party/FreeRTOS/Source/list.o
                0x000000000800462c                vListInitialise
 .text.vListInitialiseItem
                0x0000000008004668       0x16 ./Middlewares/Third_Party/FreeRTOS/Source/list.o
                0x0000000008004668                vListInitialiseItem
 .text.vListInsertEnd
                0x000000000800467e       0x44 ./Middlewares/Third_Party/FreeRTOS/Source/list.o
                0x000000000800467e                vListInsertEnd
 .text.vListInsert
                0x00000000080046c2       0x6c ./Middlewares/Third_Party/FreeRTOS/Source/list.o
                0x00000000080046c2                vListInsert
 .text.uxListRemove
                0x000000000800472e       0x50 ./Middlewares/Third_Party/FreeRTOS/Source/list.o
                0x000000000800472e                uxListRemove
 .text.xQueueGenericReset
                0x000000000800477e       0xa8 ./Middlewares/Third_Party/FreeRTOS/Source/queue.o
                0x000000000800477e                xQueueGenericReset
 .text.xQueueGenericCreateStatic
                0x0000000008004826       0x96 ./Middlewares/Third_Party/FreeRTOS/Source/queue.o
                0x0000000008004826                xQueueGenericCreateStatic
 .text.xQueueGenericCreate
                0x00000000080048bc       0x6c ./Middlewares/Third_Party/FreeRTOS/Source/queue.o
                0x00000000080048bc                xQueueGenericCreate
 .text.prvInitialiseNewQueue
                0x0000000008004928       0x44 ./Middlewares/Third_Party/FreeRTOS/Source/queue.o
 .text.xQueueGenericSend
                0x000000000800496c      0x188 ./Middlewares/Third_Party/FreeRTOS/Source/queue.o
                0x000000000800496c                xQueueGenericSend
 .text.xQueueGenericSendFromISR
                0x0000000008004af4       0xe2 ./Middlewares/Third_Party/FreeRTOS/Source/queue.o
                0x0000000008004af4                xQueueGenericSendFromISR
 .text.xQueueReceive
                0x0000000008004bd6      0x16a ./Middlewares/Third_Party/FreeRTOS/Source/queue.o
                0x0000000008004bd6                xQueueReceive
 .text.xQueueReceiveFromISR
                0x0000000008004d40       0xc6 ./Middlewares/Third_Party/FreeRTOS/Source/queue.o
                0x0000000008004d40                xQueueReceiveFromISR
 .text.uxQueueMessagesWaiting
                0x0000000008004e06       0x2a ./Middlewares/Third_Party/FreeRTOS/Source/queue.o
                0x0000000008004e06                uxQueueMessagesWaiting
 .text.prvCopyDataToQueue
                0x0000000008004e30       0xd6 ./Middlewares/Third_Party/FreeRTOS/Source/queue.o
 .text.prvCopyDataFromQueue
                0x0000000008004f06       0x4c ./Middlewares/Third_Party/FreeRTOS/Source/queue.o
 .text.prvUnlockQueue
                0x0000000008004f52       0xbc ./Middlewares/Third_Party/FreeRTOS/Source/queue.o
 .text.prvIsQueueEmpty
                0x000000000800500e       0x2c ./Middlewares/Third_Party/FreeRTOS/Source/queue.o
 .text.prvIsQueueFull
                0x000000000800503a       0x30 ./Middlewares/Third_Party/FreeRTOS/Source/queue.o
 .text.xQueueIsQueueFullFromISR
                0x000000000800506a       0x32 ./Middlewares/Third_Party/FreeRTOS/Source/queue.o
                0x000000000800506a                xQueueIsQueueFullFromISR
 .text.vQueueAddToRegistry
                0x000000000800509c       0x50 ./Middlewares/Third_Party/FreeRTOS/Source/queue.o
                0x000000000800509c                vQueueAddToRegistry
 .text.vQueueWaitForMessageRestricted
                0x00000000080050ec       0x66 ./Middlewares/Third_Party/FreeRTOS/Source/queue.o
                0x00000000080050ec                vQueueWaitForMessageRestricted
 .text.xTaskCreateStatic
                0x0000000008005152       0x86 ./Middlewares/Third_Party/FreeRTOS/Source/tasks.o
                0x0000000008005152                xTaskCreateStatic
 .text.xTaskCreate
                0x00000000080051d8       0x98 ./Middlewares/Third_Party/FreeRTOS/Source/tasks.o
                0x00000000080051d8                xTaskCreate
 .text.prvInitialiseNewTask
                0x0000000008005270       0xf4 ./Middlewares/Third_Party/FreeRTOS/Source/tasks.o
 .text.prvAddNewTaskToReadyList
                0x0000000008005364       0xc8 ./Middlewares/Third_Party/FreeRTOS/Source/tasks.o
 .text.vTaskDelay
                0x000000000800542c       0x4c ./Middlewares/Third_Party/FreeRTOS/Source/tasks.o
                0x000000000800542c                vTaskDelay
 .text.vTaskStartScheduler
                0x0000000008005478       0xa8 ./Middlewares/Third_Party/FreeRTOS/Source/tasks.o
                0x0000000008005478                vTaskStartScheduler
 .text.vTaskSuspendAll
                0x0000000008005520       0x18 ./Middlewares/Third_Party/FreeRTOS/Source/tasks.o
                0x0000000008005520                vTaskSuspendAll
 .text.xTaskResumeAll
                0x0000000008005538      0x118 ./Middlewares/Third_Party/FreeRTOS/Source/tasks.o
                0x0000000008005538                xTaskResumeAll
 .text.xTaskGetTickCount
                0x0000000008005650       0x1c ./Middlewares/Third_Party/FreeRTOS/Source/tasks.o
                0x0000000008005650                xTaskGetTickCount
 .text.xTaskIncrementTick
                0x000000000800566c      0x168 ./Middlewares/Third_Party/FreeRTOS/Source/tasks.o
                0x000000000800566c                xTaskIncrementTick
 .text.vTaskSwitchContext
                0x00000000080057d4       0xa4 ./Middlewares/Third_Party/FreeRTOS/Source/tasks.o
                0x00000000080057d4                vTaskSwitchContext
 .text.vTaskPlaceOnEventList
                0x0000000008005878       0x3c ./Middlewares/Third_Party/FreeRTOS/Source/tasks.o
                0x0000000008005878                vTaskPlaceOnEventList
 .text.vTaskPlaceOnEventListRestricted
                0x00000000080058b4       0x4c ./Middlewares/Third_Party/FreeRTOS/Source/tasks.o
                0x00000000080058b4                vTaskPlaceOnEventListRestricted
 .text.xTaskRemoveFromEventList
                0x0000000008005900       0xb8 ./Middlewares/Third_Party/FreeRTOS/Source/tasks.o
                0x0000000008005900                xTaskRemoveFromEventList
 .text.vTaskInternalSetTimeOutState
                0x00000000080059b8       0x28 ./Middlewares/Third_Party/FreeRTOS/Source/tasks.o
                0x00000000080059b8                vTaskInternalSetTimeOutState
 .text.xTaskCheckForTimeOut
                0x00000000080059e0       0xa0 ./Middlewares/Third_Party/FreeRTOS/Source/tasks.o
                0x00000000080059e0                xTaskCheckForTimeOut
 .text.vTaskMissedYield
                0x0000000008005a80       0x14 ./Middlewares/Third_Party/FreeRTOS/Source/tasks.o
                0x0000000008005a80                vTaskMissedYield
 .text.prvIdleTask
                0x0000000008005a94       0x20 ./Middlewares/Third_Party/FreeRTOS/Source/tasks.o
 .text.prvInitialiseTaskLists
                0x0000000008005ab4       0x88 ./Middlewares/Third_Party/FreeRTOS/Source/tasks.o
 .text.prvCheckTasksWaitingTermination
                0x0000000008005b3c       0x5c ./Middlewares/Third_Party/FreeRTOS/Source/tasks.o
 .text.prvDeleteTCB
                0x0000000008005b98       0x50 ./Middlewares/Third_Party/FreeRTOS/Source/tasks.o
 .text.prvResetNextTaskUnblockTime
                0x0000000008005be8       0x48 ./Middlewares/Third_Party/FreeRTOS/Source/tasks.o
 .text.xTaskGetSchedulerState
                0x0000000008005c30       0x38 ./Middlewares/Third_Party/FreeRTOS/Source/tasks.o
                0x0000000008005c30                xTaskGetSchedulerState
 .text.xTaskPriorityDisinherit
                0x0000000008005c68       0xb8 ./Middlewares/Third_Party/FreeRTOS/Source/tasks.o
                0x0000000008005c68                xTaskPriorityDisinherit
 .text.xTaskNotifyWait
                0x0000000008005d20       0xa8 ./Middlewares/Third_Party/FreeRTOS/Source/tasks.o
                0x0000000008005d20                xTaskNotifyWait
 .text.xTaskGenericNotify
                0x0000000008005dc8      0x118 ./Middlewares/Third_Party/FreeRTOS/Source/tasks.o
                0x0000000008005dc8                xTaskGenericNotify
 .text.xTaskGenericNotifyFromISR
                0x0000000008005ee0      0x154 ./Middlewares/Third_Party/FreeRTOS/Source/tasks.o
                0x0000000008005ee0                xTaskGenericNotifyFromISR
 .text.prvAddCurrentTaskToDelayedList
                0x0000000008006034       0xa8 ./Middlewares/Third_Party/FreeRTOS/Source/tasks.o
 .text.xTimerCreateTimerTask
                0x00000000080060dc       0x7c ./Middlewares/Third_Party/FreeRTOS/Source/timers.o
                0x00000000080060dc                xTimerCreateTimerTask
 .text.xTimerGenericCommand
                0x0000000008006158       0x94 ./Middlewares/Third_Party/FreeRTOS/Source/timers.o
                0x0000000008006158                xTimerGenericCommand
 .text.prvProcessExpiredTimer
                0x00000000080061ec       0x70 ./Middlewares/Third_Party/FreeRTOS/Source/timers.o
 .text.prvTimerTask
                0x000000000800625c       0x28 ./Middlewares/Third_Party/FreeRTOS/Source/timers.o
 .text.prvProcessTimerOrBlockTask
                0x0000000008006284       0x8c ./Middlewares/Third_Party/FreeRTOS/Source/timers.o
 .text.prvGetNextExpireTime
                0x0000000008006310       0x40 ./Middlewares/Third_Party/FreeRTOS/Source/timers.o
 .text.prvSampleTimeNow
                0x0000000008006350       0x40 ./Middlewares/Third_Party/FreeRTOS/Source/timers.o
 .text.prvInsertTimerInActiveList
                0x0000000008006390       0x84 ./Middlewares/Third_Party/FreeRTOS/Source/timers.o
 .text.prvProcessReceivedCommands
                0x0000000008006414      0x104 ./Middlewares/Third_Party/FreeRTOS/Source/timers.o
 .text.prvSwitchTimerLists
                0x0000000008006518       0xb4 ./Middlewares/Third_Party/FreeRTOS/Source/timers.o
 .text.prvCheckForValidListAndQueue
                0x00000000080065cc       0x84 ./Middlewares/Third_Party/FreeRTOS/Source/timers.o
 .text.xTimerIsTimerActive
                0x0000000008006650       0x34 ./Middlewares/Third_Party/FreeRTOS/Source/timers.o
                0x0000000008006650                xTimerIsTimerActive
 .text.pxPortInitialiseStack
                0x0000000008006684       0x54 ./Middlewares/Third_Party/FreeRTOS/Source/portable/GCC/ARM_CM0/port.o
                0x0000000008006684                pxPortInitialiseStack
 .text.prvTaskExitError
                0x00000000080066d8       0x30 ./Middlewares/Third_Party/FreeRTOS/Source/portable/GCC/ARM_CM0/port.o
 .text.SVC_Handler
                0x0000000008006708        0xa ./Middlewares/Third_Party/FreeRTOS/Source/portable/GCC/ARM_CM0/port.o
                0x0000000008006708                SVC_Handler
 *fill*         0x0000000008006712        0xe 
 .text.vPortStartFirstTask
                0x0000000008006720       0x38 ./Middlewares/Third_Party/FreeRTOS/Source/portable/GCC/ARM_CM0/port.o
 .text.xPortStartScheduler
                0x0000000008006758       0x48 ./Middlewares/Third_Party/FreeRTOS/Source/portable/GCC/ARM_CM0/port.o
                0x0000000008006758                xPortStartScheduler
 .text.vPortYield
                0x00000000080067a0       0x20 ./Middlewares/Third_Party/FreeRTOS/Source/portable/GCC/ARM_CM0/port.o
                0x00000000080067a0                vPortYield
 .text.vPortEnterCritical
                0x00000000080067c0       0x24 ./Middlewares/Third_Party/FreeRTOS/Source/portable/GCC/ARM_CM0/port.o
                0x00000000080067c0                vPortEnterCritical
 .text.vPortExitCritical
                0x00000000080067e4       0x30 ./Middlewares/Third_Party/FreeRTOS/Source/portable/GCC/ARM_CM0/port.o
                0x00000000080067e4                vPortExitCritical
 .text.ulSetInterruptMaskFromISR
                0x0000000008006814        0xc ./Middlewares/Third_Party/FreeRTOS/Source/portable/GCC/ARM_CM0/port.o
                0x0000000008006814                ulSetInterruptMaskFromISR
 .text.vClearInterruptMaskFromISR
                0x0000000008006820        0x8 ./Middlewares/Third_Party/FreeRTOS/Source/portable/GCC/ARM_CM0/port.o
                0x0000000008006820                vClearInterruptMaskFromISR
 *fill*         0x0000000008006828        0x8 
 .text.PendSV_Handler
                0x0000000008006830       0x48 ./Middlewares/Third_Party/FreeRTOS/Source/portable/GCC/ARM_CM0/port.o
                0x0000000008006830                PendSV_Handler
 .text.SysTick_Handler
                0x0000000008006878       0x34 ./Middlewares/Third_Party/FreeRTOS/Source/portable/GCC/ARM_CM0/port.o
                0x0000000008006878                SysTick_Handler
 .text.prvSetupTimerInterrupt
                0x00000000080068ac       0x44 ./Middlewares/Third_Party/FreeRTOS/Source/portable/GCC/ARM_CM0/port.o
 .text.pvPortMalloc
                0x00000000080068f0      0x14c ./Middlewares/Third_Party/FreeRTOS/Source/portable/MemMang/heap_4.o
                0x00000000080068f0                pvPortMalloc
 .text.vPortFree
                0x0000000008006a3c       0x90 ./Middlewares/Third_Party/FreeRTOS/Source/portable/MemMang/heap_4.o
                0x0000000008006a3c                vPortFree
 .text.prvHeapInit
                0x0000000008006acc       0xc0 ./Middlewares/Third_Party/FreeRTOS/Source/portable/MemMang/heap_4.o
 .text.prvInsertBlockIntoFreeList
                0x0000000008006b8c       0xb0 ./Middlewares/Third_Party/FreeRTOS/Source/portable/MemMang/heap_4.o
 .text.__errno  0x0000000008006c3c        0xc c:/st/stm32cubeide_1.9.0/stm32cubeide/plugins/com.st.stm32cube.ide.mcu.externaltools.gnu-tools-for-stm32.10.3-2021.10.win32_1.0.0.202111181127/tools/bin/../lib/gcc/arm-none-eabi/10.3.1/../../../../arm-none-eabi/lib/thumb/v6-m/nofp\libc_nano.a(lib_a-errno.o)
                0x0000000008006c3c                __errno
 .text.__libc_init_array
                0x0000000008006c48       0x48 c:/st/stm32cubeide_1.9.0/stm32cubeide/plugins/com.st.stm32cube.ide.mcu.externaltools.gnu-tools-for-stm32.10.3-2021.10.win32_1.0.0.202111181127/tools/bin/../lib/gcc/arm-none-eabi/10.3.1/../../../../arm-none-eabi/lib/thumb/v6-m/nofp\libc_nano.a(lib_a-init.o)
                0x0000000008006c48                __libc_init_array
 .text.memcpy   0x0000000008006c90       0x12 c:/st/stm32cubeide_1.9.0/stm32cubeide/plugins/com.st.stm32cube.ide.mcu.externaltools.gnu-tools-for-stm32.10.3-2021.10.win32_1.0.0.202111181127/tools/bin/../lib/gcc/arm-none-eabi/10.3.1/../../../../arm-none-eabi/lib/thumb/v6-m/nofp\libc_nano.a(lib_a-memcpy-stub.o)
                0x0000000008006c90                memcpy
 .text.memset   0x0000000008006ca2       0x10 c:/st/stm32cubeide_1.9.0/stm32cubeide/plugins/com.st.stm32cube.ide.mcu.externaltools.gnu-tools-for-stm32.10.3-2021.10.win32_1.0.0.202111181127/tools/bin/../lib/gcc/arm-none-eabi/10.3.1/../../../../arm-none-eabi/lib/thumb/v6-m/nofp\libc_nano.a(lib_a-memset.o)
                0x0000000008006ca2                memset
 *fill*         0x0000000008006cb2        0x2 
 .text.sprintf  0x0000000008006cb4       0x40 c:/st/stm32cubeide_1.9.0/stm32cubeide/plugins/com.st.stm32cube.ide.mcu.externaltools.gnu-tools-for-stm32.10.3-2021.10.win32_1.0.0.202111181127/tools/bin/../lib/gcc/arm-none-eabi/10.3.1/../../../../arm-none-eabi/lib/thumb/v6-m/nofp\libc_nano.a(lib_a-sprintf.o)
                0x0000000008006cb4                siprintf
                0x0000000008006cb4                sprintf
 .text.__ssputs_r
                0x0000000008006cf4       0xc4 c:/st/stm32cubeide_1.9.0/stm32cubeide/plugins/com.st.stm32cube.ide.mcu.externaltools.gnu-tools-for-stm32.10.3-2021.10.win32_1.0.0.202111181127/tools/bin/../lib/gcc/arm-none-eabi/10.3.1/../../../../arm-none-eabi/lib/thumb/v6-m/nofp\libc_nano.a(lib_a-nano-svfprintf.o)
                0x0000000008006cf4                __ssputs_r
 .text._svfprintf_r
                0x0000000008006db8      0x200 c:/st/stm32cubeide_1.9.0/stm32cubeide/plugins/com.st.stm32cube.ide.mcu.externaltools.gnu-tools-for-stm32.10.3-2021.10.win32_1.0.0.202111181127/tools/bin/../lib/gcc/arm-none-eabi/10.3.1/../../../../arm-none-eabi/lib/thumb/v6-m/nofp\libc_nano.a(lib_a-nano-svfprintf.o)
                0x0000000008006db8                _svfiprintf_r
                0x0000000008006db8                _svfprintf_r
 .text._printf_common
                0x0000000008006fb8       0xde c:/st/stm32cubeide_1.9.0/stm32cubeide/plugins/com.st.stm32cube.ide.mcu.externaltools.gnu-tools-for-stm32.10.3-2021.10.win32_1.0.0.202111181127/tools/bin/../lib/gcc/arm-none-eabi/10.3.1/../../../../arm-none-eabi/lib/thumb/v6-m/nofp\libc_nano.a(lib_a-nano-vfprintf_i.o)
                0x0000000008006fb8                _printf_common
 *fill*         0x0000000008007096        0x2 
 .text._printf_i
                0x0000000008007098      0x224 c:/st/stm32cubeide_1.9.0/stm32cubeide/plugins/com.st.stm32cube.ide.mcu.externaltools.gnu-tools-for-stm32.10.3-2021.10.win32_1.0.0.202111181127/tools/bin/../lib/gcc/arm-none-eabi/10.3.1/../../../../arm-none-eabi/lib/thumb/v6-m/nofp\libc_nano.a(lib_a-nano-vfprintf_i.o)
                0x0000000008007098                _printf_i
 .text.memchr   0x00000000080072bc       0x16 c:/st/stm32cubeide_1.9.0/stm32cubeide/plugins/com.st.stm32cube.ide.mcu.externaltools.gnu-tools-for-stm32.10.3-2021.10.win32_1.0.0.202111181127/tools/bin/../lib/gcc/arm-none-eabi/10.3.1/../../../../arm-none-eabi/lib/thumb/v6-m/nofp\libc_nano.a(lib_a-memchr-stub.o)
                0x00000000080072bc                memchr
 .text.memmove  0x00000000080072d2       0x26 c:/st/stm32cubeide_1.9.0/stm32cubeide/plugins/com.st.stm32cube.ide.mcu.externaltools.gnu-tools-for-stm32.10.3-2021.10.win32_1.0.0.202111181127/tools/bin/../lib/gcc/arm-none-eabi/10.3.1/../../../../arm-none-eabi/lib/thumb/v6-m/nofp\libc_nano.a(lib_a-memmove.o)
                0x00000000080072d2                memmove
 .text._free_r  0x00000000080072f8       0x94 c:/st/stm32cubeide_1.9.0/stm32cubeide/plugins/com.st.stm32cube.ide.mcu.externaltools.gnu-tools-for-stm32.10.3-2021.10.win32_1.0.0.202111181127/tools/bin/../lib/gcc/arm-none-eabi/10.3.1/../../../../arm-none-eabi/lib/thumb/v6-m/nofp\libc_nano.a(lib_a-nano-freer.o)
                0x00000000080072f8                _free_r
 .text.sbrk_aligned
                0x000000000800738c       0x44 c:/st/stm32cubeide_1.9.0/stm32cubeide/plugins/com.st.stm32cube.ide.mcu.externaltools.gnu-tools-for-stm32.10.3-2021.10.win32_1.0.0.202111181127/tools/bin/../lib/gcc/arm-none-eabi/10.3.1/../../../../arm-none-eabi/lib/thumb/v6-m/nofp\libc_nano.a(lib_a-nano-mallocr.o)
 .text._malloc_r
                0x00000000080073d0       0xec c:/st/stm32cubeide_1.9.0/stm32cubeide/plugins/com.st.stm32cube.ide.mcu.externaltools.gnu-tools-for-stm32.10.3-2021.10.win32_1.0.0.202111181127/tools/bin/../lib/gcc/arm-none-eabi/10.3.1/../../../../arm-none-eabi/lib/thumb/v6-m/nofp\libc_nano.a(lib_a-nano-mallocr.o)
                0x00000000080073d0                _malloc_r
 .text._realloc_r
                0x00000000080074bc       0x5e c:/st/stm32cubeide_1.9.0/stm32cubeide/plugins/com.st.stm32cube.ide.mcu.externaltools.gnu-tools-for-stm32.10.3-2021.10.win32_1.0.0.202111181127/tools/bin/../lib/gcc/arm-none-eabi/10.3.1/../../../../arm-none-eabi/lib/thumb/v6-m/nofp\libc_nano.a(lib_a-nano-reallocr.o)
                0x00000000080074bc                _realloc_r
 *fill*         0x000000000800751a        0x2 
 .text._sbrk_r  0x000000000800751c       0x24 c:/st/stm32cubeide_1.9.0/stm32cubeide/plugins/com.st.stm32cube.ide.mcu.externaltools.gnu-tools-for-stm32.10.3-2021.10.win32_1.0.0.202111181127/tools/bin/../lib/gcc/arm-none-eabi/10.3.1/../../../../arm-none-eabi/lib/thumb/v6-m/nofp\libc_nano.a(lib_a-sbrkr.o)
                0x000000000800751c                _sbrk_r
 .text.__malloc_lock
                0x0000000008007540       0x10 c:/st/stm32cubeide_1.9.0/stm32cubeide/plugins/com.st.stm32cube.ide.mcu.externaltools.gnu-tools-for-stm32.10.3-2021.10.win32_1.0.0.202111181127/tools/bin/../lib/gcc/arm-none-eabi/10.3.1/../../../../arm-none-eabi/lib/thumb/v6-m/nofp\libc_nano.a(lib_a-mlock.o)
                0x0000000008007540                __malloc_lock
 .text.__malloc_unlock
                0x0000000008007550       0x10 c:/st/stm32cubeide_1.9.0/stm32cubeide/plugins/com.st.stm32cube.ide.mcu.externaltools.gnu-tools-for-stm32.10.3-2021.10.win32_1.0.0.202111181127/tools/bin/../lib/gcc/arm-none-eabi/10.3.1/../../../../arm-none-eabi/lib/thumb/v6-m/nofp\libc_nano.a(lib_a-mlock.o)
                0x0000000008007550                __malloc_unlock
 .text._malloc_usable_size_r
                0x0000000008007560       0x10 c:/st/stm32cubeide_1.9.0/stm32cubeide/plugins/com.st.stm32cube.ide.mcu.externaltools.gnu-tools-for-stm32.10.3-2021.10.win32_1.0.0.202111181127/tools/bin/../lib/gcc/arm-none-eabi/10.3.1/../../../../arm-none-eabi/lib/thumb/v6-m/nofp\libc_nano.a(lib_a-nano-msizer.o)
                0x0000000008007560                _malloc_usable_size_r
 .text.__retarget_lock_acquire_recursive
                0x0000000008007570        0x2 c:/st/stm32cubeide_1.9.0/stm32cubeide/plugins/com.st.stm32cube.ide.mcu.externaltools.gnu-tools-for-stm32.10.3-2021.10.win32_1.0.0.202111181127/tools/bin/../lib/gcc/arm-none-eabi/10.3.1/../../../../arm-none-eabi/lib/thumb/v6-m/nofp\libc_nano.a(lib_a-lock.o)
                0x0000000008007570                __retarget_lock_acquire_recursive
 .text.__retarget_lock_release_recursive
                0x0000000008007572        0x2 c:/st/stm32cubeide_1.9.0/stm32cubeide/plugins/com.st.stm32cube.ide.mcu.externaltools.gnu-tools-for-stm32.10.3-2021.10.win32_1.0.0.202111181127/tools/bin/../lib/gcc/arm-none-eabi/10.3.1/../../../../arm-none-eabi/lib/thumb/v6-m/nofp\libc_nano.a(lib_a-lock.o)
                0x0000000008007572                __retarget_lock_release_recursive
 *(.glue_7)
 .glue_7        0x0000000008007574        0x0 linker stubs
 *(.glue_7t)
 .glue_7t       0x0000000008007574        0x0 linker stubs
 *(.eh_frame)
 .eh_frame      0x0000000008007574        0x0 c:/st/stm32cubeide_1.9.0/stm32cubeide/plugins/com.st.stm32cube.ide.mcu.externaltools.gnu-tools-for-stm32.10.3-2021.10.win32_1.0.0.202111181127/tools/bin/../lib/gcc/arm-none-eabi/10.3.1/thumb/v6-m/nofp/crtbegin.o
 *(.init)
 .init          0x0000000008007574        0x4 c:/st/stm32cubeide_1.9.0/stm32cubeide/plugins/com.st.stm32cube.ide.mcu.externaltools.gnu-tools-for-stm32.10.3-2021.10.win32_1.0.0.202111181127/tools/bin/../lib/gcc/arm-none-eabi/10.3.1/thumb/v6-m/nofp/crti.o
                0x0000000008007574                _init
 .init          0x0000000008007578        0x8 c:/st/stm32cubeide_1.9.0/stm32cubeide/plugins/com.st.stm32cube.ide.mcu.externaltools.gnu-tools-for-stm32.10.3-2021.10.win32_1.0.0.202111181127/tools/bin/../lib/gcc/arm-none-eabi/10.3.1/thumb/v6-m/nofp/crtn.o
 *(.fini)
 .fini          0x0000000008007580        0x4 c:/st/stm32cubeide_1.9.0/stm32cubeide/plugins/com.st.stm32cube.ide.mcu.externaltools.gnu-tools-for-stm32.10.3-2021.10.win32_1.0.0.202111181127/tools/bin/../lib/gcc/arm-none-eabi/10.3.1/thumb/v6-m/nofp/crti.o
                0x0000000008007580                _fini
 .fini          0x0000000008007584        0x8 c:/st/stm32cubeide_1.9.0/stm32cubeide/plugins/com.st.stm32cube.ide.mcu.externaltools.gnu-tools-for-stm32.10.3-2021.10.win32_1.0.0.202111181127/tools/bin/../lib/gcc/arm-none-eabi/10.3.1/thumb/v6-m/nofp/crtn.o
                0x000000000800758c                . = ALIGN (0x4)
                0x000000000800758c                _etext = .

.vfp11_veneer   0x000000000800758c        0x0
 .vfp11_veneer  0x000000000800758c        0x0 linker stubs

.v4_bx          0x000000000800758c        0x0
 .v4_bx         0x000000000800758c        0x0 linker stubs

.iplt           0x000000000800758c        0x0
 .iplt          0x000000000800758c        0x0 c:/st/stm32cubeide_1.9.0/stm32cubeide/plugins/com.st.stm32cube.ide.mcu.externaltools.gnu-tools-for-stm32.10.3-2021.10.win32_1.0.0.202111181127/tools/bin/../lib/gcc/arm-none-eabi/10.3.1/thumb/v6-m/nofp/crtbegin.o

.rodata         0x000000000800758c      0x4cc
                0x000000000800758c                . = ALIGN (0x4)
 *(.rodata)
 .rodata        0x000000000800758c      0x125 ./Core/Src/main.o
 *fill*         0x00000000080076b1        0x3 
 .rodata        0x00000000080076b4       0x45 ./Core/Src/rtc.o
 *fill*         0x00000000080076f9        0x3 
 .rodata        0x00000000080076fc      0x287 ./Core/Src/task.o
 *fill*         0x0000000008007983        0x1 
 .rodata        0x0000000008007984        0x5 ./Middlewares/Third_Party/FreeRTOS/Source/tasks.o
 *fill*         0x0000000008007989        0x3 
 .rodata        0x000000000800798c        0xd ./Middlewares/Third_Party/FreeRTOS/Source/timers.o
 *(.rodata*)
 *fill*         0x0000000008007999        0x3 
 .rodata.AHBPrescTable
                0x000000000800799c       0x10 ./Core/Src/system_stm32f0xx.o
                0x000000000800799c                AHBPrescTable
 .rodata.APBPrescTable
                0x00000000080079ac        0x8 ./Core/Src/system_stm32f0xx.o
                0x00000000080079ac                APBPrescTable
 .rodata.aPLLMULFactorTable.1
                0x00000000080079b4       0x10 ./Drivers/STM32F0xx_HAL_Driver/Src/stm32f0xx_hal_rcc.o
 .rodata.aPredivFactorTable.0
                0x00000000080079c4       0x10 ./Drivers/STM32F0xx_HAL_Driver/Src/stm32f0xx_hal_rcc.o
 .rodata.xTaskGenericNotify
                0x00000000080079d4       0x14 ./Middlewares/Third_Party/FreeRTOS/Source/tasks.o
 .rodata.xTaskGenericNotifyFromISR
                0x00000000080079e8       0x14 ./Middlewares/Third_Party/FreeRTOS/Source/tasks.o
 .rodata.prvProcessReceivedCommands
                0x00000000080079fc       0x28 ./Middlewares/Third_Party/FreeRTOS/Source/timers.o
 .rodata._svfprintf_r.str1.1
                0x0000000008007a24       0x11 c:/st/stm32cubeide_1.9.0/stm32cubeide/plugins/com.st.stm32cube.ide.mcu.externaltools.gnu-tools-for-stm32.10.3-2021.10.win32_1.0.0.202111181127/tools/bin/../lib/gcc/arm-none-eabi/10.3.1/../../../../arm-none-eabi/lib/thumb/v6-m/nofp\libc_nano.a(lib_a-nano-svfprintf.o)
 .rodata._printf_i.str1.1
                0x0000000008007a35       0x22 c:/st/stm32cubeide_1.9.0/stm32cubeide/plugins/com.st.stm32cube.ide.mcu.externaltools.gnu-tools-for-stm32.10.3-2021.10.win32_1.0.0.202111181127/tools/bin/../lib/gcc/arm-none-eabi/10.3.1/../../../../arm-none-eabi/lib/thumb/v6-m/nofp\libc_nano.a(lib_a-nano-vfprintf_i.o)
                0x0000000008007a58                . = ALIGN (0x4)
 *fill*         0x0000000008007a57        0x1 

.rel.dyn        0x0000000008007a58        0x0
 .rel.iplt      0x0000000008007a58        0x0 c:/st/stm32cubeide_1.9.0/stm32cubeide/plugins/com.st.stm32cube.ide.mcu.externaltools.gnu-tools-for-stm32.10.3-2021.10.win32_1.0.0.202111181127/tools/bin/../lib/gcc/arm-none-eabi/10.3.1/thumb/v6-m/nofp/crtbegin.o

.ARM.extab      0x0000000008007a58        0x0
                0x0000000008007a58                . = ALIGN (0x4)
 *(.ARM.extab* .gnu.linkonce.armextab.*)
                0x0000000008007a58                . = ALIGN (0x4)

.ARM            0x0000000008007a58        0x0
                0x0000000008007a58                . = ALIGN (0x4)
                0x0000000008007a58                __exidx_start = .
 *(.ARM.exidx*)
                0x0000000008007a58                __exidx_end = .
                0x0000000008007a58                . = ALIGN (0x4)

.preinit_array  0x0000000008007a58        0x0
                0x0000000008007a58                . = ALIGN (0x4)
                0x0000000008007a58                PROVIDE (__preinit_array_start = .)
 *(.preinit_array*)
                0x0000000008007a58                PROVIDE (__preinit_array_end = .)
                0x0000000008007a58                . = ALIGN (0x4)

.init_array     0x0000000008007a58        0x4
                0x0000000008007a58                . = ALIGN (0x4)
                0x0000000008007a58                PROVIDE (__init_array_start = .)
 *(SORT_BY_NAME(.init_array.*))
 *(.init_array*)
 .init_array    0x0000000008007a58        0x4 c:/st/stm32cubeide_1.9.0/stm32cubeide/plugins/com.st.stm32cube.ide.mcu.externaltools.gnu-tools-for-stm32.10.3-2021.10.win32_1.0.0.202111181127/tools/bin/../lib/gcc/arm-none-eabi/10.3.1/thumb/v6-m/nofp/crtbegin.o
                0x0000000008007a5c                PROVIDE (__init_array_end = .)
                0x0000000008007a5c                . = ALIGN (0x4)

.fini_array     0x0000000008007a5c        0x4
                0x0000000008007a5c                . = ALIGN (0x4)
                [!provide]                        PROVIDE (__fini_array_start = .)
 *(SORT_BY_NAME(.fini_array.*))
 *(.fini_array*)
 .fini_array    0x0000000008007a5c        0x4 c:/st/stm32cubeide_1.9.0/stm32cubeide/plugins/com.st.stm32cube.ide.mcu.externaltools.gnu-tools-for-stm32.10.3-2021.10.win32_1.0.0.202111181127/tools/bin/../lib/gcc/arm-none-eabi/10.3.1/thumb/v6-m/nofp/crtbegin.o
                [!provide]                        PROVIDE (__fini_array_end = .)
                0x0000000008007a60                . = ALIGN (0x4)
                0x0000000008007a60                _sidata = LOADADDR (.data)

.data           0x0000000020000000       0x80 load address 0x0000000008007a60
                0x0000000020000000                . = ALIGN (0x4)
                0x0000000020000000                _sdata = .
 *(.data)
 *(.data*)
 .data.msg_inv  0x0000000020000000        0x4 ./Core/Src/main.o
 .data.time.2   0x0000000020000004        0x4 ./Core/Src/rtc.o
 .data.date.0   0x0000000020000008        0x4 ./Core/Src/rtc.o
 .data.SystemCoreClock
                0x000000002000000c        0x4 ./Core/Src/system_stm32f0xx.o
                0x000000002000000c                SystemCoreClock
 .data.msg_inv  0x0000000020000010        0x4 ./Core/Src/task.o
                0x0000000020000010                msg_inv
 .data.uwTickFreq
                0x0000000020000014        0x1 ./Drivers/STM32F0xx_HAL_Driver/Src/stm32f0xx_hal.o
                0x0000000020000014                uwTickFreq
 *fill*         0x0000000020000015        0x3 
 .data.uxCriticalNesting
                0x0000000020000018        0x4 ./Middlewares/Third_Party/FreeRTOS/Source/portable/GCC/ARM_CM0/port.o
 .data._impure_ptr
                0x000000002000001c        0x4 c:/st/stm32cubeide_1.9.0/stm32cubeide/plugins/com.st.stm32cube.ide.mcu.externaltools.gnu-tools-for-stm32.10.3-2021.10.win32_1.0.0.202111181127/tools/bin/../lib/gcc/arm-none-eabi/10.3.1/../../../../arm-none-eabi/lib/thumb/v6-m/nofp\libc_nano.a(lib_a-impure.o)
                0x000000002000001c                _impure_ptr
 .data.impure_data
                0x0000000020000020       0x60 c:/st/stm32cubeide_1.9.0/stm32cubeide/plugins/com.st.stm32cube.ide.mcu.externaltools.gnu-tools-for-stm32.10.3-2021.10.win32_1.0.0.202111181127/tools/bin/../lib/gcc/arm-none-eabi/10.3.1/../../../../arm-none-eabi/lib/thumb/v6-m/nofp\libc_nano.a(lib_a-impure.o)
 *(.RamFunc)
 *(.RamFunc*)
                0x0000000020000080                . = ALIGN (0x4)
                0x0000000020000080                _edata = .

.igot.plt       0x0000000020000080        0x0 load address 0x0000000008007ae0
 .igot.plt      0x0000000020000080        0x0 c:/st/stm32cubeide_1.9.0/stm32cubeide/plugins/com.st.stm32cube.ide.mcu.externaltools.gnu-tools-for-stm32.10.3-2021.10.win32_1.0.0.202111181127/tools/bin/../lib/gcc/arm-none-eabi/10.3.1/thumb/v6-m/nofp/crtbegin.o
                0x0000000020000080                . = ALIGN (0x4)

.bss            0x0000000020000080     0x16c4 load address 0x0000000008007ae0
                0x0000000020000080                _sbss = .
                0x0000000020000080                __bss_start__ = _sbss
 *(.bss)
 .bss           0x0000000020000080       0x1c c:/st/stm32cubeide_1.9.0/stm32cubeide/plugins/com.st.stm32cube.ide.mcu.externaltools.gnu-tools-for-stm32.10.3-2021.10.win32_1.0.0.202111181127/tools/bin/../lib/gcc/arm-none-eabi/10.3.1/thumb/v6-m/nofp/crtbegin.o
 *(.bss*)
 .bss.xIdleTaskTCBBuffer
                0x000000002000009c       0x54 ./Core/Src/freertos.o
 .bss.xIdleStack
                0x00000000200000f0      0x200 ./Core/Src/freertos.o
 .bss.xTimerTaskTCBBuffer
                0x00000000200002f0       0x54 ./Core/Src/freertos.o
 .bss.xTimerStack
                0x0000000020000344      0x400 ./Core/Src/freertos.o
 .bss.hrtc      0x0000000020000744       0x20 ./Core/Src/main.o
                0x0000000020000744                hrtc
 .bss.huart2    0x0000000020000764       0x88 ./Core/Src/main.o
                0x0000000020000764                huart2
 .bss.defaultTaskHandle
                0x00000000200007ec        0x4 ./Core/Src/main.o
                0x00000000200007ec                defaultTaskHandle
 .bss.handle_cmd_task
                0x00000000200007f0        0x4 ./Core/Src/main.o
                0x00000000200007f0                handle_cmd_task
 .bss.handle_print_task
                0x00000000200007f4        0x4 ./Core/Src/main.o
                0x00000000200007f4                handle_print_task
 .bss.handle_led_task
                0x00000000200007f8        0x4 ./Core/Src/main.o
                0x00000000200007f8                handle_led_task
 .bss.handle_rtc_task
                0x00000000200007fc        0x4 ./Core/Src/main.o
                0x00000000200007fc                handle_rtc_task
 .bss.q_data    0x0000000020000800        0x4 ./Core/Src/main.o
                0x0000000020000800                q_data
 .bss.q_print   0x0000000020000804        0x4 ./Core/Src/main.o
                0x0000000020000804                q_print
 .bss.user_data
                0x0000000020000808        0x1 ./Core/Src/main.o
                0x0000000020000808                user_data
 .bss.curr_state
                0x0000000020000809        0x1 ./Core/Src/main.o
                0x0000000020000809                curr_state
 *fill*         0x000000002000080a        0x2 
 .bss.rtc_timer
                0x000000002000080c        0x4 ./Core/Src/main.o
                0x000000002000080c                rtc_timer
 .bss.showtime.3
                0x0000000020000810       0x28 ./Core/Src/rtc.o
 .bss.showdate.1
                0x0000000020000838       0x28 ./Core/Src/rtc.o
 .bss.htim6     0x0000000020000860       0x48 ./Core/Src/stm32f0xx_hal_timebase_tim.o
                0x0000000020000860                htim6
 .bss.__sbrk_heap_end
                0x00000000200008a8        0x4 ./Core/Src/sysmem.o
 .bss.rtc_state.0
                0x00000000200008ac        0x4 ./Core/Src/task.o
 .bss.uwTick    0x00000000200008b0        0x4 ./Drivers/STM32F0xx_HAL_Driver/Src/stm32f0xx_hal.o
                0x00000000200008b0                uwTick
 .bss.xQueueRegistry
                0x00000000200008b4       0x40 ./Middlewares/Third_Party/FreeRTOS/Source/queue.o
                0x00000000200008b4                xQueueRegistry
 .bss.pxCurrentTCB
                0x00000000200008f4        0x4 ./Middlewares/Third_Party/FreeRTOS/Source/tasks.o
                0x00000000200008f4                pxCurrentTCB
 .bss.pxReadyTasksLists
                0x00000000200008f8       0x8c ./Middlewares/Third_Party/FreeRTOS/Source/tasks.o
 .bss.xDelayedTaskList1
                0x0000000020000984       0x14 ./Middlewares/Third_Party/FreeRTOS/Source/tasks.o
 .bss.xDelayedTaskList2
                0x0000000020000998       0x14 ./Middlewares/Third_Party/FreeRTOS/Source/tasks.o
 .bss.pxDelayedTaskList
                0x00000000200009ac        0x4 ./Middlewares/Third_Party/FreeRTOS/Source/tasks.o
 .bss.pxOverflowDelayedTaskList
                0x00000000200009b0        0x4 ./Middlewares/Third_Party/FreeRTOS/Source/tasks.o
 .bss.xPendingReadyList
                0x00000000200009b4       0x14 ./Middlewares/Third_Party/FreeRTOS/Source/tasks.o
 .bss.xTasksWaitingTermination
                0x00000000200009c8       0x14 ./Middlewares/Third_Party/FreeRTOS/Source/tasks.o
 .bss.uxDeletedTasksWaitingCleanUp
                0x00000000200009dc        0x4 ./Middlewares/Third_Party/FreeRTOS/Source/tasks.o
 .bss.xSuspendedTaskList
                0x00000000200009e0       0x14 ./Middlewares/Third_Party/FreeRTOS/Source/tasks.o
 .bss.uxCurrentNumberOfTasks
                0x00000000200009f4        0x4 ./Middlewares/Third_Party/FreeRTOS/Source/tasks.o
 .bss.xTickCount
                0x00000000200009f8        0x4 ./Middlewares/Third_Party/FreeRTOS/Source/tasks.o
 .bss.uxTopReadyPriority
                0x00000000200009fc        0x4 ./Middlewares/Third_Party/FreeRTOS/Source/tasks.o
 .bss.xSchedulerRunning
                0x0000000020000a00        0x4 ./Middlewares/Third_Party/FreeRTOS/Source/tasks.o
 .bss.uxPendedTicks
                0x0000000020000a04        0x4 ./Middlewares/Third_Party/FreeRTOS/Source/tasks.o
 .bss.xYieldPending
                0x0000000020000a08        0x4 ./Middlewares/Third_Party/FreeRTOS/Source/tasks.o
 .bss.xNumOfOverflows
                0x0000000020000a0c        0x4 ./Middlewares/Third_Party/FreeRTOS/Source/tasks.o
 .bss.uxTaskNumber
                0x0000000020000a10        0x4 ./Middlewares/Third_Party/FreeRTOS/Source/tasks.o
 .bss.xNextTaskUnblockTime
                0x0000000020000a14        0x4 ./Middlewares/Third_Party/FreeRTOS/Source/tasks.o
 .bss.xIdleTaskHandle
                0x0000000020000a18        0x4 ./Middlewares/Third_Party/FreeRTOS/Source/tasks.o
 .bss.uxSchedulerSuspended
                0x0000000020000a1c        0x4 ./Middlewares/Third_Party/FreeRTOS/Source/tasks.o
 .bss.xActiveTimerList1
                0x0000000020000a20       0x14 ./Middlewares/Third_Party/FreeRTOS/Source/timers.o
 .bss.xActiveTimerList2
                0x0000000020000a34       0x14 ./Middlewares/Third_Party/FreeRTOS/Source/timers.o
 .bss.pxCurrentTimerList
                0x0000000020000a48        0x4 ./Middlewares/Third_Party/FreeRTOS/Source/timers.o
 .bss.pxOverflowTimerList
                0x0000000020000a4c        0x4 ./Middlewares/Third_Party/FreeRTOS/Source/timers.o
 .bss.xTimerQueue
                0x0000000020000a50        0x4 ./Middlewares/Third_Party/FreeRTOS/Source/timers.o
 .bss.xTimerTaskHandle
                0x0000000020000a54        0x4 ./Middlewares/Third_Party/FreeRTOS/Source/timers.o
 .bss.xLastTime.2
                0x0000000020000a58        0x4 ./Middlewares/Third_Party/FreeRTOS/Source/timers.o
 .bss.ucStaticTimerQueueStorage.1
                0x0000000020000a5c       0x78 ./Middlewares/Third_Party/FreeRTOS/Source/timers.o
 .bss.xStaticTimerQueue.0
                0x0000000020000ad4       0x48 ./Middlewares/Third_Party/FreeRTOS/Source/timers.o
 .bss.ucHeap    0x0000000020000b1c      0xc00 ./Middlewares/Third_Party/FreeRTOS/Source/portable/MemMang/heap_4.o
 .bss.xStart    0x000000002000171c        0x8 ./Middlewares/Third_Party/FreeRTOS/Source/portable/MemMang/heap_4.o
 .bss.pxEnd     0x0000000020001724        0x4 ./Middlewares/Third_Party/FreeRTOS/Source/portable/MemMang/heap_4.o
 .bss.xFreeBytesRemaining
                0x0000000020001728        0x4 ./Middlewares/Third_Party/FreeRTOS/Source/portable/MemMang/heap_4.o
 .bss.xMinimumEverFreeBytesRemaining
                0x000000002000172c        0x4 ./Middlewares/Third_Party/FreeRTOS/Source/portable/MemMang/heap_4.o
 .bss.xBlockAllocatedBit
                0x0000000020001730        0x4 ./Middlewares/Third_Party/FreeRTOS/Source/portable/MemMang/heap_4.o
 .bss.__malloc_free_list
                0x0000000020001734        0x4 c:/st/stm32cubeide_1.9.0/stm32cubeide/plugins/com.st.stm32cube.ide.mcu.externaltools.gnu-tools-for-stm32.10.3-2021.10.win32_1.0.0.202111181127/tools/bin/../lib/gcc/arm-none-eabi/10.3.1/../../../../arm-none-eabi/lib/thumb/v6-m/nofp\libc_nano.a(lib_a-nano-mallocr.o)
                0x0000000020001734                __malloc_free_list
 .bss.__malloc_sbrk_start
                0x0000000020001738        0x4 c:/st/stm32cubeide_1.9.0/stm32cubeide/plugins/com.st.stm32cube.ide.mcu.externaltools.gnu-tools-for-stm32.10.3-2021.10.win32_1.0.0.202111181127/tools/bin/../lib/gcc/arm-none-eabi/10.3.1/../../../../arm-none-eabi/lib/thumb/v6-m/nofp\libc_nano.a(lib_a-nano-mallocr.o)
                0x0000000020001738                __malloc_sbrk_start
 .bss.errno     0x000000002000173c        0x4 c:/st/stm32cubeide_1.9.0/stm32cubeide/plugins/com.st.stm32cube.ide.mcu.externaltools.gnu-tools-for-stm32.10.3-2021.10.win32_1.0.0.202111181127/tools/bin/../lib/gcc/arm-none-eabi/10.3.1/../../../../arm-none-eabi/lib/thumb/v6-m/nofp\libc_nano.a(lib_a-reent.o)
                0x000000002000173c                errno
 .bss.__lock___malloc_recursive_mutex
                0x0000000020001740        0x1 c:/st/stm32cubeide_1.9.0/stm32cubeide/plugins/com.st.stm32cube.ide.mcu.externaltools.gnu-tools-for-stm32.10.3-2021.10.win32_1.0.0.202111181127/tools/bin/../lib/gcc/arm-none-eabi/10.3.1/../../../../arm-none-eabi/lib/thumb/v6-m/nofp\libc_nano.a(lib_a-lock.o)
                0x0000000020001740                __lock___malloc_recursive_mutex
 *(COMMON)
                0x0000000020001744                . = ALIGN (0x4)
 *fill*         0x0000000020001741        0x3 
                0x0000000020001744                _ebss = .
                0x0000000020001744                __bss_end__ = _ebss

._user_heap_stack
                0x0000000020001744      0x604 load address 0x0000000008007ae0
                0x0000000020001748                . = ALIGN (0x8)
 *fill*         0x0000000020001744        0x4 
                [!provide]                        PROVIDE (end = .)
                0x0000000020001748                PROVIDE (_end = .)
                0x0000000020001948                . = (. + _Min_Heap_Size)
 *fill*         0x0000000020001748      0x200 
                0x0000000020001d48                . = (. + _Min_Stack_Size)
 *fill*         0x0000000020001948      0x400 
                0x0000000020001d48                . = ALIGN (0x8)

/DISCARD/
 libc.a(*)
 libm.a(*)
 libgcc.a(*)

.ARM.attributes
                0x0000000000000000       0x28
 *(.ARM.attributes)
 .ARM.attributes
                0x0000000000000000       0x1e c:/st/stm32cubeide_1.9.0/stm32cubeide/plugins/com.st.stm32cube.ide.mcu.externaltools.gnu-tools-for-stm32.10.3-2021.10.win32_1.0.0.202111181127/tools/bin/../lib/gcc/arm-none-eabi/10.3.1/thumb/v6-m/nofp/crti.o
 .ARM.attributes
                0x000000000000001e       0x2c c:/st/stm32cubeide_1.9.0/stm32cubeide/plugins/com.st.stm32cube.ide.mcu.externaltools.gnu-tools-for-stm32.10.3-2021.10.win32_1.0.0.202111181127/tools/bin/../lib/gcc/arm-none-eabi/10.3.1/thumb/v6-m/nofp/crtbegin.o
 .ARM.attributes
                0x000000000000004a       0x2c ./Core/Src/freertos.o
 .ARM.attributes
                0x0000000000000076       0x2c ./Core/Src/led.o
 .ARM.attributes
                0x00000000000000a2       0x2c ./Core/Src/main.o
 .ARM.attributes
                0x00000000000000ce       0x2c ./Core/Src/rtc.o
 .ARM.attributes
                0x00000000000000fa       0x2c ./Core/Src/stm32f0xx_hal_msp.o
 .ARM.attributes
                0x0000000000000126       0x2c ./Core/Src/stm32f0xx_hal_timebase_tim.o
 .ARM.attributes
                0x0000000000000152       0x2c ./Core/Src/stm32f0xx_it.o
 .ARM.attributes
                0x000000000000017e       0x2c ./Core/Src/sysmem.o
 .ARM.attributes
                0x00000000000001aa       0x2c ./Core/Src/system_stm32f0xx.o
 .ARM.attributes
                0x00000000000001d6       0x2c ./Core/Src/task.o
 .ARM.attributes
                0x0000000000000202       0x21 ./Core/Startup/startup_stm32f070rbtx.o
 .ARM.attributes
                0x0000000000000223       0x2c ./Drivers/STM32F0xx_HAL_Driver/Src/stm32f0xx_hal.o
 .ARM.attributes
                0x000000000000024f       0x2c ./Drivers/STM32F0xx_HAL_Driver/Src/stm32f0xx_hal_cortex.o
 .ARM.attributes
                0x000000000000027b       0x2c ./Drivers/STM32F0xx_HAL_Driver/Src/stm32f0xx_hal_dma.o
 .ARM.attributes
                0x00000000000002a7       0x2c ./Drivers/STM32F0xx_HAL_Driver/Src/stm32f0xx_hal_gpio.o
 .ARM.attributes
                0x00000000000002d3       0x2c ./Drivers/STM32F0xx_HAL_Driver/Src/stm32f0xx_hal_rcc.o
 .ARM.attributes
                0x00000000000002ff       0x2c ./Drivers/STM32F0xx_HAL_Driver/Src/stm32f0xx_hal_rcc_ex.o
 .ARM.attributes
                0x000000000000032b       0x2c ./Drivers/STM32F0xx_HAL_Driver/Src/stm32f0xx_hal_rtc.o
 .ARM.attributes
                0x0000000000000357       0x2c ./Drivers/STM32F0xx_HAL_Driver/Src/stm32f0xx_hal_tim.o
 .ARM.attributes
                0x0000000000000383       0x2c ./Drivers/STM32F0xx_HAL_Driver/Src/stm32f0xx_hal_tim_ex.o
 .ARM.attributes
                0x00000000000003af       0x2c ./Drivers/STM32F0xx_HAL_Driver/Src/stm32f0xx_hal_uart.o
 .ARM.attributes
                0x00000000000003db       0x2c ./Middlewares/Third_Party/FreeRTOS/Source/CMSIS_RTOS/cmsis_os.o
 .ARM.attributes
                0x0000000000000407       0x2c ./Middlewares/Third_Party/FreeRTOS/Source/list.o
 .ARM.attributes
                0x0000000000000433       0x2c ./Middlewares/Third_Party/FreeRTOS/Source/queue.o
 .ARM.attributes
                0x000000000000045f       0x2c ./Middlewares/Third_Party/FreeRTOS/Source/tasks.o
 .ARM.attributes
                0x000000000000048b       0x2c ./Middlewares/Third_Party/FreeRTOS/Source/timers.o
 .ARM.attributes
                0x00000000000004b7       0x2c ./Middlewares/Third_Party/FreeRTOS/Source/portable/GCC/ARM_CM0/port.o
 .ARM.attributes
                0x00000000000004e3       0x2c ./Middlewares/Third_Party/FreeRTOS/Source/portable/MemMang/heap_4.o
 .ARM.attributes
                0x000000000000050f       0x2c c:/st/stm32cubeide_1.9.0/stm32cubeide/plugins/com.st.stm32cube.ide.mcu.externaltools.gnu-tools-for-stm32.10.3-2021.10.win32_1.0.0.202111181127/tools/bin/../lib/gcc/arm-none-eabi/10.3.1/../../../../arm-none-eabi/lib/thumb/v6-m/nofp\libc_nano.a(lib_a-errno.o)
 .ARM.attributes
                0x000000000000053b       0x2c c:/st/stm32cubeide_1.9.0/stm32cubeide/plugins/com.st.stm32cube.ide.mcu.externaltools.gnu-tools-for-stm32.10.3-2021.10.win32_1.0.0.202111181127/tools/bin/../lib/gcc/arm-none-eabi/10.3.1/../../../../arm-none-eabi/lib/thumb/v6-m/nofp\libc_nano.a(lib_a-impure.o)
 .ARM.attributes
                0x0000000000000567       0x2c c:/st/stm32cubeide_1.9.0/stm32cubeide/plugins/com.st.stm32cube.ide.mcu.externaltools.gnu-tools-for-stm32.10.3-2021.10.win32_1.0.0.202111181127/tools/bin/../lib/gcc/arm-none-eabi/10.3.1/../../../../arm-none-eabi/lib/thumb/v6-m/nofp\libc_nano.a(lib_a-init.o)
 .ARM.attributes
                0x0000000000000593       0x2c c:/st/stm32cubeide_1.9.0/stm32cubeide/plugins/com.st.stm32cube.ide.mcu.externaltools.gnu-tools-for-stm32.10.3-2021.10.win32_1.0.0.202111181127/tools/bin/../lib/gcc/arm-none-eabi/10.3.1/../../../../arm-none-eabi/lib/thumb/v6-m/nofp\libc_nano.a(lib_a-memcpy-stub.o)
 .ARM.attributes
                0x00000000000005bf       0x2c c:/st/stm32cubeide_1.9.0/stm32cubeide/plugins/com.st.stm32cube.ide.mcu.externaltools.gnu-tools-for-stm32.10.3-2021.10.win32_1.0.0.202111181127/tools/bin/../lib/gcc/arm-none-eabi/10.3.1/../../../../arm-none-eabi/lib/thumb/v6-m/nofp\libc_nano.a(lib_a-memset.o)
 .ARM.attributes
                0x00000000000005eb       0x2c c:/st/stm32cubeide_1.9.0/stm32cubeide/plugins/com.st.stm32cube.ide.mcu.externaltools.gnu-tools-for-stm32.10.3-2021.10.win32_1.0.0.202111181127/tools/bin/../lib/gcc/arm-none-eabi/10.3.1/../../../../arm-none-eabi/lib/thumb/v6-m/nofp\libc_nano.a(lib_a-sprintf.o)
 .ARM.attributes
                0x0000000000000617       0x1c c:/st/stm32cubeide_1.9.0/stm32cubeide/plugins/com.st.stm32cube.ide.mcu.externaltools.gnu-tools-for-stm32.10.3-2021.10.win32_1.0.0.202111181127/tools/bin/../lib/gcc/arm-none-eabi/10.3.1/../../../../arm-none-eabi/lib/thumb/v6-m/nofp\libc_nano.a(lib_a-strcmp.o)
 .ARM.attributes
                0x0000000000000633       0x1c c:/st/stm32cubeide_1.9.0/stm32cubeide/plugins/com.st.stm32cube.ide.mcu.externaltools.gnu-tools-for-stm32.10.3-2021.10.win32_1.0.0.202111181127/tools/bin/../lib/gcc/arm-none-eabi/10.3.1/../../../../arm-none-eabi/lib/thumb/v6-m/nofp\libc_nano.a(lib_a-strlen.o)
 .ARM.attributes
                0x000000000000064f       0x2c c:/st/stm32cubeide_1.9.0/stm32cubeide/plugins/com.st.stm32cube.ide.mcu.externaltools.gnu-tools-for-stm32.10.3-2021.10.win32_1.0.0.202111181127/tools/bin/../lib/gcc/arm-none-eabi/10.3.1/../../../../arm-none-eabi/lib/thumb/v6-m/nofp\libc_nano.a(lib_a-nano-svfprintf.o)
 .ARM.attributes
                0x000000000000067b       0x2c c:/st/stm32cubeide_1.9.0/stm32cubeide/plugins/com.st.stm32cube.ide.mcu.externaltools.gnu-tools-for-stm32.10.3-2021.10.win32_1.0.0.202111181127/tools/bin/../lib/gcc/arm-none-eabi/10.3.1/../../../../arm-none-eabi/lib/thumb/v6-m/nofp\libc_nano.a(lib_a-nano-vfprintf_i.o)
 .ARM.attributes
                0x00000000000006a7       0x2c c:/st/stm32cubeide_1.9.0/stm32cubeide/plugins/com.st.stm32cube.ide.mcu.externaltools.gnu-tools-for-stm32.10.3-2021.10.win32_1.0.0.202111181127/tools/bin/../lib/gcc/arm-none-eabi/10.3.1/../../../../arm-none-eabi/lib/thumb/v6-m/nofp\libc_nano.a(lib_a-memchr-stub.o)
 .ARM.attributes
                0x00000000000006d3       0x2c c:/st/stm32cubeide_1.9.0/stm32cubeide/plugins/com.st.stm32cube.ide.mcu.externaltools.gnu-tools-for-stm32.10.3-2021.10.win32_1.0.0.202111181127/tools/bin/../lib/gcc/arm-none-eabi/10.3.1/../../../../arm-none-eabi/lib/thumb/v6-m/nofp\libc_nano.a(lib_a-memmove.o)
 .ARM.attributes
                0x00000000000006ff       0x2c c:/st/stm32cubeide_1.9.0/stm32cubeide/plugins/com.st.stm32cube.ide.mcu.externaltools.gnu-tools-for-stm32.10.3-2021.10.win32_1.0.0.202111181127/tools/bin/../lib/gcc/arm-none-eabi/10.3.1/../../../../arm-none-eabi/lib/thumb/v6-m/nofp\libc_nano.a(lib_a-nano-freer.o)
 .ARM.attributes
                0x000000000000072b       0x2c c:/st/stm32cubeide_1.9.0/stm32cubeide/plugins/com.st.stm32cube.ide.mcu.externaltools.gnu-tools-for-stm32.10.3-2021.10.win32_1.0.0.202111181127/tools/bin/../lib/gcc/arm-none-eabi/10.3.1/../../../../arm-none-eabi/lib/thumb/v6-m/nofp\libc_nano.a(lib_a-nano-mallocr.o)
 .ARM.attributes
                0x0000000000000757       0x2c c:/st/stm32cubeide_1.9.0/stm32cubeide/plugins/com.st.stm32cube.ide.mcu.externaltools.gnu-tools-for-stm32.10.3-2021.10.win32_1.0.0.202111181127/tools/bin/../lib/gcc/arm-none-eabi/10.3.1/../../../../arm-none-eabi/lib/thumb/v6-m/nofp\libc_nano.a(lib_a-nano-reallocr.o)
 .ARM.attributes
                0x0000000000000783       0x2c c:/st/stm32cubeide_1.9.0/stm32cubeide/plugins/com.st.stm32cube.ide.mcu.externaltools.gnu-tools-for-stm32.10.3-2021.10.win32_1.0.0.202111181127/tools/bin/../lib/gcc/arm-none-eabi/10.3.1/../../../../arm-none-eabi/lib/thumb/v6-m/nofp\libc_nano.a(lib_a-sbrkr.o)
 .ARM.attributes
                0x00000000000007af       0x2c c:/st/stm32cubeide_1.9.0/stm32cubeide/plugins/com.st.stm32cube.ide.mcu.externaltools.gnu-tools-for-stm32.10.3-2021.10.win32_1.0.0.202111181127/tools/bin/../lib/gcc/arm-none-eabi/10.3.1/../../../../arm-none-eabi/lib/thumb/v6-m/nofp\libc_nano.a(lib_a-mlock.o)
 .ARM.attributes
                0x00000000000007db       0x2c c:/st/stm32cubeide_1.9.0/stm32cubeide/plugins/com.st.stm32cube.ide.mcu.externaltools.gnu-tools-for-stm32.10.3-2021.10.win32_1.0.0.202111181127/tools/bin/../lib/gcc/arm-none-eabi/10.3.1/../../../../arm-none-eabi/lib/thumb/v6-m/nofp\libc_nano.a(lib_a-nano-msizer.o)
 .ARM.attributes
                0x0000000000000807       0x2c c:/st/stm32cubeide_1.9.0/stm32cubeide/plugins/com.st.stm32cube.ide.mcu.externaltools.gnu-tools-for-stm32.10.3-2021.10.win32_1.0.0.202111181127/tools/bin/../lib/gcc/arm-none-eabi/10.3.1/../../../../arm-none-eabi/lib/thumb/v6-m/nofp\libc_nano.a(lib_a-reent.o)
 .ARM.attributes
                0x0000000000000833       0x2c c:/st/stm32cubeide_1.9.0/stm32cubeide/plugins/com.st.stm32cube.ide.mcu.externaltools.gnu-tools-for-stm32.10.3-2021.10.win32_1.0.0.202111181127/tools/bin/../lib/gcc/arm-none-eabi/10.3.1/../../../../arm-none-eabi/lib/thumb/v6-m/nofp\libc_nano.a(lib_a-lock.o)
 .ARM.attributes
                0x000000000000085f       0x1e c:/st/stm32cubeide_1.9.0/stm32cubeide/plugins/com.st.stm32cube.ide.mcu.externaltools.gnu-tools-for-stm32.10.3-2021.10.win32_1.0.0.202111181127/tools/bin/../lib/gcc/arm-none-eabi/10.3.1/thumb/v6-m/nofp\libgcc.a(_thumb1_case_shi.o)
 .ARM.attributes
                0x000000000000087d       0x1e c:/st/stm32cubeide_1.9.0/stm32cubeide/plugins/com.st.stm32cube.ide.mcu.externaltools.gnu-tools-for-stm32.10.3-2021.10.win32_1.0.0.202111181127/tools/bin/../lib/gcc/arm-none-eabi/10.3.1/thumb/v6-m/nofp\libgcc.a(_udivsi3.o)
 .ARM.attributes
                0x000000000000089b       0x1e c:/st/stm32cubeide_1.9.0/stm32cubeide/plugins/com.st.stm32cube.ide.mcu.externaltools.gnu-tools-for-stm32.10.3-2021.10.win32_1.0.0.202111181127/tools/bin/../lib/gcc/arm-none-eabi/10.3.1/thumb/v6-m/nofp\libgcc.a(_dvmd_tls.o)
 .ARM.attributes
                0x00000000000008b9       0x1e c:/st/stm32cubeide_1.9.0/stm32cubeide/plugins/com.st.stm32cube.ide.mcu.externaltools.gnu-tools-for-stm32.10.3-2021.10.win32_1.0.0.202111181127/tools/bin/../lib/gcc/arm-none-eabi/10.3.1/thumb/v6-m/nofp/crtn.o
OUTPUT(led_blink_rtc_freertos.elf elf32-littlearm)
LOAD linker stubs
LOAD c:/st/stm32cubeide_1.9.0/stm32cubeide/plugins/com.st.stm32cube.ide.mcu.externaltools.gnu-tools-for-stm32.10.3-2021.10.win32_1.0.0.202111181127/tools/bin/../lib/gcc/arm-none-eabi/10.3.1/../../../../arm-none-eabi/lib/thumb/v6-m/nofp\libc.a
LOAD c:/st/stm32cubeide_1.9.0/stm32cubeide/plugins/com.st.stm32cube.ide.mcu.externaltools.gnu-tools-for-stm32.10.3-2021.10.win32_1.0.0.202111181127/tools/bin/../lib/gcc/arm-none-eabi/10.3.1/../../../../arm-none-eabi/lib/thumb/v6-m/nofp\libm.a
LOAD c:/st/stm32cubeide_1.9.0/stm32cubeide/plugins/com.st.stm32cube.ide.mcu.externaltools.gnu-tools-for-stm32.10.3-2021.10.win32_1.0.0.202111181127/tools/bin/../lib/gcc/arm-none-eabi/10.3.1/thumb/v6-m/nofp\libgcc.a

.debug_info     0x0000000000000000    0x169bf
 .debug_info    0x0000000000000000      0x308 ./Core/Src/freertos.o
 .debug_info    0x0000000000000308      0x218 ./Core/Src/led.o
 .debug_info    0x0000000000000520     0x1998 ./Core/Src/main.o
 .debug_info    0x0000000000001eb8      0x654 ./Core/Src/rtc.o
 .debug_info    0x000000000000250c      0xcd0 ./Core/Src/stm32f0xx_hal_msp.o
 .debug_info    0x00000000000031dc      0x983 ./Core/Src/stm32f0xx_hal_timebase_tim.o
 .debug_info    0x0000000000003b5f      0xa35 ./Core/Src/stm32f0xx_it.o
 .debug_info    0x0000000000004594      0x171 ./Core/Src/sysmem.o
 .debug_info    0x0000000000004705      0x269 ./Core/Src/system_stm32f0xx.o
 .debug_info    0x000000000000496e      0xecb ./Core/Src/task.o
 .debug_info    0x0000000000005839       0x22 ./Core/Startup/startup_stm32f070rbtx.o
 .debug_info    0x000000000000585b      0x6cd ./Drivers/STM32F0xx_HAL_Driver/Src/stm32f0xx_hal.o
 .debug_info    0x0000000000005f28      0x70b ./Drivers/STM32F0xx_HAL_Driver/Src/stm32f0xx_hal_cortex.o
 .debug_info    0x0000000000006633      0x752 ./Drivers/STM32F0xx_HAL_Driver/Src/stm32f0xx_hal_dma.o
 .debug_info    0x0000000000006d85      0x614 ./Drivers/STM32F0xx_HAL_Driver/Src/stm32f0xx_hal_gpio.o
 .debug_info    0x0000000000007399      0x88c ./Drivers/STM32F0xx_HAL_Driver/Src/stm32f0xx_hal_rcc.o
 .debug_info    0x0000000000007c25      0x3b9 ./Drivers/STM32F0xx_HAL_Driver/Src/stm32f0xx_hal_rcc_ex.o
 .debug_info    0x0000000000007fde      0xbaa ./Drivers/STM32F0xx_HAL_Driver/Src/stm32f0xx_hal_rtc.o
 .debug_info    0x0000000000008b88     0x2ba1 ./Drivers/STM32F0xx_HAL_Driver/Src/stm32f0xx_hal_tim.o
 .debug_info    0x000000000000b729     0x15bd ./Drivers/STM32F0xx_HAL_Driver/Src/stm32f0xx_hal_tim_ex.o
 .debug_info    0x000000000000cce6     0x3cbc ./Drivers/STM32F0xx_HAL_Driver/Src/stm32f0xx_hal_uart.o
 .debug_info    0x00000000000109a2     0x1c95 ./Middlewares/Third_Party/FreeRTOS/Source/CMSIS_RTOS/cmsis_os.o
 .debug_info    0x0000000000012637      0x2cb ./Middlewares/Third_Party/FreeRTOS/Source/list.o
 .debug_info    0x0000000000012902     0x130d ./Middlewares/Third_Party/FreeRTOS/Source/queue.o
 .debug_info    0x0000000000013c0f     0x1788 ./Middlewares/Third_Party/FreeRTOS/Source/tasks.o
 .debug_info    0x0000000000015397     0x1060 ./Middlewares/Third_Party/FreeRTOS/Source/timers.o
 .debug_info    0x00000000000163f7      0x29e ./Middlewares/Third_Party/FreeRTOS/Source/portable/GCC/ARM_CM0/port.o
 .debug_info    0x0000000000016695      0x32a ./Middlewares/Third_Party/FreeRTOS/Source/portable/MemMang/heap_4.o

.debug_abbrev   0x0000000000000000     0x379e
 .debug_abbrev  0x0000000000000000       0xe7 ./Core/Src/freertos.o
 .debug_abbrev  0x00000000000000e7      0x124 ./Core/Src/led.o
 .debug_abbrev  0x000000000000020b      0x329 ./Core/Src/main.o
 .debug_abbrev  0x0000000000000534      0x1a7 ./Core/Src/rtc.o
 .debug_abbrev  0x00000000000006db      0x1d5 ./Core/Src/stm32f0xx_hal_msp.o
 .debug_abbrev  0x00000000000008b0      0x1f9 ./Core/Src/stm32f0xx_hal_timebase_tim.o
 .debug_abbrev  0x0000000000000aa9      0x189 ./Core/Src/stm32f0xx_it.o
 .debug_abbrev  0x0000000000000c32       0xbb ./Core/Src/sysmem.o
 .debug_abbrev  0x0000000000000ced      0x116 ./Core/Src/system_stm32f0xx.o
 .debug_abbrev  0x0000000000000e03      0x307 ./Core/Src/task.o
 .debug_abbrev  0x000000000000110a       0x12 ./Core/Startup/startup_stm32f070rbtx.o
 .debug_abbrev  0x000000000000111c      0x23f ./Drivers/STM32F0xx_HAL_Driver/Src/stm32f0xx_hal.o
 .debug_abbrev  0x000000000000135b      0x283 ./Drivers/STM32F0xx_HAL_Driver/Src/stm32f0xx_hal_cortex.o
 .debug_abbrev  0x00000000000015de      0x1e9 ./Drivers/STM32F0xx_HAL_Driver/Src/stm32f0xx_hal_dma.o
 .debug_abbrev  0x00000000000017c7      0x1bb ./Drivers/STM32F0xx_HAL_Driver/Src/stm32f0xx_hal_gpio.o
 .debug_abbrev  0x0000000000001982      0x283 ./Drivers/STM32F0xx_HAL_Driver/Src/stm32f0xx_hal_rcc.o
 .debug_abbrev  0x0000000000001c05      0x169 ./Drivers/STM32F0xx_HAL_Driver/Src/stm32f0xx_hal_rcc_ex.o
 .debug_abbrev  0x0000000000001d6e      0x1d5 ./Drivers/STM32F0xx_HAL_Driver/Src/stm32f0xx_hal_rtc.o
 .debug_abbrev  0x0000000000001f43      0x275 ./Drivers/STM32F0xx_HAL_Driver/Src/stm32f0xx_hal_tim.o
 .debug_abbrev  0x00000000000021b8      0x27d ./Drivers/STM32F0xx_HAL_Driver/Src/stm32f0xx_hal_tim_ex.o
 .debug_abbrev  0x0000000000002435      0x2b6 ./Drivers/STM32F0xx_HAL_Driver/Src/stm32f0xx_hal_uart.o
 .debug_abbrev  0x00000000000026eb      0x327 ./Middlewares/Third_Party/FreeRTOS/Source/CMSIS_RTOS/cmsis_os.o
 .debug_abbrev  0x0000000000002a12       0xf2 ./Middlewares/Third_Party/FreeRTOS/Source/list.o
 .debug_abbrev  0x0000000000002b04      0x32f ./Middlewares/Third_Party/FreeRTOS/Source/queue.o
 .debug_abbrev  0x0000000000002e33      0x2ff ./Middlewares/Third_Party/FreeRTOS/Source/tasks.o
 .debug_abbrev  0x0000000000003132      0x2e3 ./Middlewares/Third_Party/FreeRTOS/Source/timers.o
 .debug_abbrev  0x0000000000003415      0x1ec ./Middlewares/Third_Party/FreeRTOS/Source/portable/GCC/ARM_CM0/port.o
 .debug_abbrev  0x0000000000003601      0x19d ./Middlewares/Third_Party/FreeRTOS/Source/portable/MemMang/heap_4.o

.debug_aranges  0x0000000000000000     0x1418
 .debug_aranges
                0x0000000000000000       0x28 ./Core/Src/freertos.o
 .debug_aranges
                0x0000000000000028       0x28 ./Core/Src/led.o
 .debug_aranges
                0x0000000000000050       0x60 ./Core/Src/main.o
 .debug_aranges
                0x00000000000000b0       0x38 ./Core/Src/rtc.o
 .debug_aranges
                0x00000000000000e8       0x40 ./Core/Src/stm32f0xx_hal_msp.o
 .debug_aranges
                0x0000000000000128       0x30 ./Core/Src/stm32f0xx_hal_timebase_tim.o
 .debug_aranges
                0x0000000000000158       0x38 ./Core/Src/stm32f0xx_it.o
 .debug_aranges
                0x0000000000000190       0x20 ./Core/Src/sysmem.o
 .debug_aranges
                0x00000000000001b0       0x28 ./Core/Src/system_stm32f0xx.o
 .debug_aranges
                0x00000000000001d8       0x50 ./Core/Src/task.o
 .debug_aranges
                0x0000000000000228       0x28 ./Core/Startup/startup_stm32f070rbtx.o
 .debug_aranges
                0x0000000000000250       0xd0 ./Drivers/STM32F0xx_HAL_Driver/Src/stm32f0xx_hal.o
 .debug_aranges
                0x0000000000000320       0xc0 ./Drivers/STM32F0xx_HAL_Driver/Src/stm32f0xx_hal_cortex.o
 .debug_aranges
                0x00000000000003e0       0x88 ./Drivers/STM32F0xx_HAL_Driver/Src/stm32f0xx_hal_dma.o
 .debug_aranges
                0x0000000000000468       0x58 ./Drivers/STM32F0xx_HAL_Driver/Src/stm32f0xx_hal_gpio.o
 .debug_aranges
                0x00000000000004c0       0x80 ./Drivers/STM32F0xx_HAL_Driver/Src/stm32f0xx_hal_rcc.o
 .debug_aranges
                0x0000000000000540       0x30 ./Drivers/STM32F0xx_HAL_Driver/Src/stm32f0xx_hal_rcc_ex.o
 .debug_aranges
                0x0000000000000570       0xe8 ./Drivers/STM32F0xx_HAL_Driver/Src/stm32f0xx_hal_rtc.o
 .debug_aranges
                0x0000000000000658      0x3d0 ./Drivers/STM32F0xx_HAL_Driver/Src/stm32f0xx_hal_tim.o
 .debug_aranges
                0x0000000000000a28      0x168 ./Drivers/STM32F0xx_HAL_Driver/Src/stm32f0xx_hal_tim_ex.o
 .debug_aranges
                0x0000000000000b90      0x218 ./Drivers/STM32F0xx_HAL_Driver/Src/stm32f0xx_hal_uart.o
 .debug_aranges
                0x0000000000000da8      0x1d8 ./Middlewares/Third_Party/FreeRTOS/Source/CMSIS_RTOS/cmsis_os.o
 .debug_aranges
                0x0000000000000f80       0x40 ./Middlewares/Third_Party/FreeRTOS/Source/list.o
 .debug_aranges
                0x0000000000000fc0      0x110 ./Middlewares/Third_Party/FreeRTOS/Source/queue.o
 .debug_aranges
                0x00000000000010d0      0x1b0 ./Middlewares/Third_Party/FreeRTOS/Source/tasks.o
 .debug_aranges
                0x0000000000001280       0xc0 ./Middlewares/Third_Party/FreeRTOS/Source/timers.o
 .debug_aranges
                0x0000000000001340       0x88 ./Middlewares/Third_Party/FreeRTOS/Source/portable/GCC/ARM_CM0/port.o
 .debug_aranges
                0x00000000000013c8       0x50 ./Middlewares/Third_Party/FreeRTOS/Source/portable/MemMang/heap_4.o

.debug_ranges   0x0000000000000000     0x1290
 .debug_ranges  0x0000000000000000       0x18 ./Core/Src/freertos.o
 .debug_ranges  0x0000000000000018       0x18 ./Core/Src/led.o
 .debug_ranges  0x0000000000000030       0x50 ./Core/Src/main.o
 .debug_ranges  0x0000000000000080       0x28 ./Core/Src/rtc.o
 .debug_ranges  0x00000000000000a8       0x30 ./Core/Src/stm32f0xx_hal_msp.o
 .debug_ranges  0x00000000000000d8       0x20 ./Core/Src/stm32f0xx_hal_timebase_tim.o
 .debug_ranges  0x00000000000000f8       0x28 ./Core/Src/stm32f0xx_it.o
 .debug_ranges  0x0000000000000120       0x10 ./Core/Src/sysmem.o
 .debug_ranges  0x0000000000000130       0x18 ./Core/Src/system_stm32f0xx.o
 .debug_ranges  0x0000000000000148       0x40 ./Core/Src/task.o
 .debug_ranges  0x0000000000000188       0x20 ./Core/Startup/startup_stm32f070rbtx.o
 .debug_ranges  0x00000000000001a8       0xc0 ./Drivers/STM32F0xx_HAL_Driver/Src/stm32f0xx_hal.o
 .debug_ranges  0x0000000000000268       0xb0 ./Drivers/STM32F0xx_HAL_Driver/Src/stm32f0xx_hal_cortex.o
 .debug_ranges  0x0000000000000318       0x78 ./Drivers/STM32F0xx_HAL_Driver/Src/stm32f0xx_hal_dma.o
 .debug_ranges  0x0000000000000390       0x48 ./Drivers/STM32F0xx_HAL_Driver/Src/stm32f0xx_hal_gpio.o
 .debug_ranges  0x00000000000003d8       0x70 ./Drivers/STM32F0xx_HAL_Driver/Src/stm32f0xx_hal_rcc.o
 .debug_ranges  0x0000000000000448       0x20 ./Drivers/STM32F0xx_HAL_Driver/Src/stm32f0xx_hal_rcc_ex.o
 .debug_ranges  0x0000000000000468       0xd8 ./Drivers/STM32F0xx_HAL_Driver/Src/stm32f0xx_hal_rtc.o
 .debug_ranges  0x0000000000000540      0x3c0 ./Drivers/STM32F0xx_HAL_Driver/Src/stm32f0xx_hal_tim.o
 .debug_ranges  0x0000000000000900      0x158 ./Drivers/STM32F0xx_HAL_Driver/Src/stm32f0xx_hal_tim_ex.o
 .debug_ranges  0x0000000000000a58      0x238 ./Drivers/STM32F0xx_HAL_Driver/Src/stm32f0xx_hal_uart.o
 .debug_ranges  0x0000000000000c90      0x1c8 ./Middlewares/Third_Party/FreeRTOS/Source/CMSIS_RTOS/cmsis_os.o
 .debug_ranges  0x0000000000000e58       0x30 ./Middlewares/Third_Party/FreeRTOS/Source/list.o
 .debug_ranges  0x0000000000000e88      0x100 ./Middlewares/Third_Party/FreeRTOS/Source/queue.o
 .debug_ranges  0x0000000000000f88      0x1a0 ./Middlewares/Third_Party/FreeRTOS/Source/tasks.o
 .debug_ranges  0x0000000000001128       0xb0 ./Middlewares/Third_Party/FreeRTOS/Source/timers.o
 .debug_ranges  0x00000000000011d8       0x78 ./Middlewares/Third_Party/FreeRTOS/Source/portable/GCC/ARM_CM0/port.o
 .debug_ranges  0x0000000000001250       0x40 ./Middlewares/Third_Party/FreeRTOS/Source/portable/MemMang/heap_4.o

.debug_macro    0x0000000000000000    0x1456b
 .debug_macro   0x0000000000000000      0x36b ./Core/Src/freertos.o
 .debug_macro   0x000000000000036b      0xa4e ./Core/Src/freertos.o
 .debug_macro   0x0000000000000db9      0x174 ./Core/Src/freertos.o
 .debug_macro   0x0000000000000f2d       0x22 ./Core/Src/freertos.o
 .debug_macro   0x0000000000000f4f       0x8e ./Core/Src/freertos.o
 .debug_macro   0x0000000000000fdd       0x51 ./Core/Src/freertos.o
 .debug_macro   0x000000000000102e      0x103 ./Core/Src/freertos.o
 .debug_macro   0x0000000000001131       0x6a ./Core/Src/freertos.o
 .debug_macro   0x000000000000119b      0x1df ./Core/Src/freertos.o
 .debug_macro   0x000000000000137a       0xca ./Core/Src/freertos.o
 .debug_macro   0x0000000000001444      0x15a ./Core/Src/freertos.o
 .debug_macro   0x000000000000159e       0xac ./Core/Src/freertos.o
 .debug_macro   0x000000000000164a       0x10 ./Core/Src/freertos.o
 .debug_macro   0x000000000000165a       0x1f ./Core/Src/freertos.o
 .debug_macro   0x0000000000001679      0x4be ./Core/Src/freertos.o
 .debug_macro   0x0000000000001b37       0xb5 ./Core/Src/freertos.o
 .debug_macro   0x0000000000001bec       0x8c ./Core/Src/freertos.o
 .debug_macro   0x0000000000001c78      0x139 ./Core/Src/freertos.o
 .debug_macro   0x0000000000001db1       0x2e ./Core/Src/freertos.o
 .debug_macro   0x0000000000001ddf       0x22 ./Core/Src/freertos.o
 .debug_macro   0x0000000000001e01       0x1c ./Core/Src/freertos.o
 .debug_macro   0x0000000000001e1d       0x22 ./Core/Src/freertos.o
 .debug_macro   0x0000000000001e3f       0xaf ./Core/Src/freertos.o
 .debug_macro   0x0000000000001eee      0x391 ./Core/Src/freertos.o
 .debug_macro   0x000000000000227f     0x765c ./Core/Src/freertos.o
 .debug_macro   0x00000000000098db       0x66 ./Core/Src/freertos.o
 .debug_macro   0x0000000000009941     0x34be ./Core/Src/freertos.o
 .debug_macro   0x000000000000cdff       0x55 ./Core/Src/freertos.o
 .debug_macro   0x000000000000ce54      0x924 ./Core/Src/freertos.o
 .debug_macro   0x000000000000d778      0x289 ./Core/Src/freertos.o
 .debug_macro   0x000000000000da01      0x1ae ./Core/Src/freertos.o
 .debug_macro   0x000000000000dbaf      0x130 ./Core/Src/freertos.o