Archive member included to satisfy reference by file (symbol)

c:/st/stm32cubeide_1.9.0/stm32cubeide/plugins/com.st.stm32cube.ide.mcu.externaltools.gnu-tools-for-stm32.10.3-2021.10.win32_1.0.0.202111181127/tools/bin/../lib/gcc/arm-none-eabi/10.3.1/../../../../arm-none-eabi/lib/thumb/v6-m/nofp\libc_nano.a(lib_a-errno.o)
                              ./Core/Src/syscalls.o (__errno)
c:/st/stm32cubeide_1.9.0/stm32cubeide/plugins/com.st.stm32cube.ide.mcu.externaltools.gnu-tools-for-stm32.10.3-2021.10.win32_1.0.0.202111181127/tools/bin/../lib/gcc/arm-none-eabi/10.3.1/../../../../arm-none-eabi/lib/thumb/v6-m/nofp\libc_nano.a(lib_a-exit.o)
                              c:/st/stm32cubeide_1.9.0/stm32cubeide/plugins/com.st.stm32cube.ide.mcu.externaltools.gnu-tools-for-stm32.10.3-2021.10.win32_1.0.0.202111181127/tools/bin/../lib/gcc/arm-none-eabi/10.3.1/../../../../arm-none-eabi/lib/thumb/v6-m/nofp/crt0.o (exit)
c:/st/stm32cubeide_1.9.0/stm32cubeide/plugins/com.st.stm32cube.ide.mcu.externaltools.gnu-tools-for-stm32.10.3-2021.10.win32_1.0.0.202111181127/tools/bin/../lib/gcc/arm-none-eabi/10.3.1/../../../../arm-none-eabi/lib/thumb/v6-m/nofp\libc_nano.a(lib_a-impure.o)
                              c:/st/stm32cubeide_1.9.0/stm32cubeide/plugins/com.st.stm32cube.ide.mcu.externaltools.gnu-tools-for-stm32.10.3-2021.10.win32_1.0.0.202111181127/tools/bin/../lib/gcc/arm-none-eabi/10.3.1/../../../../arm-none-eabi/lib/thumb/v6-m/nofp\libc_nano.a(lib_a-exit.o) (_global_impure_ptr)
c:/st/stm32cubeide_1.9.0/stm32cubeide/plugins/com.st.stm32cube.ide.mcu.externaltools.gnu-tools-for-stm32.10.3-2021.10.win32_1.0.0.202111181127/tools/bin/../lib/gcc/arm-none-eabi/10.3.1/../../../../arm-none-eabi/lib/thumb/v6-m/nofp\libc_nano.a(lib_a-init.o)
                              c:/st/stm32cubeide_1.9.0/stm32cubeide/plugins/com.st.stm32cube.ide.mcu.externaltools.gnu-tools-for-stm32.10.3-2021.10.win32_1.0.0.202111181127/tools/bin/../lib/gcc/arm-none-eabi/10.3.1/../../../../arm-none-eabi/lib/thumb/v6-m/nofp/crt0.o (__libc_init_array)
c:/st/stm32cubeide_1.9.0/stm32cubeide/plugins/com.st.stm32cube.ide.mcu.externaltools.gnu-tools-for-stm32.10.3-2021.10.win32_1.0.0.202111181127/tools/bin/../lib/gcc/arm-none-eabi/10.3.1/../../../../arm-none-eabi/lib/thumb/v6-m/nofp\libc_nano.a(lib_a-memcpy-stub.o)
                              ./Middlewares/Third_Party/FreeRTOS/Source/queue.o (memcpy)
c:/st/stm32cubeide_1.9.0/stm32cubeide/plugins/com.st.stm32cube.ide.mcu.externaltools.gnu-tools-for-stm32.10.3-2021.10.win32_1.0.0.202111181127/tools/bin/../lib/gcc/arm-none-eabi/10.3.1/../../../../arm-none-eabi/lib/thumb/v6-m/nofp\libc_nano.a(lib_a-memset.o)
                              c:/st/stm32cubeide_1.9.0/stm32cubeide/plugins/com.st.stm32cube.ide.mcu.externaltools.gnu-tools-for-stm32.10.3-2021.10.win32_1.0.0.202111181127/tools/bin/../lib/gcc/arm-none-eabi/10.3.1/../../../../arm-none-eabi/lib/thumb/v6-m/nofp/crt0.o (memset)
c:/st/stm32cubeide_1.9.0/stm32cubeide/plugins/com.st.stm32cube.ide.mcu.externaltools.gnu-tools-for-stm32.10.3-2021.10.win32_1.0.0.202111181127/tools/bin/../lib/gcc/arm-none-eabi/10.3.1/../../../../arm-none-eabi/lib/thumb/v6-m/nofp\libc_nano.a(lib_a-strcmp.o)
                              ./Core/Src/task.o (strcmp)
c:/st/stm32cubeide_1.9.0/stm32cubeide/plugins/com.st.stm32cube.ide.mcu.externaltools.gnu-tools-for-stm32.10.3-2021.10.win32_1.0.0.202111181127/tools/bin/../lib/gcc/arm-none-eabi/10.3.1/../../../../arm-none-eabi/lib/thumb/v6-m/nofp\libc_nano.a(lib_a-strlen.o)
                              ./Core/Src/task.o (strlen)
c:/st/stm32cubeide_1.9.0/stm32cubeide/plugins/com.st.stm32cube.ide.mcu.externaltools.gnu-tools-for-stm32.10.3-2021.10.win32_1.0.0.202111181127/tools/bin/../lib/gcc/arm-none-eabi/10.3.1/thumb/v6-m/nofp\libgcc.a(_udivsi3.o)
                              ./Core/Src/stm32f0xx_hal_timebase_tim.o (__aeabi_uidiv)
c:/st/stm32cubeide_1.9.0/stm32cubeide/plugins/com.st.stm32cube.ide.mcu.externaltools.gnu-tools-for-stm32.10.3-2021.10.win32_1.0.0.202111181127/tools/bin/../lib/gcc/arm-none-eabi/10.3.1/thumb/v6-m/nofp\libgcc.a(_dvmd_tls.o)
                              c:/st/stm32cubeide_1.9.0/stm32cubeide/plugins/com.st.stm32cube.ide.mcu.externaltools.gnu-tools-for-stm32.10.3-2021.10.win32_1.0.0.202111181127/tools/bin/../lib/gcc/arm-none-eabi/10.3.1/thumb/v6-m/nofp\libgcc.a(_udivsi3.o) (__aeabi_idiv0)

Discarded input sections

 .text          0x0000000000000000        0x0 c:/st/stm32cubeide_1.9.0/stm32cubeide/plugins/com.st.stm32cube.ide.mcu.externaltools.gnu-tools-for-stm32.10.3-2021.10.win32_1.0.0.202111181127/tools/bin/../lib/gcc/arm-none-eabi/10.3.1/thumb/v6-m/nofp/crti.o
 .data          0x0000000000000000        0x0 c:/st/stm32cubeide_1.9.0/stm32cubeide/plugins/com.st.stm32cube.ide.mcu.externaltools.gnu-tools-for-stm32.10.3-2021.10.win32_1.0.0.202111181127/tools/bin/../lib/gcc/arm-none-eabi/10.3.1/thumb/v6-m/nofp/crti.o
[...]
Memory Configuration

Name             Origin             Length             Attributes
RAM              0x0000000020000000 0x0000000000004000 xrw
FLASH            0x0000000008000000 0x0000000000020000 xr
*default*        0x0000000000000000 0xffffffffffffffff

Linker script and memory map

LOAD c:/st/stm32cubeide_1.9.0/stm32cubeide/plugins/com.st.stm32cube.ide.mcu.externaltools.gnu-tools-for-stm32.10.3-2021.10.win32_1.0.0.202111181127/tools/bin/../lib/gcc/arm-none-eabi/10.3.1/thumb/v6-m/nofp/crti.o
LOAD c:/st/stm32cubeide_1.9.0/stm32cubeide/plugins/com.st.stm32cube.ide.mcu.externaltools.gnu-tools-for-stm32.10.3-2021.10.win32_1.0.0.202111181127/tools/bin/../lib/gcc/arm-none-eabi/10.3.1/thumb/v6-m/nofp/crtbegin.o
LOAD c:/st/stm32cubeide_1.9.0/stm32cubeide/plugins/com.st.stm32cube.ide.mcu.externaltools.gnu-tools-for-stm32.10.3-2021.10.win32_1.0.0.202111181127/tools/bin/../lib/gcc/arm-none-eabi/10.3.1/../../../../arm-none-eabi/lib/thumb/v6-m/nofp/crt0.o
LOAD ./Core/Src/freertos.o
LOAD ./Core/Src/led.o
LOAD ./Core/Src/main.o
LOAD ./Core/Src/stm32f0xx_hal_msp.o
LOAD ./Core/Src/stm32f0xx_hal_timebase_tim.o
LOAD ./Core/Src/stm32f0xx_it.o
LOAD ./Core/Src/syscalls.o
LOAD ./Core/Src/sysmem.o
LOAD ./Core/Src/system_stm32f0xx.o
LOAD ./Core/Src/task.o
LOAD ./Core/Startup/startup_stm32f070rbtx.o
LOAD ./Drivers/STM32F0xx_HAL_Driver/Src/stm32f0xx_hal.o
LOAD ./Drivers/STM32F0xx_HAL_Driver/Src/stm32f0xx_hal_cortex.o
LOAD ./Drivers/STM32F0xx_HAL_Driver/Src/stm32f0xx_hal_dma.o
LOAD ./Drivers/STM32F0xx_HAL_Driver/Src/stm32f0xx_hal_exti.o
LOAD ./Drivers/STM32F0xx_HAL_Driver/Src/stm32f0xx_hal_flash.o
LOAD ./Drivers/STM32F0xx_HAL_Driver/Src/stm32f0xx_hal_flash_ex.o
LOAD ./Drivers/STM32F0xx_HAL_Driver/Src/stm32f0xx_hal_gpio.o
LOAD ./Drivers/STM32F0xx_HAL_Driver/Src/stm32f0xx_hal_i2c.o
LOAD ./Drivers/STM32F0xx_HAL_Driver/Src/stm32f0xx_hal_i2c_ex.o
LOAD ./Drivers/STM32F0xx_HAL_Driver/Src/stm32f0xx_hal_pwr.o
LOAD ./Drivers/STM32F0xx_HAL_Driver/Src/stm32f0xx_hal_pwr_ex.o
LOAD ./Drivers/STM32F0xx_HAL_Driver/Src/stm32f0xx_hal_rcc.o
LOAD ./Drivers/STM32F0xx_HAL_Driver/Src/stm32f0xx_hal_rcc_ex.o
LOAD ./Drivers/STM32F0xx_HAL_Driver/Src/stm32f0xx_hal_rtc.o
LOAD ./Drivers/STM32F0xx_HAL_Driver/Src/stm32f0xx_hal_rtc_ex.o
LOAD ./Drivers/STM32F0xx_HAL_Driver/Src/stm32f0xx_hal_tim.o
LOAD ./Drivers/STM32F0xx_HAL_Driver/Src/stm32f0xx_hal_tim_ex.o
LOAD ./Drivers/STM32F0xx_HAL_Driver/Src/stm32f0xx_hal_uart.o
LOAD ./Drivers/STM32F0xx_HAL_Driver/Src/stm32f0xx_hal_uart_ex.o
LOAD ./Middlewares/Third_Party/FreeRTOS/Source/CMSIS_RTOS/cmsis_os.o
LOAD ./Middlewares/Third_Party/FreeRTOS/Source/croutine.o
LOAD ./Middlewares/Third_Party/FreeRTOS/Source/event_groups.o
LOAD ./Middlewares/Third_Party/FreeRTOS/Source/list.o
LOAD ./Middlewares/Third_Party/FreeRTOS/Source/queue.o
LOAD ./Middlewares/Third_Party/FreeRTOS/Source/stream_buffer.o
LOAD ./Middlewares/Third_Party/FreeRTOS/Source/tasks.o
LOAD ./Middlewares/Third_Party/FreeRTOS/Source/timers.o
LOAD ./Middlewares/Third_Party/FreeRTOS/Source/portable/GCC/ARM_CM0/port.o
LOAD ./Middlewares/Third_Party/FreeRTOS/Source/portable/MemMang/heap_4.o
START GROUP
LOAD c:/st/stm32cubeide_1.9.0/stm32cubeide/plugins/com.st.stm32cube.ide.mcu.externaltools.gnu-tools-for-stm32.10.3-2021.10.win32_1.0.0.202111181127/tools/bin/../lib/gcc/arm-none-eabi/10.3.1/../../../../arm-none-eabi/lib/thumb/v6-m/nofp\libc_nano.a
LOAD c:/st/stm32cubeide_1.9.0/stm32cubeide/plugins/com.st.stm32cube.ide.mcu.externaltools.gnu-tools-for-stm32.10.3-2021.10.win32_1.0.0.202111181127/tools/bin/../lib/gcc/arm-none-eabi/10.3.1/../../../../arm-none-eabi/lib/thumb/v6-m/nofp\libm.a
END GROUP
START GROUP
LOAD c:/st/stm32cubeide_1.9.0/stm32cubeide/plugins/com.st.stm32cube.ide.mcu.externaltools.gnu-tools-for-stm32.10.3-2021.10.win32_1.0.0.202111181127/tools/bin/../lib/gcc/arm-none-eabi/10.3.1/thumb/v6-m/nofp\libgcc.a
LOAD c:/st/stm32cubeide_1.9.0/stm32cubeide/plugins/com.st.stm32cube.ide.mcu.externaltools.gnu-tools-for-stm32.10.3-2021.10.win32_1.0.0.202111181127/tools/bin/../lib/gcc/arm-none-eabi/10.3.1/../../../../arm-none-eabi/lib/thumb/v6-m/nofp\libc_nano.a
END GROUP
START GROUP
LOAD c:/st/stm32cubeide_1.9.0/stm32cubeide/plugins/com.st.stm32cube.ide.mcu.externaltools.gnu-tools-for-stm32.10.3-2021.10.win32_1.0.0.202111181127/tools/bin/../lib/gcc/arm-none-eabi/10.3.1/thumb/v6-m/nofp\libgcc.a
LOAD c:/st/stm32cubeide_1.9.0/stm32cubeide/plugins/com.st.stm32cube.ide.mcu.externaltools.gnu-tools-for-stm32.10.3-2021.10.win32_1.0.0.202111181127/tools/bin/../lib/gcc/arm-none-eabi/10.3.1/../../../../arm-none-eabi/lib/thumb/v6-m/nofp\libc_nano.a
LOAD c:/st/stm32cubeide_1.9.0/stm32cubeide/plugins/com.st.stm32cube.ide.mcu.externaltools.gnu-tools-for-stm32.10.3-2021.10.win32_1.0.0.202111181127/tools/bin/../lib/gcc/arm-none-eabi/10.3.1/../../../../arm-none-eabi/lib/thumb/v6-m/nofp\libnosys.a
END GROUP
START GROUP
LOAD c:/st/stm32cubeide_1.9.0/stm32cubeide/plugins/com.st.stm32cube.ide.mcu.externaltools.gnu-tools-for-stm32.10.3-2021.10.win32_1.0.0.202111181127/tools/bin/../lib/gcc/arm-none-eabi/10.3.1/thumb/v6-m/nofp\libgcc.a
LOAD c:/st/stm32cubeide_1.9.0/stm32cubeide/plugins/com.st.stm32cube.ide.mcu.externaltools.gnu-tools-for-stm32.10.3-2021.10.win32_1.0.0.202111181127/tools/bin/../lib/gcc/arm-none-eabi/10.3.1/../../../../arm-none-eabi/lib/thumb/v6-m/nofp\libc_nano.a
LOAD c:/st/stm32cubeide_1.9.0/stm32cubeide/plugins/com.st.stm32cube.ide.mcu.externaltools.gnu-tools-for-stm32.10.3-2021.10.win32_1.0.0.202111181127/tools/bin/../lib/gcc/arm-none-eabi/10.3.1/../../../../arm-none-eabi/lib/thumb/v6-m/nofp\libnosys.a
END GROUP
LOAD c:/st/stm32cubeide_1.9.0/stm32cubeide/plugins/com.st.stm32cube.ide.mcu.externaltools.gnu-tools-for-stm32.10.3-2021.10.win32_1.0.0.202111181127/tools/bin/../lib/gcc/arm-none-eabi/10.3.1/thumb/v6-m/nofp/crtend.o
LOAD c:/st/stm32cubeide_1.9.0/stm32cubeide/plugins/com.st.stm32cube.ide.mcu.externaltools.gnu-tools-for-stm32.10.3-2021.10.win32_1.0.0.202111181127/tools/bin/../lib/gcc/arm-none-eabi/10.3.1/thumb/v6-m/nofp/crtn.o
                0x0000000020004000                _estack = (ORIGIN (RAM) + LENGTH (RAM))
                0x0000000000000200                _Min_Heap_Size = 0x200
                0x0000000000000400                _Min_Stack_Size = 0x400

.isr_vector     0x0000000008000000       0xc0
                0x0000000008000000                . = ALIGN (0x4)
 *(.isr_vector)
 .isr_vector    0x0000000008000000       0xc0 ./Core/Startup/startup_stm32f070rbtx.o
                0x0000000008000000                g_pfnVectors
                0x00000000080000c0                . = ALIGN (0x4)

.text           0x00000000080000c0     0x6060
                0x00000000080000c0                . = ALIGN (0x4)
 *(.text)
 .text          0x00000000080000c0       0x48 c:/st/stm32cubeide_1.9.0/stm32cubeide/plugins/com.st.stm32cube.ide.mcu.externaltools.gnu-tools-for-stm32.10.3-2021.10.win32_1.0.0.202111181127/tools/bin/../lib/gcc/arm-none-eabi/10.3.1/thumb/v6-m/nofp/crtbegin.o
 .text          0x0000000008000108       0x14 c:/st/stm32cubeide_1.9.0/stm32cubeide/plugins/com.st.stm32cube.ide.mcu.externaltools.gnu-tools-for-stm32.10.3-2021.10.win32_1.0.0.202111181127/tools/bin/../lib/gcc/arm-none-eabi/10.3.1/../../../../arm-none-eabi/lib/thumb/v6-m/nofp\libc_nano.a(lib_a-strcmp.o)
                0x0000000008000108                strcmp
 .text          0x000000000800011c        0xe c:/st/stm32cubeide_1.9.0/stm32cubeide/plugins/com.st.stm32cube.ide.mcu.externaltools.gnu-tools-for-stm32.10.3-2021.10.win32_1.0.0.202111181127/tools/bin/../lib/gcc/arm-none-eabi/10.3.1/../../../../arm-none-eabi/lib/thumb/v6-m/nofp\libc_nano.a(lib_a-strlen.o)
                0x000000000800011c                strlen
 *fill*         0x000000000800012a        0x2 
 .text          0x000000000800012c      0x114 c:/st/stm32cubeide_1.9.0/stm32cubeide/plugins/com.st.stm32cube.ide.mcu.externaltools.gnu-tools-for-stm32.10.3-2021.10.win32_1.0.0.202111181127/tools/bin/../lib/gcc/arm-none-eabi/10.3.1/thumb/v6-m/nofp\libgcc.a(_udivsi3.o)
                0x000000000800012c                __aeabi_uidiv
                0x000000000800012c                __udivsi3
                0x0000000008000238                __aeabi_uidivmod
 .text          0x0000000008000240        0x4 c:/st/stm32cubeide_1.9.0/stm32cubeide/plugins/com.st.stm32cube.ide.mcu.externaltools.gnu-tools-for-stm32.10.3-2021.10.win32_1.0.0.202111181127/tools/bin/../lib/gcc/arm-none-eabi/10.3.1/thumb/v6-m/nofp\libgcc.a(_dvmd_tls.o)
                0x0000000008000240                __aeabi_idiv0
                0x0000000008000240                __aeabi_ldiv0
 *(.text*)
 .text.vApplicationGetIdleTaskMemory
                0x0000000008000244       0x30 ./Core/Src/freertos.o
                0x0000000008000244                vApplicationGetIdleTaskMemory
 .text.vApplicationGetTimerTaskMemory
                0x0000000008000274       0x30 ./Core/Src/freertos.o
                0x0000000008000274                vApplicationGetTimerTaskMemory
 .text.led_effect_stop
                0x00000000080002a4        0xa ./Core/Src/led.o
                0x00000000080002a4                led_effect_stop
 .text.led_effect
                0x00000000080002ae       0x88 ./Core/Src/led.o
                0x00000000080002ae                led_effect
 *fill*         0x0000000008000336        0x2 
 .text.main     0x0000000008000338       0xe4 ./Core/Src/main.o
                0x0000000008000338                main
 .text.SystemClock_Config
                0x000000000800041c       0xce ./Core/Src/main.o
                0x000000000800041c                SystemClock_Config
 *fill*         0x00000000080004ea        0x2 
 .text.MX_RTC_Init
                0x00000000080004ec       0x4c ./Core/Src/main.o
 .text.MX_USART2_UART_Init
                0x0000000008000538       0x60 ./Core/Src/main.o
 .text.MX_GPIO_Init
                0x0000000008000598       0xd4 ./Core/Src/main.o
 .text.HAL_UART_RxCpltCallback
                0x000000000800066c       0x90 ./Core/Src/main.o
                0x000000000800066c                HAL_UART_RxCpltCallback
 .text.menu_task
                0x00000000080006fc       0xd8 ./Core/Src/main.o
                0x00000000080006fc                menu_task
 .text.HAL_TIM_PeriodElapsedCallback
                0x00000000080007d4       0x24 ./Core/Src/main.o
                0x00000000080007d4                HAL_TIM_PeriodElapsedCallback
 .text.Error_Handler
                0x00000000080007f8        0xa ./Core/Src/main.o
                0x00000000080007f8                Error_Handler
 *fill*         0x0000000008000802        0x2 
 .text.HAL_MspInit
                0x0000000008000804       0x54 ./Core/Src/stm32f0xx_hal_msp.o
                0x0000000008000804                HAL_MspInit
 .text.HAL_RTC_MspInit
                0x0000000008000858       0x30 ./Core/Src/stm32f0xx_hal_msp.o
                0x0000000008000858                HAL_RTC_MspInit
 .text.HAL_UART_MspInit
                0x0000000008000888       0xa8 ./Core/Src/stm32f0xx_hal_msp.o
                0x0000000008000888                HAL_UART_MspInit
 .text.HAL_InitTick
                0x0000000008000930       0xb8 ./Core/Src/stm32f0xx_hal_timebase_tim.o
                0x0000000008000930                HAL_InitTick
 .text.NMI_Handler
                0x00000000080009e8        0x6 ./Core/Src/stm32f0xx_it.o
                0x00000000080009e8                NMI_Handler
 .text.HardFault_Handler
                0x00000000080009ee        0x6 ./Core/Src/stm32f0xx_it.o
                0x00000000080009ee                HardFault_Handler
 .text.TIM6_IRQHandler
                0x00000000080009f4       0x18 ./Core/Src/stm32f0xx_it.o
                0x00000000080009f4                TIM6_IRQHandler
 .text.USART2_IRQHandler
                0x0000000008000a0c       0x18 ./Core/Src/stm32f0xx_it.o
                0x0000000008000a0c                USART2_IRQHandler
 .text.SystemInit
                0x0000000008000a24        0xa ./Core/Src/system_stm32f0xx.o
                0x0000000008000a24                SystemInit
 *fill*         0x0000000008000a2e        0x2 
 .text.led_task
                0x0000000008000a30      0x120 ./Core/Src/task.o
                0x0000000008000a30                led_task
 .text.print_task
                0x0000000008000b50       0x40 ./Core/Src/task.o
                0x0000000008000b50                print_task
 .text.cmd_task
                0x0000000008000b90       0x2c ./Core/Src/task.o
                0x0000000008000b90                cmd_task
 .text.process_command
                0x0000000008000bbc       0x70 ./Core/Src/task.o
                0x0000000008000bbc                process_command
 .text.extract_command
                0x0000000008000c2c       0x8c ./Core/Src/task.o
                0x0000000008000c2c                extract_command
 .text.Reset_Handler
                0x0000000008000cb8       0x50 ./Core/Startup/startup_stm32f070rbtx.o
                0x0000000008000cb8                Reset_Handler
 .text.Default_Handler
                0x0000000008000d08        0x2 ./Core/Startup/startup_stm32f070rbtx.o
                0x0000000008000d08                TIM1_CC_IRQHandler
                0x0000000008000d08                I2C1_IRQHandler
                0x0000000008000d08                SPI1_IRQHandler
                0x0000000008000d08                USART3_4_IRQHandler
                0x0000000008000d08                EXTI2_3_IRQHandler
                0x0000000008000d08                ADC1_IRQHandler
                0x0000000008000d08                I2C2_IRQHandler
                0x0000000008000d08                TIM17_IRQHandler
                0x0000000008000d08                RTC_IRQHandler
                0x0000000008000d08                TIM16_IRQHandler
                0x0000000008000d08                TIM3_IRQHandler
                0x0000000008000d08                EXTI4_15_IRQHandler
                0x0000000008000d08                RCC_IRQHandler
                0x0000000008000d08                DMA1_Channel1_IRQHandler
                0x0000000008000d08                Default_Handler
                0x0000000008000d08                TIM14_IRQHandler
                0x0000000008000d08                DMA1_Channel4_5_IRQHandler
                0x0000000008000d08                TIM7_IRQHandler
                0x0000000008000d08                TIM15_IRQHandler
                0x0000000008000d08                EXTI0_1_IRQHandler
                0x0000000008000d08                USB_IRQHandler
                0x0000000008000d08                SPI2_IRQHandler
                0x0000000008000d08                WWDG_IRQHandler
                0x0000000008000d08                DMA1_Channel2_3_IRQHandler
                0x0000000008000d08                FLASH_IRQHandler
                0x0000000008000d08                USART1_IRQHandler
                0x0000000008000d08                TIM1_BRK_UP_TRG_COM_IRQHandler
 *fill*         0x0000000008000d0a        0x2 
 .text.HAL_Init
                0x0000000008000d0c       0x28 ./Drivers/STM32F0xx_HAL_Driver/Src/stm32f0xx_hal.o
                0x0000000008000d0c                HAL_Init
 .text.HAL_IncTick
                0x0000000008000d34       0x24 ./Drivers/STM32F0xx_HAL_Driver/Src/stm32f0xx_hal.o
                0x0000000008000d34                HAL_IncTick
 .text.HAL_GetTick
                0x0000000008000d58       0x14 ./Drivers/STM32F0xx_HAL_Driver/Src/stm32f0xx_hal.o
                0x0000000008000d58                HAL_GetTick
 .text.__NVIC_EnableIRQ
                0x0000000008000d6c       0x34 ./Drivers/STM32F0xx_HAL_Driver/Src/stm32f0xx_hal_cortex.o
 .text.__NVIC_SetPriority
                0x0000000008000da0       0xdc ./Drivers/STM32F0xx_HAL_Driver/Src/stm32f0xx_hal_cortex.o
 .text.HAL_NVIC_SetPriority
                0x0000000008000e7c       0x2a ./Drivers/STM32F0xx_HAL_Driver/Src/stm32f0xx_hal_cortex.o
                0x0000000008000e7c                HAL_NVIC_SetPriority
 .text.HAL_NVIC_EnableIRQ
                0x0000000008000ea6       0x20 ./Drivers/STM32F0xx_HAL_Driver/Src/stm32f0xx_hal_cortex.o
                0x0000000008000ea6                HAL_NVIC_EnableIRQ
 .text.HAL_DMA_Abort
                0x0000000008000ec6       0x70 ./Drivers/STM32F0xx_HAL_Driver/Src/stm32f0xx_hal_dma.o
                0x0000000008000ec6                HAL_DMA_Abort
 .text.HAL_DMA_Abort_IT
                0x0000000008000f36       0x8a ./Drivers/STM32F0xx_HAL_Driver/Src/stm32f0xx_hal_dma.o
                0x0000000008000f36                HAL_DMA_Abort_IT
 .text.HAL_GPIO_Init
                0x0000000008000fc0      0x2e0 ./Drivers/STM32F0xx_HAL_Driver/Src/stm32f0xx_hal_gpio.o
                0x0000000008000fc0                HAL_GPIO_Init
 .text.HAL_GPIO_WritePin
                0x00000000080012a0       0x3a ./Drivers/STM32F0xx_HAL_Driver/Src/stm32f0xx_hal_gpio.o
                0x00000000080012a0                HAL_GPIO_WritePin
 .text.HAL_GPIO_TogglePin
                0x00000000080012da       0x36 ./Drivers/STM32F0xx_HAL_Driver/Src/stm32f0xx_hal_gpio.o
                0x00000000080012da                HAL_GPIO_TogglePin
 .text.HAL_RCC_OscConfig
                0x0000000008001310      0x63c ./Drivers/STM32F0xx_HAL_Driver/Src/stm32f0xx_hal_rcc.o
                0x0000000008001310                HAL_RCC_OscConfig
 .text.HAL_RCC_ClockConfig
                0x000000000800194c      0x19c ./Drivers/STM32F0xx_HAL_Driver/Src/stm32f0xx_hal_rcc.o
                0x000000000800194c                HAL_RCC_ClockConfig
 .text.HAL_RCC_GetSysClockFreq
                0x0000000008001ae8       0xb0 ./Drivers/STM32F0xx_HAL_Driver/Src/stm32f0xx_hal_rcc.o
                0x0000000008001ae8                HAL_RCC_GetSysClockFreq
 .text.HAL_RCC_GetHCLKFreq
                0x0000000008001b98       0x14 ./Drivers/STM32F0xx_HAL_Driver/Src/stm32f0xx_hal_rcc.o
                0x0000000008001b98                HAL_RCC_GetHCLKFreq
 .text.HAL_RCC_GetPCLK1Freq
                0x0000000008001bac       0x2c ./Drivers/STM32F0xx_HAL_Driver/Src/stm32f0xx_hal_rcc.o
                0x0000000008001bac                HAL_RCC_GetPCLK1Freq
 .text.HAL_RCC_GetClockConfig
                0x0000000008001bd8       0x54 ./Drivers/STM32F0xx_HAL_Driver/Src/stm32f0xx_hal_rcc.o
                0x0000000008001bd8                HAL_RCC_GetClockConfig
 .text.HAL_RCCEx_PeriphCLKConfig
                0x0000000008001c2c      0x1bc ./Drivers/STM32F0xx_HAL_Driver/Src/stm32f0xx_hal_rcc_ex.o
                0x0000000008001c2c                HAL_RCCEx_PeriphCLKConfig
 .text.HAL_RTC_Init
                0x0000000008001de8      0x130 ./Drivers/STM32F0xx_HAL_Driver/Src/stm32f0xx_hal_rtc.o
                0x0000000008001de8                HAL_RTC_Init
 .text.HAL_RTC_WaitForSynchro
                0x0000000008001f18       0x50 ./Drivers/STM32F0xx_HAL_Driver/Src/stm32f0xx_hal_rtc.o
                0x0000000008001f18                HAL_RTC_WaitForSynchro
 .text.RTC_EnterInitMode
                0x0000000008001f68       0x86 ./Drivers/STM32F0xx_HAL_Driver/Src/stm32f0xx_hal_rtc.o
                0x0000000008001f68                RTC_EnterInitMode
 .text.RTC_ExitInitMode
                0x0000000008001fee       0x52 ./Drivers/STM32F0xx_HAL_Driver/Src/stm32f0xx_hal_rtc.o
                0x0000000008001fee                RTC_ExitInitMode
 .text.HAL_TIM_Base_Init
                0x0000000008002040       0xa0 ./Drivers/STM32F0xx_HAL_Driver/Src/stm32f0xx_hal_tim.o
                0x0000000008002040                HAL_TIM_Base_Init
 .text.HAL_TIM_Base_MspInit
                0x00000000080020e0       0x10 ./Drivers/STM32F0xx_HAL_Driver/Src/stm32f0xx_hal_tim.o
                0x00000000080020e0                HAL_TIM_Base_MspInit
 .text.HAL_TIM_Base_Start_IT
                0x00000000080020f0       0x98 ./Drivers/STM32F0xx_HAL_Driver/Src/stm32f0xx_hal_tim.o
                0x00000000080020f0                HAL_TIM_Base_Start_IT
 .text.HAL_TIM_IRQHandler
                0x0000000008002188      0x22c ./Drivers/STM32F0xx_HAL_Driver/Src/stm32f0xx_hal_tim.o
                0x0000000008002188                HAL_TIM_IRQHandler
 .text.HAL_TIM_OC_DelayElapsedCallback
                0x00000000080023b4       0x10 ./Drivers/STM32F0xx_HAL_Driver/Src/stm32f0xx_hal_tim.o
                0x00000000080023b4                HAL_TIM_OC_DelayElapsedCallback
 .text.HAL_TIM_IC_CaptureCallback
                0x00000000080023c4       0x10 ./Drivers/STM32F0xx_HAL_Driver/Src/stm32f0xx_hal_tim.o
                0x00000000080023c4                HAL_TIM_IC_CaptureCallback
 .text.HAL_TIM_PWM_PulseFinishedCallback
                0x00000000080023d4       0x10 ./Drivers/STM32F0xx_HAL_Driver/Src/stm32f0xx_hal_tim.o
                0x00000000080023d4                HAL_TIM_PWM_PulseFinishedCallback
 .text.HAL_TIM_TriggerCallback
                0x00000000080023e4       0x10 ./Drivers/STM32F0xx_HAL_Driver/Src/stm32f0xx_hal_tim.o
                0x00000000080023e4                HAL_TIM_TriggerCallback
 .text.TIM_Base_SetConfig
                0x00000000080023f4       0xec ./Drivers/STM32F0xx_HAL_Driver/Src/stm32f0xx_hal_tim.o
                0x00000000080023f4                TIM_Base_SetConfig
 .text.HAL_TIMEx_CommutCallback
                0x00000000080024e0       0x10 ./Drivers/STM32F0xx_HAL_Driver/Src/stm32f0xx_hal_tim_ex.o
                0x00000000080024e0                HAL_TIMEx_CommutCallback
 .text.HAL_TIMEx_BreakCallback
                0x00000000080024f0       0x10 ./Drivers/STM32F0xx_HAL_Driver/Src/stm32f0xx_hal_tim_ex.o
                0x00000000080024f0                HAL_TIMEx_BreakCallback
 .text.HAL_UART_Init
                0x0000000008002500       0xa8 ./Drivers/STM32F0xx_HAL_Driver/Src/stm32f0xx_hal_uart.o
                0x0000000008002500                HAL_UART_Init
 .text.HAL_UART_Transmit
                0x00000000080025a8      0x140 ./Drivers/STM32F0xx_HAL_Driver/Src/stm32f0xx_hal_uart.o
                0x00000000080025a8                HAL_UART_Transmit
 .text.HAL_UART_Receive_IT
                0x00000000080026e8       0xae ./Drivers/STM32F0xx_HAL_Driver/Src/stm32f0xx_hal_uart.o
                0x00000000080026e8                HAL_UART_Receive_IT
 *fill*         0x0000000008002796        0x2 
 .text.HAL_UART_IRQHandler
                0x0000000008002798      0x590 ./Drivers/STM32F0xx_HAL_Driver/Src/stm32f0xx_hal_uart.o
                0x0000000008002798                HAL_UART_IRQHandler
 .text.HAL_UART_TxCpltCallback
                0x0000000008002d28       0x10 ./Drivers/STM32F0xx_HAL_Driver/Src/stm32f0xx_hal_uart.o
                0x0000000008002d28                HAL_UART_TxCpltCallback
 .text.HAL_UART_ErrorCallback
                0x0000000008002d38       0x10 ./Drivers/STM32F0xx_HAL_Driver/Src/stm32f0xx_hal_uart.o
                0x0000000008002d38                HAL_UART_ErrorCallback
 .text.HAL_UARTEx_RxEventCallback
                0x0000000008002d48       0x16 ./Drivers/STM32F0xx_HAL_Driver/Src/stm32f0xx_hal_uart.o
                0x0000000008002d48                HAL_UARTEx_RxEventCallback
 *fill*         0x0000000008002d5e        0x2 
 .text.UART_SetConfig
                0x0000000008002d60      0x2b0 ./Drivers/STM32F0xx_HAL_Driver/Src/stm32f0xx_hal_uart.o
                0x0000000008002d60                UART_SetConfig
 .text.UART_AdvFeatureConfig
                0x0000000008003010      0x168 ./Drivers/STM32F0xx_HAL_Driver/Src/stm32f0xx_hal_uart.o
                0x0000000008003010                UART_AdvFeatureConfig
 .text.UART_CheckIdleState
                0x0000000008003178      0x150 ./Drivers/STM32F0xx_HAL_Driver/Src/stm32f0xx_hal_uart.o
                0x0000000008003178                UART_CheckIdleState
 .text.UART_WaitOnFlagUntilTimeout
                0x00000000080032c8       0xd2 ./Drivers/STM32F0xx_HAL_Driver/Src/stm32f0xx_hal_uart.o
                0x00000000080032c8                UART_WaitOnFlagUntilTimeout
 *fill*         0x000000000800339a        0x2 
 .text.UART_Start_Receive_IT
                0x000000000800339c      0x194 ./Drivers/STM32F0xx_HAL_Driver/Src/stm32f0xx_hal_uart.o
                0x000000000800339c                UART_Start_Receive_IT
 .text.UART_EndRxTransfer
                0x0000000008003530       0xc8 ./Drivers/STM32F0xx_HAL_Driver/Src/stm32f0xx_hal_uart.o
 .text.UART_DMAAbortOnError
                0x00000000080035f8       0x2e ./Drivers/STM32F0xx_HAL_Driver/Src/stm32f0xx_hal_uart.o
 .text.UART_EndTransmit_IT
                0x0000000008003626       0x56 ./Drivers/STM32F0xx_HAL_Driver/Src/stm32f0xx_hal_uart.o
 .text.UART_RxISR_8BIT
                0x000000000800367c      0x1b8 ./Drivers/STM32F0xx_HAL_Driver/Src/stm32f0xx_hal_uart.o
 .text.UART_RxISR_16BIT
                0x0000000008003834      0x1b8 ./Drivers/STM32F0xx_HAL_Driver/Src/stm32f0xx_hal_uart.o
 .text.makeFreeRtosPriority
                0x00000000080039ec       0x32 ./Middlewares/Third_Party/FreeRTOS/Source/CMSIS_RTOS/cmsis_os.o
 .text.osKernelStart
                0x0000000008003a1e       0x10 ./Middlewares/Third_Party/FreeRTOS/Source/CMSIS_RTOS/cmsis_os.o
                0x0000000008003a1e                osKernelStart
 .text.osThreadCreate
                0x0000000008003a2e       0x9a ./Middlewares/Third_Party/FreeRTOS/Source/CMSIS_RTOS/cmsis_os.o
                0x0000000008003a2e                osThreadCreate
 .text.vListInitialise
                0x0000000008003ac8       0x3c ./Middlewares/Third_Party/FreeRTOS/Source/list.o
                0x0000000008003ac8                vListInitialise
 .text.vListInitialiseItem
                0x0000000008003b04       0x16 ./Middlewares/Third_Party/FreeRTOS/Source/list.o
                0x0000000008003b04                vListInitialiseItem
 .text.vListInsertEnd
                0x0000000008003b1a       0x44 ./Middlewares/Third_Party/FreeRTOS/Source/list.o
                0x0000000008003b1a                vListInsertEnd
 .text.vListInsert
                0x0000000008003b5e       0x6c ./Middlewares/Third_Party/FreeRTOS/Source/list.o
                0x0000000008003b5e                vListInsert
 .text.uxListRemove
                0x0000000008003bca       0x50 ./Middlewares/Third_Party/FreeRTOS/Source/list.o
                0x0000000008003bca                uxListRemove
 .text.xQueueGenericReset
                0x0000000008003c1a       0xa8 ./Middlewares/Third_Party/FreeRTOS/Source/queue.o
                0x0000000008003c1a                xQueueGenericReset
 .text.xQueueGenericCreateStatic
                0x0000000008003cc2       0x96 ./Middlewares/Third_Party/FreeRTOS/Source/queue.o
                0x0000000008003cc2                xQueueGenericCreateStatic
 .text.xQueueGenericCreate
                0x0000000008003d58       0x6c ./Middlewares/Third_Party/FreeRTOS/Source/queue.o
                0x0000000008003d58                xQueueGenericCreate
 .text.prvInitialiseNewQueue
                0x0000000008003dc4       0x44 ./Middlewares/Third_Party/FreeRTOS/Source/queue.o
 .text.xQueueGenericSend
                0x0000000008003e08      0x188 ./Middlewares/Third_Party/FreeRTOS/Source/queue.o
                0x0000000008003e08                xQueueGenericSend
 .text.xQueueGenericSendFromISR
                0x0000000008003f90       0xe2 ./Middlewares/Third_Party/FreeRTOS/Source/queue.o
                0x0000000008003f90                xQueueGenericSendFromISR
 .text.xQueueReceive
                0x0000000008004072      0x16a ./Middlewares/Third_Party/FreeRTOS/Source/queue.o
                0x0000000008004072                xQueueReceive
 .text.xQueueReceiveFromISR
                0x00000000080041dc       0xc6 ./Middlewares/Third_Party/FreeRTOS/Source/queue.o
                0x00000000080041dc                xQueueReceiveFromISR
 .text.uxQueueMessagesWaiting
                0x00000000080042a2       0x2a ./Middlewares/Third_Party/FreeRTOS/Source/queue.o
                0x00000000080042a2                uxQueueMessagesWaiting
 .text.prvCopyDataToQueue
                0x00000000080042cc       0xd6 ./Middlewares/Third_Party/FreeRTOS/Source/queue.o
 .text.prvCopyDataFromQueue
                0x00000000080043a2       0x4c ./Middlewares/Third_Party/FreeRTOS/Source/queue.o
 .text.prvUnlockQueue
                0x00000000080043ee       0xbc ./Middlewares/Third_Party/FreeRTOS/Source/queue.o
 .text.prvIsQueueEmpty
                0x00000000080044aa       0x2c ./Middlewares/Third_Party/FreeRTOS/Source/queue.o
 .text.prvIsQueueFull
                0x00000000080044d6       0x30 ./Middlewares/Third_Party/FreeRTOS/Source/queue.o
 .text.xQueueIsQueueFullFromISR
                0x0000000008004506       0x32 ./Middlewares/Third_Party/FreeRTOS/Source/queue.o
                0x0000000008004506                xQueueIsQueueFullFromISR
 .text.vQueueAddToRegistry
                0x0000000008004538       0x50 ./Middlewares/Third_Party/FreeRTOS/Source/queue.o
                0x0000000008004538                vQueueAddToRegistry
 .text.vQueueWaitForMessageRestricted
                0x0000000008004588       0x66 ./Middlewares/Third_Party/FreeRTOS/Source/queue.o
                0x0000000008004588                vQueueWaitForMessageRestricted
 .text.xTaskCreateStatic
                0x00000000080045ee       0x86 ./Middlewares/Third_Party/FreeRTOS/Source/tasks.o
                0x00000000080045ee                xTaskCreateStatic
 .text.xTaskCreate
                0x0000000008004674       0x98 ./Middlewares/Third_Party/FreeRTOS/Source/tasks.o
                0x0000000008004674                xTaskCreate
 .text.prvInitialiseNewTask
                0x000000000800470c       0xf4 ./Middlewares/Third_Party/FreeRTOS/Source/tasks.o
 .text.prvAddNewTaskToReadyList
                0x0000000008004800       0xc8 ./Middlewares/Third_Party/FreeRTOS/Source/tasks.o
 .text.vTaskDelay
                0x00000000080048c8       0x4c ./Middlewares/Third_Party/FreeRTOS/Source/tasks.o
                0x00000000080048c8                vTaskDelay
 .text.vTaskStartScheduler
                0x0000000008004914       0xa8 ./Middlewares/Third_Party/FreeRTOS/Source/tasks.o
                0x0000000008004914                vTaskStartScheduler
 .text.vTaskSuspendAll
                0x00000000080049bc       0x18 ./Middlewares/Third_Party/FreeRTOS/Source/tasks.o
                0x00000000080049bc                vTaskSuspendAll
 .text.xTaskResumeAll
                0x00000000080049d4      0x118 ./Middlewares/Third_Party/FreeRTOS/Source/tasks.o
                0x00000000080049d4                xTaskResumeAll
 .text.xTaskGetTickCount
                0x0000000008004aec       0x1c ./Middlewares/Third_Party/FreeRTOS/Source/tasks.o
                0x0000000008004aec                xTaskGetTickCount
 .text.xTaskIncrementTick
                0x0000000008004b08      0x168 ./Middlewares/Third_Party/FreeRTOS/Source/tasks.o
                0x0000000008004b08                xTaskIncrementTick
 .text.vTaskSwitchContext
                0x0000000008004c70       0xa4 ./Middlewares/Third_Party/FreeRTOS/Source/tasks.o
                0x0000000008004c70                vTaskSwitchContext
 .text.vTaskPlaceOnEventList
                0x0000000008004d14       0x3c ./Middlewares/Third_Party/FreeRTOS/Source/tasks.o
                0x0000000008004d14                vTaskPlaceOnEventList
 .text.vTaskPlaceOnEventListRestricted
                0x0000000008004d50       0x4c ./Middlewares/Third_Party/FreeRTOS/Source/tasks.o
                0x0000000008004d50                vTaskPlaceOnEventListRestricted
 .text.xTaskRemoveFromEventList
                0x0000000008004d9c       0xb8 ./Middlewares/Third_Party/FreeRTOS/Source/tasks.o
                0x0000000008004d9c                xTaskRemoveFromEventList
 .text.vTaskInternalSetTimeOutState
                0x0000000008004e54       0x28 ./Middlewares/Third_Party/FreeRTOS/Source/tasks.o
                0x0000000008004e54                vTaskInternalSetTimeOutState
 .text.xTaskCheckForTimeOut
                0x0000000008004e7c       0xa0 ./Middlewares/Third_Party/FreeRTOS/Source/tasks.o
                0x0000000008004e7c                xTaskCheckForTimeOut
 .text.vTaskMissedYield
                0x0000000008004f1c       0x14 ./Middlewares/Third_Party/FreeRTOS/Source/tasks.o
                0x0000000008004f1c                vTaskMissedYield
 .text.prvIdleTask
                0x0000000008004f30       0x20 ./Middlewares/Third_Party/FreeRTOS/Source/tasks.o
 .text.prvInitialiseTaskLists
                0x0000000008004f50       0x88 ./Middlewares/Third_Party/FreeRTOS/Source/tasks.o
 .text.prvCheckTasksWaitingTermination
                0x0000000008004fd8       0x5c ./Middlewares/Third_Party/FreeRTOS/Source/tasks.o
 .text.prvDeleteTCB
                0x0000000008005034       0x50 ./Middlewares/Third_Party/FreeRTOS/Source/tasks.o
 .text.prvResetNextTaskUnblockTime
                0x0000000008005084       0x48 ./Middlewares/Third_Party/FreeRTOS/Source/tasks.o
 .text.xTaskGetSchedulerState
                0x00000000080050cc       0x38 ./Middlewares/Third_Party/FreeRTOS/Source/tasks.o
                0x00000000080050cc                xTaskGetSchedulerState
 .text.xTaskPriorityDisinherit
                0x0000000008005104       0xb8 ./Middlewares/Third_Party/FreeRTOS/Source/tasks.o
                0x0000000008005104                xTaskPriorityDisinherit
 .text.xTaskNotifyWait
                0x00000000080051bc       0xa8 ./Middlewares/Third_Party/FreeRTOS/Source/tasks.o
                0x00000000080051bc                xTaskNotifyWait
 .text.xTaskGenericNotify
                0x0000000008005264      0x118 ./Middlewares/Third_Party/FreeRTOS/Source/tasks.o
                0x0000000008005264                xTaskGenericNotify
 .text.xTaskGenericNotifyFromISR
                0x000000000800537c      0x154 ./Middlewares/Third_Party/FreeRTOS/Source/tasks.o
                0x000000000800537c                xTaskGenericNotifyFromISR
 .text.prvAddCurrentTaskToDelayedList
                0x00000000080054d0       0xa8 ./Middlewares/Third_Party/FreeRTOS/Source/tasks.o
 .text.xTimerCreateTimerTask
                0x0000000008005578       0x7c ./Middlewares/Third_Party/FreeRTOS/Source/timers.o
                0x0000000008005578                xTimerCreateTimerTask
 .text.xTimerGenericCommand
                0x00000000080055f4       0x94 ./Middlewares/Third_Party/FreeRTOS/Source/timers.o
                0x00000000080055f4                xTimerGenericCommand
 .text.prvProcessExpiredTimer
                0x0000000008005688       0x70 ./Middlewares/Third_Party/FreeRTOS/Source/timers.o
 .text.prvTimerTask
                0x00000000080056f8       0x28 ./Middlewares/Third_Party/FreeRTOS/Source/timers.o
 .text.prvProcessTimerOrBlockTask
                0x0000000008005720       0x8c ./Middlewares/Third_Party/FreeRTOS/Source/timers.o
 .text.prvGetNextExpireTime
                0x00000000080057ac       0x40 ./Middlewares/Third_Party/FreeRTOS/Source/timers.o
 .text.prvSampleTimeNow
                0x00000000080057ec       0x40 ./Middlewares/Third_Party/FreeRTOS/Source/timers.o
 .text.prvInsertTimerInActiveList
                0x000000000800582c       0x84 ./Middlewares/Third_Party/FreeRTOS/Source/timers.o
 .text.prvProcessReceivedCommands
                0x00000000080058b0      0x104 ./Middlewares/Third_Party/FreeRTOS/Source/timers.o
 .text.prvSwitchTimerLists
                0x00000000080059b4       0xb4 ./Middlewares/Third_Party/FreeRTOS/Source/timers.o
 .text.prvCheckForValidListAndQueue
                0x0000000008005a68       0x84 ./Middlewares/Third_Party/FreeRTOS/Source/timers.o
 .text.pxPortInitialiseStack
                0x0000000008005aec       0x54 ./Middlewares/Third_Party/FreeRTOS/Source/portable/GCC/ARM_CM0/port.o
                0x0000000008005aec                pxPortInitialiseStack
 .text.prvTaskExitError
                0x0000000008005b40       0x30 ./Middlewares/Third_Party/FreeRTOS/Source/portable/GCC/ARM_CM0/port.o
 .text.SVC_Handler
                0x0000000008005b70        0xa ./Middlewares/Third_Party/FreeRTOS/Source/portable/GCC/ARM_CM0/port.o
                0x0000000008005b70                SVC_Handler
 *fill*         0x0000000008005b7a        0x6 
 .text.vPortStartFirstTask
                0x0000000008005b80       0x38 ./Middlewares/Third_Party/FreeRTOS/Source/portable/GCC/ARM_CM0/port.o
 .text.xPortStartScheduler
                0x0000000008005bb8       0x48 ./Middlewares/Third_Party/FreeRTOS/Source/portable/GCC/ARM_CM0/port.o
                0x0000000008005bb8                xPortStartScheduler
 .text.vPortYield
                0x0000000008005c00       0x20 ./Middlewares/Third_Party/FreeRTOS/Source/portable/GCC/ARM_CM0/port.o
                0x0000000008005c00                vPortYield
 .text.vPortEnterCritical
                0x0000000008005c20       0x24 ./Middlewares/Third_Party/FreeRTOS/Source/portable/GCC/ARM_CM0/port.o
                0x0000000008005c20                vPortEnterCritical
 .text.vPortExitCritical
                0x0000000008005c44       0x30 ./Middlewares/Third_Party/FreeRTOS/Source/portable/GCC/ARM_CM0/port.o
                0x0000000008005c44                vPortExitCritical
 .text.ulSetInterruptMaskFromISR
                0x0000000008005c74        0xc ./Middlewares/Third_Party/FreeRTOS/Source/portable/GCC/ARM_CM0/port.o
                0x0000000008005c74                ulSetInterruptMaskFromISR
 .text.vClearInterruptMaskFromISR
                0x0000000008005c80        0x8 ./Middlewares/Third_Party/FreeRTOS/Source/portable/GCC/ARM_CM0/port.o
                0x0000000008005c80                vClearInterruptMaskFromISR
 *fill*         0x0000000008005c88        0x8 
 .text.PendSV_Handler
                0x0000000008005c90       0x48 ./Middlewares/Third_Party/FreeRTOS/Source/portable/GCC/ARM_CM0/port.o
                0x0000000008005c90                PendSV_Handler
 .text.SysTick_Handler
                0x0000000008005cd8       0x34 ./Middlewares/Third_Party/FreeRTOS/Source/portable/GCC/ARM_CM0/port.o
                0x0000000008005cd8                SysTick_Handler
 .text.prvSetupTimerInterrupt
                0x0000000008005d0c       0x44 ./Middlewares/Third_Party/FreeRTOS/Source/portable/GCC/ARM_CM0/port.o
 .text.pvPortMalloc
                0x0000000008005d50      0x14c ./Middlewares/Third_Party/FreeRTOS/Source/portable/MemMang/heap_4.o
                0x0000000008005d50                pvPortMalloc
 .text.vPortFree
                0x0000000008005e9c       0x90 ./Middlewares/Third_Party/FreeRTOS/Source/portable/MemMang/heap_4.o
                0x0000000008005e9c                vPortFree
 .text.prvHeapInit
                0x0000000008005f2c       0xc0 ./Middlewares/Third_Party/FreeRTOS/Source/portable/MemMang/heap_4.o
 .text.prvInsertBlockIntoFreeList
                0x0000000008005fec       0xb0 ./Middlewares/Third_Party/FreeRTOS/Source/portable/MemMang/heap_4.o
 .text.__libc_init_array
                0x000000000800609c       0x48 c:/st/stm32cubeide_1.9.0/stm32cubeide/plugins/com.st.stm32cube.ide.mcu.externaltools.gnu-tools-for-stm32.10.3-2021.10.win32_1.0.0.202111181127/tools/bin/../lib/gcc/arm-none-eabi/10.3.1/../../../../arm-none-eabi/lib/thumb/v6-m/nofp\libc_nano.a(lib_a-init.o)
                0x000000000800609c                __libc_init_array
 .text.memcpy   0x00000000080060e4       0x12 c:/st/stm32cubeide_1.9.0/stm32cubeide/plugins/com.st.stm32cube.ide.mcu.externaltools.gnu-tools-for-stm32.10.3-2021.10.win32_1.0.0.202111181127/tools/bin/../lib/gcc/arm-none-eabi/10.3.1/../../../../arm-none-eabi/lib/thumb/v6-m/nofp\libc_nano.a(lib_a-memcpy-stub.o)
                0x00000000080060e4                memcpy
 .text.memset   0x00000000080060f6       0x10 c:/st/stm32cubeide_1.9.0/stm32cubeide/plugins/com.st.stm32cube.ide.mcu.externaltools.gnu-tools-for-stm32.10.3-2021.10.win32_1.0.0.202111181127/tools/bin/../lib/gcc/arm-none-eabi/10.3.1/../../../../arm-none-eabi/lib/thumb/v6-m/nofp\libc_nano.a(lib_a-memset.o)
                0x00000000080060f6                memset
 *(.glue_7)
 .glue_7        0x0000000008006106        0x0 linker stubs
 *(.glue_7t)
 .glue_7t       0x0000000008006106        0x0 linker stubs
 *(.eh_frame)
 *fill*         0x0000000008006106        0x2 
 .eh_frame      0x0000000008006108        0x0 c:/st/stm32cubeide_1.9.0/stm32cubeide/plugins/com.st.stm32cube.ide.mcu.externaltools.gnu-tools-for-stm32.10.3-2021.10.win32_1.0.0.202111181127/tools/bin/../lib/gcc/arm-none-eabi/10.3.1/thumb/v6-m/nofp/crtbegin.o
 *(.init)
 .init          0x0000000008006108        0x4 c:/st/stm32cubeide_1.9.0/stm32cubeide/plugins/com.st.stm32cube.ide.mcu.externaltools.gnu-tools-for-stm32.10.3-2021.10.win32_1.0.0.202111181127/tools/bin/../lib/gcc/arm-none-eabi/10.3.1/thumb/v6-m/nofp/crti.o
                0x0000000008006108                _init
 .init          0x000000000800610c        0x8 c:/st/stm32cubeide_1.9.0/stm32cubeide/plugins/com.st.stm32cube.ide.mcu.externaltools.gnu-tools-for-stm32.10.3-2021.10.win32_1.0.0.202111181127/tools/bin/../lib/gcc/arm-none-eabi/10.3.1/thumb/v6-m/nofp/crtn.o
 *(.fini)
 .fini          0x0000000008006114        0x4 c:/st/stm32cubeide_1.9.0/stm32cubeide/plugins/com.st.stm32cube.ide.mcu.externaltools.gnu-tools-for-stm32.10.3-2021.10.win32_1.0.0.202111181127/tools/bin/../lib/gcc/arm-none-eabi/10.3.1/thumb/v6-m/nofp/crti.o
                0x0000000008006114                _fini
 .fini          0x0000000008006118        0x8 c:/st/stm32cubeide_1.9.0/stm32cubeide/plugins/com.st.stm32cube.ide.mcu.externaltools.gnu-tools-for-stm32.10.3-2021.10.win32_1.0.0.202111181127/tools/bin/../lib/gcc/arm-none-eabi/10.3.1/thumb/v6-m/nofp/crtn.o
                0x0000000008006120                . = ALIGN (0x4)
                0x0000000008006120                _etext = .

.vfp11_veneer   0x0000000008006120        0x0
 .vfp11_veneer  0x0000000008006120        0x0 linker stubs

.v4_bx          0x0000000008006120        0x0
 .v4_bx         0x0000000008006120        0x0 linker stubs

.iplt           0x0000000008006120        0x0
 .iplt          0x0000000008006120        0x0 c:/st/stm32cubeide_1.9.0/stm32cubeide/plugins/com.st.stm32cube.ide.mcu.externaltools.gnu-tools-for-stm32.10.3-2021.10.win32_1.0.0.202111181127/tools/bin/../lib/gcc/arm-none-eabi/10.3.1/thumb/v6-m/nofp/crtbegin.o

.rodata         0x0000000008006120      0x254
                0x0000000008006120                . = ALIGN (0x4)
 *(.rodata)
 .rodata        0x0000000008006120      0x10c ./Core/Src/main.o
 .rodata        0x000000000800622c       0xa7 ./Core/Src/task.o
 *fill*         0x00000000080062d3        0x1 
 .rodata        0x00000000080062d4        0x5 ./Middlewares/Third_Party/FreeRTOS/Source/tasks.o
 *fill*         0x00000000080062d9        0x3 
 .rodata        0x00000000080062dc        0xd ./Middlewares/Third_Party/FreeRTOS/Source/timers.o
 *(.rodata*)
 *fill*         0x00000000080062e9        0x3 
 .rodata.AHBPrescTable
                0x00000000080062ec       0x10 ./Core/Src/system_stm32f0xx.o
                0x00000000080062ec                AHBPrescTable
 .rodata.APBPrescTable
                0x00000000080062fc        0x8 ./Core/Src/system_stm32f0xx.o
                0x00000000080062fc                APBPrescTable
 .rodata.aPLLMULFactorTable.1
                0x0000000008006304       0x10 ./Drivers/STM32F0xx_HAL_Driver/Src/stm32f0xx_hal_rcc.o
 .rodata.aPredivFactorTable.0
                0x0000000008006314       0x10 ./Drivers/STM32F0xx_HAL_Driver/Src/stm32f0xx_hal_rcc.o
 .rodata.xTaskGenericNotify
                0x0000000008006324       0x14 ./Middlewares/Third_Party/FreeRTOS/Source/tasks.o
 .rodata.xTaskGenericNotifyFromISR
                0x0000000008006338       0x14 ./Middlewares/Third_Party/FreeRTOS/Source/tasks.o
 .rodata.prvProcessReceivedCommands
                0x000000000800634c       0x28 ./Middlewares/Third_Party/FreeRTOS/Source/timers.o
                0x0000000008006374                . = ALIGN (0x4)

.rel.dyn        0x0000000008006374        0x0
 .rel.iplt      0x0000000008006374        0x0 c:/st/stm32cubeide_1.9.0/stm32cubeide/plugins/com.st.stm32cube.ide.mcu.externaltools.gnu-tools-for-stm32.10.3-2021.10.win32_1.0.0.202111181127/tools/bin/../lib/gcc/arm-none-eabi/10.3.1/thumb/v6-m/nofp/crtbegin.o

.ARM.extab      0x0000000008006374        0x0
                0x0000000008006374                . = ALIGN (0x4)
 *(.ARM.extab* .gnu.linkonce.armextab.*)
                0x0000000008006374                . = ALIGN (0x4)

.ARM            0x0000000008006374        0x0
                0x0000000008006374                . = ALIGN (0x4)
                0x0000000008006374                __exidx_start = .
 *(.ARM.exidx*)
                0x0000000008006374                __exidx_end = .
                0x0000000008006374                . = ALIGN (0x4)

.preinit_array  0x0000000008006374        0x0
                0x0000000008006374                . = ALIGN (0x4)
                0x0000000008006374                PROVIDE (__preinit_array_start = .)
 *(.preinit_array*)
                0x0000000008006374                PROVIDE (__preinit_array_end = .)
                0x0000000008006374                . = ALIGN (0x4)

.init_array     0x0000000008006374        0x4
                0x0000000008006374                . = ALIGN (0x4)
                0x0000000008006374                PROVIDE (__init_array_start = .)
 *(SORT_BY_NAME(.init_array.*))
 *(.init_array*)
 .init_array    0x0000000008006374        0x4 c:/st/stm32cubeide_1.9.0/stm32cubeide/plugins/com.st.stm32cube.ide.mcu.externaltools.gnu-tools-for-stm32.10.3-2021.10.win32_1.0.0.202111181127/tools/bin/../lib/gcc/arm-none-eabi/10.3.1/thumb/v6-m/nofp/crtbegin.o
                0x0000000008006378                PROVIDE (__init_array_end = .)
                0x0000000008006378                . = ALIGN (0x4)

.fini_array     0x0000000008006378        0x4
                0x0000000008006378                . = ALIGN (0x4)
                [!provide]                        PROVIDE (__fini_array_start = .)
 *(SORT_BY_NAME(.fini_array.*))
 *(.fini_array*)
 .fini_array    0x0000000008006378        0x4 c:/st/stm32cubeide_1.9.0/stm32cubeide/plugins/com.st.stm32cube.ide.mcu.externaltools.gnu-tools-for-stm32.10.3-2021.10.win32_1.0.0.202111181127/tools/bin/../lib/gcc/arm-none-eabi/10.3.1/thumb/v6-m/nofp/crtbegin.o
                [!provide]                        PROVIDE (__fini_array_end = .)
                0x000000000800637c                . = ALIGN (0x4)
                0x000000000800637c                _sidata = LOADADDR (.data)

.data           0x0000000020000000       0x14 load address 0x000000000800637c
                0x0000000020000000                . = ALIGN (0x4)
                0x0000000020000000                _sdata = .
 *(.data)
 *(.data*)
 .data.msg_inv  0x0000000020000000        0x4 ./Core/Src/main.o
 .data.SystemCoreClock
                0x0000000020000004        0x4 ./Core/Src/system_stm32f0xx.o
                0x0000000020000004                SystemCoreClock
 .data.msg_inv  0x0000000020000008        0x4 ./Core/Src/task.o
                0x0000000020000008                msg_inv
 .data.uwTickFreq
                0x000000002000000c        0x1 ./Drivers/STM32F0xx_HAL_Driver/Src/stm32f0xx_hal.o
                0x000000002000000c                uwTickFreq
 *fill*         0x000000002000000d        0x3 
 .data.uxCriticalNesting
                0x0000000020000010        0x4 ./Middlewares/Third_Party/FreeRTOS/Source/portable/GCC/ARM_CM0/port.o
 *(.RamFunc)
 *(.RamFunc*)
                0x0000000020000014                . = ALIGN (0x4)
                0x0000000020000014                _edata = .

.igot.plt       0x0000000020000014        0x0 load address 0x0000000008006390
 .igot.plt      0x0000000020000014        0x0 c:/st/stm32cubeide_1.9.0/stm32cubeide/plugins/com.st.stm32cube.ide.mcu.externaltools.gnu-tools-for-stm32.10.3-2021.10.win32_1.0.0.202111181127/tools/bin/../lib/gcc/arm-none-eabi/10.3.1/thumb/v6-m/nofp/crtbegin.o
                0x0000000020000014                . = ALIGN (0x4)

.bss            0x0000000020000014     0x1658 load address 0x0000000008006390
                0x0000000020000014                _sbss = .
                0x0000000020000014                __bss_start__ = _sbss
 *(.bss)
 .bss           0x0000000020000014       0x1c c:/st/stm32cubeide_1.9.0/stm32cubeide/plugins/com.st.stm32cube.ide.mcu.externaltools.gnu-tools-for-stm32.10.3-2021.10.win32_1.0.0.202111181127/tools/bin/../lib/gcc/arm-none-eabi/10.3.1/thumb/v6-m/nofp/crtbegin.o
 *(.bss*)
 .bss.xIdleTaskTCBBuffer
                0x0000000020000030       0x54 ./Core/Src/freertos.o
 .bss.xIdleStack
                0x0000000020000084      0x200 ./Core/Src/freertos.o
 .bss.xTimerTaskTCBBuffer
                0x0000000020000284       0x54 ./Core/Src/freertos.o
 .bss.xTimerStack
                0x00000000200002d8      0x400 ./Core/Src/freertos.o
 .bss.hrtc      0x00000000200006d8       0x20 ./Core/Src/main.o
                0x00000000200006d8                hrtc
 .bss.huart2    0x00000000200006f8       0x88 ./Core/Src/main.o
                0x00000000200006f8                huart2
 .bss.defaultTaskHandle
                0x0000000020000780        0x4 ./Core/Src/main.o
                0x0000000020000780                defaultTaskHandle
 .bss.handle_cmd_task
                0x0000000020000784        0x4 ./Core/Src/main.o
                0x0000000020000784                handle_cmd_task
 .bss.handle_print_task
                0x0000000020000788        0x4 ./Core/Src/main.o
                0x0000000020000788                handle_print_task
 .bss.handle_led_task
                0x000000002000078c        0x4 ./Core/Src/main.o
                0x000000002000078c                handle_led_task
 .bss.handle_rtc_task
                0x0000000020000790        0x4 ./Core/Src/main.o
                0x0000000020000790                handle_rtc_task
 .bss.q_data    0x0000000020000794        0x4 ./Core/Src/main.o
                0x0000000020000794                q_data
 .bss.q_print   0x0000000020000798        0x4 ./Core/Src/main.o
                0x0000000020000798                q_print
 .bss.user_data
                0x000000002000079c        0x1 ./Core/Src/main.o
                0x000000002000079c                user_data
 .bss.curr_state
                0x000000002000079d        0x1 ./Core/Src/main.o
                0x000000002000079d                curr_state
 *fill*         0x000000002000079e        0x2 
 .bss.htim6     0x00000000200007a0       0x48 ./Core/Src/stm32f0xx_hal_timebase_tim.o
                0x00000000200007a0                htim6
 .bss.uwTick    0x00000000200007e8        0x4 ./Drivers/STM32F0xx_HAL_Driver/Src/stm32f0xx_hal.o
                0x00000000200007e8                uwTick
 .bss.xQueueRegistry
                0x00000000200007ec       0x40 ./Middlewares/Third_Party/FreeRTOS/Source/queue.o
                0x00000000200007ec                xQueueRegistry
 .bss.pxCurrentTCB
                0x000000002000082c        0x4 ./Middlewares/Third_Party/FreeRTOS/Source/tasks.o
                0x000000002000082c                pxCurrentTCB
 .bss.pxReadyTasksLists
                0x0000000020000830       0x8c ./Middlewares/Third_Party/FreeRTOS/Source/tasks.o
 .bss.xDelayedTaskList1
                0x00000000200008bc       0x14 ./Middlewares/Third_Party/FreeRTOS/Source/tasks.o
 .bss.xDelayedTaskList2
                0x00000000200008d0       0x14 ./Middlewares/Third_Party/FreeRTOS/Source/tasks.o
 .bss.pxDelayedTaskList
                0x00000000200008e4        0x4 ./Middlewares/Third_Party/FreeRTOS/Source/tasks.o
 .bss.pxOverflowDelayedTaskList
                0x00000000200008e8        0x4 ./Middlewares/Third_Party/FreeRTOS/Source/tasks.o
 .bss.xPendingReadyList
                0x00000000200008ec       0x14 ./Middlewares/Third_Party/FreeRTOS/Source/tasks.o
 .bss.xTasksWaitingTermination
                0x0000000020000900       0x14 ./Middlewares/Third_Party/FreeRTOS/Source/tasks.o
 .bss.uxDeletedTasksWaitingCleanUp
                0x0000000020000914        0x4 ./Middlewares/Third_Party/FreeRTOS/Source/tasks.o
 .bss.xSuspendedTaskList
                0x0000000020000918       0x14 ./Middlewares/Third_Party/FreeRTOS/Source/tasks.o
 .bss.uxCurrentNumberOfTasks
                0x000000002000092c        0x4 ./Middlewares/Third_Party/FreeRTOS/Source/tasks.o
 .bss.xTickCount
                0x0000000020000930        0x4 ./Middlewares/Third_Party/FreeRTOS/Source/tasks.o
 .bss.uxTopReadyPriority
                0x0000000020000934        0x4 ./Middlewares/Third_Party/FreeRTOS/Source/tasks.o
 .bss.xSchedulerRunning
                0x0000000020000938        0x4 ./Middlewares/Third_Party/FreeRTOS/Source/tasks.o
 .bss.uxPendedTicks
                0x000000002000093c        0x4 ./Middlewares/Third_Party/FreeRTOS/Source/tasks.o
 .bss.xYieldPending
                0x0000000020000940        0x4 ./Middlewares/Third_Party/FreeRTOS/Source/tasks.o
 .bss.xNumOfOverflows
                0x0000000020000944        0x4 ./Middlewares/Third_Party/FreeRTOS/Source/tasks.o
 .bss.uxTaskNumber
                0x0000000020000948        0x4 ./Middlewares/Third_Party/FreeRTOS/Source/tasks.o
 .bss.xNextTaskUnblockTime
                0x000000002000094c        0x4 ./Middlewares/Third_Party/FreeRTOS/Source/tasks.o
 .bss.xIdleTaskHandle
                0x0000000020000950        0x4 ./Middlewares/Third_Party/FreeRTOS/Source/tasks.o
 .bss.uxSchedulerSuspended
                0x0000000020000954        0x4 ./Middlewares/Third_Party/FreeRTOS/Source/tasks.o
 .bss.xActiveTimerList1
                0x0000000020000958       0x14 ./Middlewares/Third_Party/FreeRTOS/Source/timers.o
 .bss.xActiveTimerList2
                0x000000002000096c       0x14 ./Middlewares/Third_Party/FreeRTOS/Source/timers.o
 .bss.pxCurrentTimerList
                0x0000000020000980        0x4 ./Middlewares/Third_Party/FreeRTOS/Source/timers.o
 .bss.pxOverflowTimerList
                0x0000000020000984        0x4 ./Middlewares/Third_Party/FreeRTOS/Source/timers.o
 .bss.xTimerQueue
                0x0000000020000988        0x4 ./Middlewares/Third_Party/FreeRTOS/Source/timers.o
 .bss.xTimerTaskHandle
                0x000000002000098c        0x4 ./Middlewares/Third_Party/FreeRTOS/Source/timers.o
 .bss.xLastTime.2
                0x0000000020000990        0x4 ./Middlewares/Third_Party/FreeRTOS/Source/timers.o
 .bss.ucStaticTimerQueueStorage.1
                0x0000000020000994       0x78 ./Middlewares/Third_Party/FreeRTOS/Source/timers.o
 .bss.xStaticTimerQueue.0
                0x0000000020000a0c       0x48 ./Middlewares/Third_Party/FreeRTOS/Source/timers.o
 .bss.ucHeap    0x0000000020000a54      0xc00 ./Middlewares/Third_Party/FreeRTOS/Source/portable/MemMang/heap_4.o
 .bss.xStart    0x0000000020001654        0x8 ./Middlewares/Third_Party/FreeRTOS/Source/portable/MemMang/heap_4.o
 .bss.pxEnd     0x000000002000165c        0x4 ./Middlewares/Third_Party/FreeRTOS/Source/portable/MemMang/heap_4.o
 .bss.xFreeBytesRemaining
                0x0000000020001660        0x4 ./Middlewares/Third_Party/FreeRTOS/Source/portable/MemMang/heap_4.o
 .bss.xMinimumEverFreeBytesRemaining
                0x0000000020001664        0x4 ./Middlewares/Third_Party/FreeRTOS/Source/portable/MemMang/heap_4.o
 .bss.xBlockAllocatedBit
                0x0000000020001668        0x4 ./Middlewares/Third_Party/FreeRTOS/Source/portable/MemMang/heap_4.o
 *(COMMON)
                0x000000002000166c                . = ALIGN (0x4)
                0x000000002000166c                _ebss = .
                0x000000002000166c                __bss_end__ = _ebss

._user_heap_stack
                0x000000002000166c      0x604 load address 0x0000000008006390
                0x0000000020001670                . = ALIGN (0x8)
 *fill*         0x000000002000166c        0x4 
                [!provide]                        PROVIDE (end = .)
                0x0000000020001670                PROVIDE (_end = .)
                0x0000000020001870                . = (. + _Min_Heap_Size)
 *fill*         0x0000000020001670      0x200 
                0x0000000020001c70                . = (. + _Min_Stack_Size)
 *fill*         0x0000000020001870      0x400 
                0x0000000020001c70                . = ALIGN (0x8)

/DISCARD/
 libc.a(*)
 libm.a(*)
 libgcc.a(*)

.ARM.attributes
                0x0000000000000000       0x28
 *(.ARM.attributes)
 .ARM.attributes
                0x0000000000000000       0x1e c:/st/stm32cubeide_1.9.0/stm32cubeide/plugins/com.st.stm32cube.ide.mcu.externaltools.gnu-tools-for-stm32.10.3-2021.10.win32_1.0.0.202111181127/tools/bin/../lib/gcc/arm-none-eabi/10.3.1/thumb/v6-m/nofp/crti.o
 .ARM.attributes
                0x000000000000001e       0x2c c:/st/stm32cubeide_1.9.0/stm32cubeide/plugins/com.st.stm32cube.ide.mcu.externaltools.gnu-tools-for-stm32.10.3-2021.10.win32_1.0.0.202111181127/tools/bin/../lib/gcc/arm-none-eabi/10.3.1/thumb/v6-m/nofp/crtbegin.o
 .ARM.attributes
                0x000000000000004a       0x2c ./Core/Src/freertos.o
 .ARM.attributes
                0x0000000000000076       0x2c ./Core/Src/led.o
 .ARM.attributes
                0x00000000000000a2       0x2c ./Core/Src/main.o
 .ARM.attributes
                0x00000000000000ce       0x2c ./Core/Src/stm32f0xx_hal_msp.o
 .ARM.attributes
                0x00000000000000fa       0x2c ./Core/Src/stm32f0xx_hal_timebase_tim.o
 .ARM.attributes
                0x0000000000000126       0x2c ./Core/Src/stm32f0xx_it.o
 .ARM.attributes
                0x0000000000000152       0x2c ./Core/Src/system_stm32f0xx.o
 .ARM.attributes
                0x000000000000017e       0x2c ./Core/Src/task.o
 .ARM.attributes
                0x00000000000001aa       0x21 ./Core/Startup/startup_stm32f070rbtx.o
 .ARM.attributes
                0x00000000000001cb       0x2c ./Drivers/STM32F0xx_HAL_Driver/Src/stm32f0xx_hal.o
 .ARM.attributes
                0x00000000000001f7       0x2c ./Drivers/STM32F0xx_HAL_Driver/Src/stm32f0xx_hal_cortex.o
 .ARM.attributes
                0x0000000000000223       0x2c ./Drivers/STM32F0xx_HAL_Driver/Src/stm32f0xx_hal_dma.o
 .ARM.attributes
                0x000000000000024f       0x2c ./Drivers/STM32F0xx_HAL_Driver/Src/stm32f0xx_hal_gpio.o
 .ARM.attributes
                0x000000000000027b       0x2c ./Drivers/STM32F0xx_HAL_Driver/Src/stm32f0xx_hal_rcc.o
 .ARM.attributes
                0x00000000000002a7       0x2c ./Drivers/STM32F0xx_HAL_Driver/Src/stm32f0xx_hal_rcc_ex.o
 .ARM.attributes
                0x00000000000002d3       0x2c ./Drivers/STM32F0xx_HAL_Driver/Src/stm32f0xx_hal_rtc.o
 .ARM.attributes
                0x00000000000002ff       0x2c ./Drivers/STM32F0xx_HAL_Driver/Src/stm32f0xx_hal_tim.o
 .ARM.attributes
                0x000000000000032b       0x2c ./Drivers/STM32F0xx_HAL_Driver/Src/stm32f0xx_hal_tim_ex.o
 .ARM.attributes
                0x0000000000000357       0x2c ./Drivers/STM32F0xx_HAL_Driver/Src/stm32f0xx_hal_uart.o
 .ARM.attributes
                0x0000000000000383       0x2c ./Middlewares/Third_Party/FreeRTOS/Source/CMSIS_RTOS/cmsis_os.o
 .ARM.attributes
                0x00000000000003af       0x2c ./Middlewares/Third_Party/FreeRTOS/Source/list.o
 .ARM.attributes
                0x00000000000003db       0x2c ./Middlewares/Third_Party/FreeRTOS/Source/queue.o
 .ARM.attributes
                0x0000000000000407       0x2c ./Middlewares/Third_Party/FreeRTOS/Source/tasks.o
 .ARM.attributes
                0x0000000000000433       0x2c ./Middlewares/Third_Party/FreeRTOS/Source/timers.o
 .ARM.attributes
                0x000000000000045f       0x2c ./Middlewares/Third_Party/FreeRTOS/Source/portable/GCC/ARM_CM0/port.o
 .ARM.attributes
                0x000000000000048b       0x2c ./Middlewares/Third_Party/FreeRTOS/Source/portable/MemMang/heap_4.o
 .ARM.attributes
                0x00000000000004b7       0x2c c:/st/stm32cubeide_1.9.0/stm32cubeide/plugins/com.st.stm32cube.ide.mcu.externaltools.gnu-tools-for-stm32.10.3-2021.10.win32_1.0.0.202111181127/tools/bin/../lib/gcc/arm-none-eabi/10.3.1/../../../../arm-none-eabi/lib/thumb/v6-m/nofp\libc_nano.a(lib_a-init.o)
 .ARM.attributes
                0x00000000000004e3       0x2c c:/st/stm32cubeide_1.9.0/stm32cubeide/plugins/com.st.stm32cube.ide.mcu.externaltools.gnu-tools-for-stm32.10.3-2021.10.win32_1.0.0.202111181127/tools/bin/../lib/gcc/arm-none-eabi/10.3.1/../../../../arm-none-eabi/lib/thumb/v6-m/nofp\libc_nano.a(lib_a-memcpy-stub.o)
 .ARM.attributes
                0x000000000000050f       0x2c c:/st/stm32cubeide_1.9.0/stm32cubeide/plugins/com.st.stm32cube.ide.mcu.externaltools.gnu-tools-for-stm32.10.3-2021.10.win32_1.0.0.202111181127/tools/bin/../lib/gcc/arm-none-eabi/10.3.1/../../../../arm-none-eabi/lib/thumb/v6-m/nofp\libc_nano.a(lib_a-memset.o)
 .ARM.attributes
                0x000000000000053b       0x1c c:/st/stm32cubeide_1.9.0/stm32cubeide/plugins/com.st.stm32cube.ide.mcu.externaltools.gnu-tools-for-stm32.10.3-2021.10.win32_1.0.0.202111181127/tools/bin/../lib/gcc/arm-none-eabi/10.3.1/../../../../arm-none-eabi/lib/thumb/v6-m/nofp\libc_nano.a(lib_a-strcmp.o)
 .ARM.attributes
                0x0000000000000557       0x1c c:/st/stm32cubeide_1.9.0/stm32cubeide/plugins/com.st.stm32cube.ide.mcu.externaltools.gnu-tools-for-stm32.10.3-2021.10.win32_1.0.0.202111181127/tools/bin/../lib/gcc/arm-none-eabi/10.3.1/../../../../arm-none-eabi/lib/thumb/v6-m/nofp\libc_nano.a(lib_a-strlen.o)
 .ARM.attributes
                0x0000000000000573       0x1e c:/st/stm32cubeide_1.9.0/stm32cubeide/plugins/com.st.stm32cube.ide.mcu.externaltools.gnu-tools-for-stm32.10.3-2021.10.win32_1.0.0.202111181127/tools/bin/../lib/gcc/arm-none-eabi/10.3.1/thumb/v6-m/nofp\libgcc.a(_udivsi3.o)
 .ARM.attributes
                0x0000000000000591       0x1e c:/st/stm32cubeide_1.9.0/stm32cubeide/plugins/com.st.stm32cube.ide.mcu.externaltools.gnu-tools-for-stm32.10.3-2021.10.win32_1.0.0.202111181127/tools/bin/../lib/gcc/arm-none-eabi/10.3.1/thumb/v6-m/nofp\libgcc.a(_dvmd_tls.o)
 .ARM.attributes
                0x00000000000005af       0x1e c:/st/stm32cubeide_1.9.0/stm32cubeide/plugins/com.st.stm32cube.ide.mcu.externaltools.gnu-tools-for-stm32.10.3-2021.10.win32_1.0.0.202111181127/tools/bin/../lib/gcc/arm-none-eabi/10.3.1/thumb/v6-m/nofp/crtn.o
OUTPUT(led_blink_rtc_freertos.elf elf32-littlearm)
LOAD linker stubs
LOAD c:/st/stm32cubeide_1.9.0/stm32cubeide/plugins/com.st.stm32cube.ide.mcu.externaltools.gnu-tools-for-stm32.10.3-2021.10.win32_1.0.0.202111181127/tools/bin/../lib/gcc/arm-none-eabi/10.3.1/../../../../arm-none-eabi/lib/thumb/v6-m/nofp\libc.a
LOAD c:/st/stm32cubeide_1.9.0/stm32cubeide/plugins/com.st.stm32cube.ide.mcu.externaltools.gnu-tools-for-stm32.10.3-2021.10.win32_1.0.0.202111181127/tools/bin/../lib/gcc/arm-none-eabi/10.3.1/../../../../arm-none-eabi/lib/thumb/v6-m/nofp\libm.a
LOAD c:/st/stm32cubeide_1.9.0/stm32cubeide/plugins/com.st.stm32cube.ide.mcu.externaltools.gnu-tools-for-stm32.10.3-2021.10.win32_1.0.0.202111181127/tools/bin/../lib/gcc/arm-none-eabi/10.3.1/thumb/v6-m/nofp\libgcc.a

.debug_info     0x0000000000000000    0x15dc6
 .debug_info    0x0000000000000000      0x308 ./Core/Src/freertos.o
 .debug_info    0x0000000000000308      0x218 ./Core/Src/led.o
 .debug_info    0x0000000000000520     0x1957 ./Core/Src/main.o
 .debug_info    0x0000000000001e77      0xcd0 ./Core/Src/stm32f0xx_hal_msp.o
 .debug_info    0x0000000000002b47      0x983 ./Core/Src/stm32f0xx_hal_timebase_tim.o
 .debug_info    0x00000000000034ca      0xa35 ./Core/Src/stm32f0xx_it.o
 .debug_info    0x0000000000003eff      0x269 ./Core/Src/system_stm32f0xx.o
 .debug_info    0x0000000000004168      0xad8 ./Core/Src/task.o
 .debug_info    0x0000000000004c40       0x22 ./Core/Startup/startup_stm32f070rbtx.o
 .debug_info    0x0000000000004c62      0x6cd ./Drivers/STM32F0xx_HAL_Driver/Src/stm32f0xx_hal.o
 .debug_info    0x000000000000532f      0x70b ./Drivers/STM32F0xx_HAL_Driver/Src/stm32f0xx_hal_cortex.o
 .debug_info    0x0000000000005a3a      0x752 ./Drivers/STM32F0xx_HAL_Driver/Src/stm32f0xx_hal_dma.o
 .debug_info    0x000000000000618c      0x614 ./Drivers/STM32F0xx_HAL_Driver/Src/stm32f0xx_hal_gpio.o
 .debug_info    0x00000000000067a0      0x88c ./Drivers/STM32F0xx_HAL_Driver/Src/stm32f0xx_hal_rcc.o
 .debug_info    0x000000000000702c      0x3b9 ./Drivers/STM32F0xx_HAL_Driver/Src/stm32f0xx_hal_rcc_ex.o
 .debug_info    0x00000000000073e5      0xbaa ./Drivers/STM32F0xx_HAL_Driver/Src/stm32f0xx_hal_rtc.o
 .debug_info    0x0000000000007f8f     0x2ba1 ./Drivers/STM32F0xx_HAL_Driver/Src/stm32f0xx_hal_tim.o
 .debug_info    0x000000000000ab30     0x15bd ./Drivers/STM32F0xx_HAL_Driver/Src/stm32f0xx_hal_tim_ex.o
 .debug_info    0x000000000000c0ed     0x3cbc ./Drivers/STM32F0xx_HAL_Driver/Src/stm32f0xx_hal_uart.o
 .debug_info    0x000000000000fda9     0x1c95 ./Middlewares/Third_Party/FreeRTOS/Source/CMSIS_RTOS/cmsis_os.o
 .debug_info    0x0000000000011a3e      0x2cb ./Middlewares/Third_Party/FreeRTOS/Source/list.o
 .debug_info    0x0000000000011d09     0x130d ./Middlewares/Third_Party/FreeRTOS/Source/queue.o
 .debug_info    0x0000000000013016     0x1788 ./Middlewares/Third_Party/FreeRTOS/Source/tasks.o
 .debug_info    0x000000000001479e     0x1060 ./Middlewares/Third_Party/FreeRTOS/Source/timers.o
 .debug_info    0x00000000000157fe      0x29e ./Middlewares/Third_Party/FreeRTOS/Source/portable/GCC/ARM_CM0/port.o
 .debug_info    0x0000000000015a9c      0x32a ./Middlewares/Third_Party/FreeRTOS/Source/portable/MemMang/heap_4.o

.debug_abbrev   0x0000000000000000     0x3471
 .debug_abbrev  0x0000000000000000       0xe7 ./Core/Src/freertos.o
 .debug_abbrev  0x00000000000000e7      0x124 ./Core/Src/led.o
 .debug_abbrev  0x000000000000020b      0x311 ./Core/Src/main.o
 .debug_abbrev  0x000000000000051c      0x1d5 ./Core/Src/stm32f0xx_hal_msp.o
 .debug_abbrev  0x00000000000006f1      0x1f9 ./Core/Src/stm32f0xx_hal_timebase_tim.o
 .debug_abbrev  0x00000000000008ea      0x189 ./Core/Src/stm32f0xx_it.o
 .debug_abbrev  0x0000000000000a73      0x116 ./Core/Src/system_stm32f0xx.o
 .debug_abbrev  0x0000000000000b89      0x254 ./Core/Src/task.o
 .debug_abbrev  0x0000000000000ddd       0x12 ./Core/Startup/startup_stm32f070rbtx.o
 .debug_abbrev  0x0000000000000def      0x23f ./Drivers/STM32F0xx_HAL_Driver/Src/stm32f0xx_hal.o
 .debug_abbrev  0x000000000000102e      0x283 ./Drivers/STM32F0xx_HAL_Driver/Src/stm32f0xx_hal_cortex.o
 .debug_abbrev  0x00000000000012b1      0x1e9 ./Drivers/STM32F0xx_HAL_Driver/Src/stm32f0xx_hal_dma.o
 .debug_abbrev  0x000000000000149a      0x1bb ./Drivers/STM32F0xx_HAL_Driver/Src/stm32f0xx_hal_gpio.o
 .debug_abbrev  0x0000000000001655      0x283 ./Drivers/STM32F0xx_HAL_Driver/Src/stm32f0xx_hal_rcc.o
 .debug_abbrev  0x00000000000018d8      0x169 ./Drivers/STM32F0xx_HAL_Driver/Src/stm32f0xx_hal_rcc_ex.o
 .debug_abbrev  0x0000000000001a41      0x1d5 ./Drivers/STM32F0xx_HAL_Driver/Src/stm32f0xx_hal_rtc.o
 .debug_abbrev  0x0000000000001c16      0x275 ./Drivers/STM32F0xx_HAL_Driver/Src/stm32f0xx_hal_tim.o
 .debug_abbrev  0x0000000000001e8b      0x27d ./Drivers/STM32F0xx_HAL_Driver/Src/stm32f0xx_hal_tim_ex.o
 .debug_abbrev  0x0000000000002108      0x2b6 ./Drivers/STM32F0xx_HAL_Driver/Src/stm32f0xx_hal_uart.o
 .debug_abbrev  0x00000000000023be      0x327 ./Middlewares/Third_Party/FreeRTOS/Source/CMSIS_RTOS/cmsis_os.o
 .debug_abbrev  0x00000000000026e5       0xf2 ./Middlewares/Third_Party/FreeRTOS/Source/list.o
 .debug_abbrev  0x00000000000027d7      0x32f ./Middlewares/Third_Party/FreeRTOS/Source/queue.o
 .debug_abbrev  0x0000000000002b06      0x2ff ./Middlewares/Third_Party/FreeRTOS/Source/tasks.o
 .debug_abbrev  0x0000000000002e05      0x2e3 ./Middlewares/Third_Party/FreeRTOS/Source/timers.o
 .debug_abbrev  0x00000000000030e8      0x1ec ./Middlewares/Third_Party/FreeRTOS/Source/portable/GCC/ARM_CM0/port.o
 .debug_abbrev  0x00000000000032d4      0x19d ./Middlewares/Third_Party/FreeRTOS/Source/portable/MemMang/heap_4.o

.debug_aranges  0x0000000000000000     0x13b0
 .debug_aranges
                0x0000000000000000       0x28 ./Core/Src/freertos.o
 .debug_aranges
                0x0000000000000028       0x28 ./Core/Src/led.o
 .debug_aranges
                0x0000000000000050       0x60 ./Core/Src/main.o
 .debug_aranges
                0x00000000000000b0       0x40 ./Core/Src/stm32f0xx_hal_msp.o
 .debug_aranges
                0x00000000000000f0       0x30 ./Core/Src/stm32f0xx_hal_timebase_tim.o
 .debug_aranges
                0x0000000000000120       0x38 ./Core/Src/stm32f0xx_it.o
 .debug_aranges
                0x0000000000000158       0x28 ./Core/Src/system_stm32f0xx.o
 .debug_aranges
                0x0000000000000180       0x40 ./Core/Src/task.o
 .debug_aranges
                0x00000000000001c0       0x28 ./Core/Startup/startup_stm32f070rbtx.o
 .debug_aranges
                0x00000000000001e8       0xd0 ./Drivers/STM32F0xx_HAL_Driver/Src/stm32f0xx_hal.o
 .debug_aranges
                0x00000000000002b8       0xc0 ./Drivers/STM32F0xx_HAL_Driver/Src/stm32f0xx_hal_cortex.o
 .debug_aranges
                0x0000000000000378       0x88 ./Drivers/STM32F0xx_HAL_Driver/Src/stm32f0xx_hal_dma.o
 .debug_aranges
                0x0000000000000400       0x58 ./Drivers/STM32F0xx_HAL_Driver/Src/stm32f0xx_hal_gpio.o
 .debug_aranges
                0x0000000000000458       0x80 ./Drivers/STM32F0xx_HAL_Driver/Src/stm32f0xx_hal_rcc.o
 .debug_aranges
                0x00000000000004d8       0x30 ./Drivers/STM32F0xx_HAL_Driver/Src/stm32f0xx_hal_rcc_ex.o
 .debug_aranges
                0x0000000000000508       0xe8 ./Drivers/STM32F0xx_HAL_Driver/Src/stm32f0xx_hal_rtc.o
 .debug_aranges
                0x00000000000005f0      0x3d0 ./Drivers/STM32F0xx_HAL_Driver/Src/stm32f0xx_hal_tim.o
 .debug_aranges
                0x00000000000009c0      0x168 ./Drivers/STM32F0xx_HAL_Driver/Src/stm32f0xx_hal_tim_ex.o
 .debug_aranges
                0x0000000000000b28      0x218 ./Drivers/STM32F0xx_HAL_Driver/Src/stm32f0xx_hal_uart.o
 .debug_aranges
                0x0000000000000d40      0x1d8 ./Middlewares/Third_Party/FreeRTOS/Source/CMSIS_RTOS/cmsis_os.o
 .debug_aranges
                0x0000000000000f18       0x40 ./Middlewares/Third_Party/FreeRTOS/Source/list.o
 .debug_aranges
                0x0000000000000f58      0x110 ./Middlewares/Third_Party/FreeRTOS/Source/queue.o
 .debug_aranges
                0x0000000000001068      0x1b0 ./Middlewares/Third_Party/FreeRTOS/Source/tasks.o
 .debug_aranges
                0x0000000000001218       0xc0 ./Middlewares/Third_Party/FreeRTOS/Source/timers.o
 .debug_aranges
                0x00000000000012d8       0x88 ./Middlewares/Third_Party/FreeRTOS/Source/portable/GCC/ARM_CM0/port.o
 .debug_aranges
                0x0000000000001360       0x50 ./Middlewares/Third_Party/FreeRTOS/Source/portable/MemMang/heap_4.o

.debug_ranges   0x0000000000000000     0x1248
 .debug_ranges  0x0000000000000000       0x18 ./Core/Src/freertos.o
 .debug_ranges  0x0000000000000018       0x18 ./Core/Src/led.o
 .debug_ranges  0x0000000000000030       0x50 ./Core/Src/main.o
 .debug_ranges  0x0000000000000080       0x30 ./Core/Src/stm32f0xx_hal_msp.o
 .debug_ranges  0x00000000000000b0       0x20 ./Core/Src/stm32f0xx_hal_timebase_tim.o
 .debug_ranges  0x00000000000000d0       0x28 ./Core/Src/stm32f0xx_it.o
 .debug_ranges  0x00000000000000f8       0x18 ./Core/Src/system_stm32f0xx.o
 .debug_ranges  0x0000000000000110       0x30 ./Core/Src/task.o
 .debug_ranges  0x0000000000000140       0x20 ./Core/Startup/startup_stm32f070rbtx.o
 .debug_ranges  0x0000000000000160       0xc0 ./Drivers/STM32F0xx_HAL_Driver/Src/stm32f0xx_hal.o
 .debug_ranges  0x0000000000000220       0xb0 ./Drivers/STM32F0xx_HAL_Driver/Src/stm32f0xx_hal_cortex.o
 .debug_ranges  0x00000000000002d0       0x78 ./Drivers/STM32F0xx_HAL_Driver/Src/stm32f0xx_hal_dma.o
 .debug_ranges  0x0000000000000348       0x48 ./Drivers/STM32F0xx_HAL_Driver/Src/stm32f0xx_hal_gpio.o
 .debug_ranges  0x0000000000000390       0x70 ./Drivers/STM32F0xx_HAL_Driver/Src/stm32f0xx_hal_rcc.o
 .debug_ranges  0x0000000000000400       0x20 ./Drivers/STM32F0xx_HAL_Driver/Src/stm32f0xx_hal_rcc_ex.o
 .debug_ranges  0x0000000000000420       0xd8 ./Drivers/STM32F0xx_HAL_Driver/Src/stm32f0xx_hal_rtc.o
 .debug_ranges  0x00000000000004f8      0x3c0 ./Drivers/STM32F0xx_HAL_Driver/Src/stm32f0xx_hal_tim.o
 .debug_ranges  0x00000000000008b8      0x158 ./Drivers/STM32F0xx_HAL_Driver/Src/stm32f0xx_hal_tim_ex.o
 .debug_ranges  0x0000000000000a10      0x238 ./Drivers/STM32F0xx_HAL_Driver/Src/stm32f0xx_hal_uart.o
 .debug_ranges  0x0000000000000c48      0x1c8 ./Middlewares/Third_Party/FreeRTOS/Source/CMSIS_RTOS/cmsis_os.o
 .debug_ranges  0x0000000000000e10       0x30 ./Middlewares/Third_Party/FreeRTOS/Source/list.o
 .debug_ranges  0x0000000000000e40      0x100 ./Middlewares/Third_Party/FreeRTOS/Source/queue.o
 .debug_ranges  0x0000000000000f40      0x1a0 ./Middlewares/Third_Party/FreeRTOS/Source/tasks.o
 .debug_ranges  0x00000000000010e0       0xb0 ./Middlewares/Third_Party/FreeRTOS/Source/timers.o
 .debug_ranges  0x0000000000001190       0x78 ./Middlewares/Third_Party/FreeRTOS/Source/portable/GCC/ARM_CM0/port.o
 .debug_ranges  0x0000000000001208       0x40 ./Middlewares/Third_Party/FreeRTOS/Source/portable/MemMang/heap_4.o

.debug_macro    0x0000000000000000    0x13e97
 .debug_macro   0x0000000000000000      0x36b ./Core/Src/freertos.o
 .debug_macro   0x000000000000036b      0xa4e ./Core/Src/freertos.o
 .debug_macro   0x0000000000000db9      0x174 ./Core/Src/freertos.o
 .debug_macro   0x0000000000000f2d       0x22 ./Core/Src/freertos.o
 .debug_macro   0x0000000000000f4f       0x8e ./Core/Src/freertos.o
 .debug_macro   0x0000000000000fdd       0x51 ./Core/Src/freertos.o
 .debug_macro   0x000000000000102e      0x103 ./Core/Src/freertos.o
 .debug_macro   0x0000000000001131       0x6a ./Core/Src/freertos.o
 .debug_macro   0x000000000000119b      0x1df ./Core/Src/freertos.o
 .debug_macro   0x000000000000137a       0xca ./Core/Src/freertos.o
 .debug_macro   0x0000000000001444      0x15a ./Core/Src/freertos.o
 .debug_macro   0x000000000000159e       0xac ./Core/Src/freertos.o
 .debug_macro   0x000000000000164a       0x10 ./Core/Src/freertos.o
 .debug_macro   0x000000000000165a       0x1f ./Core/Src/freertos.o
 .debug_macro   0x0000000000001679      0x4be ./Core/Src/freertos.o
 .debug_macro   0x0000000000001b37       0xb5 ./Core/Src/freertos.o
 .debug_macro   0x0000000000001bec       0x8c ./Core/Src/freertos.o
 .debug_macro   0x0000000000001c78      0x139 ./Core/Src/freertos.o
 .debug_macro   0x0000000000001db1       0x2e ./Core/Src/freertos.o
 .debug_macro   0x0000000000001ddf       0x22 ./Core/Src/freertos.o
 .debug_macro   0x0000000000001e01       0x1c ./Core/Src/freertos.o
 .debug_macro   0x0000000000001e1d       0x22 ./Core/Src/freertos.o
 .debug_macro   0x0000000000001e3f       0xaf ./Core/Src/freertos.o
 .debug_macro   0x0000000000001eee      0x391 ./Core/Src/freertos.o
 .debug_macro   0x000000000000227f     0x765c ./Core/Src/freertos.o
 .debug_macro   0x00000000000098db       0x66 ./Core/Src/freertos.o
 .debug_macro   0x0000000000009941     0x34be ./Core/Src/freertos.o
 .debug_macro   0x000000000000cdff       0x55 ./Core/Src/freertos.o
 .debug_macro   0x000000000000ce54      0x924 ./Core/Src/freertos.o
 .debug_macro   0x000000000000d778      0x289 ./Core/Src/freertos.o
 .debug_macro   0x000000000000da01      0x1ae ./Core/Src/freertos.o
 .debug_macro   0x000000000000dbaf      0x130 ./Core/Src/freertos.o
 .debug_macro   0x000000000000dcdf      0x1a0 ./Core/Src/freertos.o
 .debug_macro   0x000000000000de7f      0x1f4 ./Core/Src/freertos.o
 .debug_macro   0x000000000000e073       0x34 ./Core/Src/freertos.o
 .debug_macro   0x000000000000e0a7       0x43 ./Core/Src/freertos.o
 .debug_macro   0x000000000000e0ea       0x28 ./Core/Src/freertos.o
 .debug_macro   0x000000000000e112       0xb0 ./Core/Src/freertos.o
 .debug_macro   0x000000000000e1c2      0x217 ./Core/Src/freertos.o
 .debug_macro   0x000000000000e3d9      0x22c ./Core/Src/freertos.o
 .debug_macro   0x000000000000e605       0x61 ./Core/Src/freertos.o
 .debug_macro   0x000000000000e666       0xa5 ./Core/Src/freertos.o
 .debug_macro   0x000000000000e70b       0x4c ./Core/Src/freertos.o
 .debug_macro   0x000000000000e757       0x49 ./Core/Src/freertos.o
 .debug_macro   0x000000000000e7a0      0x2db ./Core/Src/freertos.o
 .debug_macro   0x000000000000ea7b      0x3a0 ./Core/Src/freertos.o
 .debug_macro   0x000000000000ee1b       0xeb ./Core/Src/freertos.o
 .debug_macro   0x000000000000ef06      0x8f4 ./Core/Src/freertos.o
 .debug_macro   0x000000000000f7fa       0x28 ./Core/Src/freertos.o
 .debug_macro   0x000000000000f822      0x56d ./Core/Src/freertos.o
 .debug_macro   0x000000000000fd8f       0x44 ./Core/Src/freertos.o
 .debug_macro   0x000000000000fdd3      0x11b ./Core/Src/freertos.o
 .debug_macro   0x000000000000feee       0x91 ./Core/Src/freertos.o
 .debug_macro   0x000000000000ff7f       0x8d ./Core/Src/freertos.o
 .debug_macro   0x000000000001000c       0x7e ./Core/Src/freertos.o
 .debug_macro   0x000000000001008a       0x19 ./Core/Src/freertos.o
 .debug_macro   0x00000000000100a3       0xf2 ./Core/Src/freertos.o
 .debug_macro   0x0000000000010195       0x52 ./Core/Src/freertos.o
 .debug_macro   0x00000000000101e7       0x18 ./Core/Src/freertos.o
 .debug_macro   0x00000000000101ff       0x3c ./Core/Src/freertos.o
 .debug_macro   0x000000000001023b       0x34 ./Core/Src/freertos.o
 .debug_macro   0x000000000001026f       0x16 ./Core/Src/freertos.o
 .debug_macro   0x0000000000010285       0x43 ./Core/Src/freertos.o
 .debug_macro   0x00000000000102c8       0x34 ./Core/Src/freertos.o
 .debug_macro   0x00000000000102fc       0x10 ./Core/Src/freertos.o
 .debug_macro   0x000000000001030c       0x58 ./Core/Src/freertos.o
 .debug_macro   0x0000000000010364       0x71 ./Core/Src/freertos.o
 .debug_macro   0x00000000000103d5       0x1c ./Core/Src/freertos.o
 .debug_macro   0x00000000000103f1      0x12a ./Core/Src/freertos.o
 .debug_macro   0x000000000001051b      0x341 ./Core/Src/freertos.o
 .debug_macro   0x000000000001085c       0x10 ./Core/Src/freertos.o
 .debug_macro   0x000000000001086c       0x35 ./Core/Src/freertos.o
 .debug_macro   0x00000000000108a1       0x20 ./Core/Src/freertos.o
 .debug_macro   0x00000000000108c1       0x7c ./Core/Src/freertos.o
 .debug_macro   0x000000000001093d      0x36b ./Core/Src/led.o
 .debug_macro   0x0000000000010ca8      0x36f ./Core/Src/main.o
 .debug_macro   0x0000000000011017      0x36b ./Core/Src/stm32f0xx_hal_msp.o
 .debug_macro   0x0000000000011382      0x1db ./Core/Src/stm32f0xx_hal_timebase_tim.o
 .debug_macro   0x000000000001155d      0x375 ./Core/Src/stm32f0xx_it.o
 .debug_macro   0x00000000000118d2      0x1db ./Core/Src/system_stm32f0xx.o
 .debug_macro   0x0000000000011aad      0x36b ./Core/Src/task.o
 .debug_macro   0x0000000000011e18      0x1ff ./Drivers/STM32F0xx_HAL_Driver/Src/stm32f0xx_hal.o
 .debug_macro   0x0000000000012017      0x1db ./Drivers/STM32F0xx_HAL_Driver/Src/stm32f0xx_hal_cortex.o
 .debug_macro   0x00000000000121f2      0x1db ./Drivers/STM32F0xx_HAL_Driver/Src/stm32f0xx_hal_dma.o
 .debug_macro   0x00000000000123cd      0x1e2 ./Drivers/STM32F0xx_HAL_Driver/Src/stm32f0xx_hal_gpio.o
 .debug_macro   0x00000000000125af      0x1ed ./Drivers/STM32F0xx_HAL_Driver/Src/stm32f0xx_hal_rcc.o
 .debug_macro   0x000000000001279c      0x1db ./Drivers/STM32F0xx_HAL_Driver/Src/stm32f0xx_hal_rcc_ex.o
 .debug_macro   0x0000000000012977      0x1dc ./Drivers/STM32F0xx_HAL_Driver/Src/stm32f0xx_hal_rtc.o
 .debug_macro   0x0000000000012b53      0x1dc ./Drivers/STM32F0xx_HAL_Driver/Src/stm32f0xx_hal_tim.o
 .debug_macro   0x0000000000012d2f      0x1db ./Drivers/STM32F0xx_HAL_Driver/Src/stm32f0xx_hal_tim_ex.o
 .debug_macro   0x0000000000012f0a      0x1f8 ./Drivers/STM32F0xx_HAL_Driver/Src/stm32f0xx_hal_uart.o
 .debug_macro   0x0000000000013102      0x1fe ./Middlewares/Third_Party/FreeRTOS/Source/CMSIS_RTOS/cmsis_os.o
 .debug_macro   0x0000000000013300       0x9d ./Middlewares/Third_Party/FreeRTOS/Source/CMSIS_RTOS/cmsis_os.o
 .debug_macro   0x000000000001339d      0x187 ./Middlewares/Third_Party/FreeRTOS/Source/list.o
 .debug_macro   0x0000000000013524      0x212 ./Middlewares/Third_Party/FreeRTOS/Source/queue.o
 .debug_macro   0x0000000000013736       0x16 ./Middlewares/Third_Party/FreeRTOS/Source/queue.o
 .debug_macro   0x000000000001374c      0x287 ./Middlewares/Third_Party/FreeRTOS/Source/tasks.o
 .debug_macro   0x00000000000139d3       0x10 ./Middlewares/Third_Party/FreeRTOS/Source/tasks.o
 .debug_macro   0x00000000000139e3      0x1ca ./Middlewares/Third_Party/FreeRTOS/Source/timers.o
 .debug_macro   0x0000000000013bad      0x13c ./Middlewares/Third_Party/FreeRTOS/Source/portable/GCC/ARM_CM0/port.o
 .debug_macro   0x0000000000013ce9      0x1ae ./Middlewares/Third_Party/FreeRTOS/Source/portable/MemMang/heap_4.o

.debug_line     0x0000000000000000    0x17816
 .debug_line    0x0000000000000000      0x9f6 ./Core/Src/freertos.o
 .debug_line    0x00000000000009f6      0xa08 ./Core/Src/led.o
 .debug_line    0x00000000000013fe      0xbcd ./Core/Src/main.o
 .debug_line    0x0000000000001fcb      0xa64 ./Core/Src/stm32f0xx_hal_msp.o
 .debug_line    0x0000000000002a2f      0x761 ./Core/Src/stm32f0xx_hal_timebase_tim.o
 .debug_line    0x0000000000003190      0xa32 ./Core/Src/stm32f0xx_it.o
 .debug_line    0x0000000000003bc2      0x779 ./Core/Src/system_stm32f0xx.o
 .debug_line    0x000000000000433b      0xae9 ./Core/Src/task.o
 .debug_line    0x0000000000004e24       0x89 ./Core/Startup/startup_stm32f070rbtx.o
 .debug_line    0x0000000000004ead      0x97f ./Drivers/STM32F0xx_HAL_Driver/Src/stm32f0xx_hal.o
 .debug_line    0x000000000000582c      0xa2b ./Drivers/STM32F0xx_HAL_Driver/Src/stm32f0xx_hal_cortex.o
 .debug_line    0x0000000000006257      0xca3 ./Drivers/STM32F0xx_HAL_Driver/Src/stm32f0xx_hal_dma.o
 .debug_line    0x0000000000006efa      0xafa ./Drivers/STM32F0xx_HAL_Driver/Src/stm32f0xx_hal_gpio.o
 .debug_line    0x00000000000079f4      0xd6c ./Drivers/STM32F0xx_HAL_Driver/Src/stm32f0xx_hal_rcc.o
 .debug_line    0x0000000000008760      0x948 ./Drivers/STM32F0xx_HAL_Driver/Src/stm32f0xx_hal_rcc_ex.o
 .debug_line    0x00000000000090a8     0x1005 ./Drivers/STM32F0xx_HAL_Driver/Src/stm32f0xx_hal_rtc.o
 .debug_line    0x000000000000a0ad     0x3677 ./Drivers/STM32F0xx_HAL_Driver/Src/stm32f0xx_hal_tim.o
 .debug_line    0x000000000000d724     0x18f1 ./Drivers/STM32F0xx_HAL_Driver/Src/stm32f0xx_hal_tim_ex.o
 .debug_line    0x000000000000f015     0x2b8d ./Drivers/STM32F0xx_HAL_Driver/Src/stm32f0xx_hal_uart.o
 .debug_line    0x0000000000011ba2     0x1242 ./Middlewares/Third_Party/FreeRTOS/Source/CMSIS_RTOS/cmsis_os.o
 .debug_line    0x0000000000012de4      0x6f7 ./Middlewares/Third_Party/FreeRTOS/Source/list.o
 .debug_line    0x00000000000134db     0x1266 ./Middlewares/Third_Party/FreeRTOS/Source/queue.o
 .debug_line    0x0000000000014741     0x16fe ./Middlewares/Third_Party/FreeRTOS/Source/tasks.o
 .debug_line    0x0000000000015e3f      0xaea ./Middlewares/Third_Party/FreeRTOS/Source/timers.o
 .debug_line    0x0000000000016929      0x66c ./Middlewares/Third_Party/FreeRTOS/Source/portable/GCC/ARM_CM0/port.o
 .debug_line    0x0000000000016f95      0x881 ./Middlewares/Third_Party/FreeRTOS/Source/portable/MemMang/heap_4.o

.debug_str      0x0000000000000000    0x765ae
 .debug_str     0x0000000000000000    0x6fafc ./Core/Src/freertos.o
                                      0x6fdd0 (size before relaxing)
 .debug_str     0x000000000006fafc       0x8d ./Core/Src/led.o
                                      0x6fc82 (size before relaxing)
 .debug_str     0x000000000006fb89      0xf89 ./Core/Src/main.o
                                      0x70da3 (size before relaxing)
 .debug_str     0x0000000000070b12      0x1f9 ./Core/Src/stm32f0xx_hal_msp.o
                                      0x70479 (size before relaxing)
 .debug_str     0x0000000000070d0b       0xec ./Core/Src/stm32f0xx_hal_timebase_tim.o
                                      0x67b56 (size before relaxing)
 .debug_str     0x0000000000070df7       0x84 ./Core/Src/stm32f0xx_it.o
                                      0x70387 (size before relaxing)
 .debug_str     0x0000000000070e7b       0x8b ./Core/Src/system_stm32f0xx.o
                                      0x673f6 (size before relaxing)
 .debug_str     0x0000000000070f06       0x8b ./Core/Src/task.o
                                      0x702c1 (size before relaxing)
 .debug_str     0x0000000000070f91       0x36 ./Core/Startup/startup_stm32f070rbtx.o
                                         0x7f (size before relaxing)
 .debug_str     0x0000000000070fc7      0x34b ./Drivers/STM32F0xx_HAL_Driver/Src/stm32f0xx_hal.o
                                      0x679ab (size before relaxing)
 .debug_str     0x0000000000071312      0x18e ./Drivers/STM32F0xx_HAL_Driver/Src/stm32f0xx_hal_cortex.o
                                      0x6779c (size before relaxing)
 .debug_str     0x00000000000714a0      0x248 ./Drivers/STM32F0xx_HAL_Driver/Src/stm32f0xx_hal_dma.o
                                      0x6779c (size before relaxing)
 .debug_str     0x00000000000716e8      0x100 ./Drivers/STM32F0xx_HAL_Driver/Src/stm32f0xx_hal_gpio.o
                                      0x67597 (size before relaxing)
 .debug_str     0x00000000000717e8      0x1e4 ./Drivers/STM32F0xx_HAL_Driver/Src/stm32f0xx_hal_rcc.o
                                      0x67832 (size before relaxing)
 .debug_str     0x00000000000719cc       0x97 ./Drivers/STM32F0xx_HAL_Driver/Src/stm32f0xx_hal_rcc_ex.o
                                      0x67570 (size before relaxing)
 .debug_str     0x0000000000071a63      0x326 ./Drivers/STM32F0xx_HAL_Driver/Src/stm32f0xx_hal_rtc.o
                                      0x678b1 (size before relaxing)
 .debug_str     0x0000000000071d89      0xe3c ./Drivers/STM32F0xx_HAL_Driver/Src/stm32f0xx_hal_tim.o
                                      0x687fc (size before relaxing)
 .debug_str     0x0000000000072bc5      0x503 ./Drivers/STM32F0xx_HAL_Driver/Src/stm32f0xx_hal_tim_ex.o
                                      0x68018 (size before relaxing)
 .debug_str     0x00000000000730c8      0x7f1 ./Drivers/STM32F0xx_HAL_Driver/Src/stm32f0xx_hal_uart.o
                                      0x6810f (size before relaxing)
 .debug_str     0x00000000000738b9      0x969 ./Middlewares/Third_Party/FreeRTOS/Source/CMSIS_RTOS/cmsis_os.o
                                       0xd8aa (size before relaxing)
 .debug_str     0x0000000000074222      0x21b ./Middlewares/Third_Party/FreeRTOS/Source/list.o
                                       0x9fab (size before relaxing)
 .debug_str     0x000000000007443d      0x7a8 ./Middlewares/Third_Party/FreeRTOS/Source/queue.o
                                       0xb808 (size before relaxing)
 .debug_str     0x0000000000074be5      0xf60 ./Middlewares/Third_Party/FreeRTOS/Source/tasks.o
                                       0xc23f (size before relaxing)
 .debug_str     0x0000000000075b45      0x448 ./Middlewares/Third_Party/FreeRTOS/Source/timers.o
                                       0xbd4e (size before relaxing)
 .debug_str     0x0000000000075f8d      0x3e7 ./Middlewares/Third_Party/FreeRTOS/Source/portable/GCC/ARM_CM0/port.o
                                       0x7a92 (size before relaxing)
 .debug_str     0x0000000000076374      0x23a ./Middlewares/Third_Party/FreeRTOS/Source/portable/MemMang/heap_4.o
                                       0xa6c5 (size before relaxing)

.comment        0x0000000000000000       0x50
 .comment       0x0000000000000000       0x50 ./Core/Src/freertos.o
                                         0x51 (size before relaxing)
 .comment       0x0000000000000050       0x51 ./Core/Src/led.o
 .comment       0x0000000000000050       0x51 ./Core/Src/main.o
 .comment       0x0000000000000050       0x51 ./Core/Src/stm32f0xx_hal_msp.o
 .comment       0x0000000000000050       0x51 ./Core/Src/stm32f0xx_hal_timebase_tim.o
 .comment       0x0000000000000050       0x51 ./Core/Src/stm32f0xx_it.o
 .comment       0x0000000000000050       0x51 ./Core/Src/system_stm32f0xx.o
 .comment       0x0000000000000050       0x51 ./Core/Src/task.o
 .comment       0x0000000000000050       0x51 ./Drivers/STM32F0xx_HAL_Driver/Src/stm32f0xx_hal.o
 .comment       0x0000000000000050       0x51 ./Drivers/STM32F0xx_HAL_Driver/Src/stm32f0xx_hal_cortex.o
 .comment       0x0000000000000050       0x51 ./Drivers/STM32F0xx_HAL_Driver/Src/stm32f0xx_hal_dma.o
 .comment       0x0000000000000050       0x51 ./Drivers/STM32F0xx_HAL_Driver/Src/stm32f0xx_hal_gpio.o
 .comment       0x0000000000000050       0x51 ./Drivers/STM32F0xx_HAL_Driver/Src/stm32f0xx_hal_rcc.o
 .comment       0x0000000000000050       0x51 ./Drivers/STM32F0xx_HAL_Driver/Src/stm32f0xx_hal_rcc_ex.o
 .comment       0x0000000000000050       0x51 ./Drivers/STM32F0xx_HAL_Driver/Src/stm32f0xx_hal_rtc.o
 .comment       0x0000000000000050       0x51 ./Drivers/STM32F0xx_HAL_Driver/Src/stm32f0xx_hal_tim.o
 .comment       0x0000000000000050       0x51 ./Drivers/STM32F0xx_HAL_Driver/Src/stm32f0xx_hal_tim_ex.o
 .comment       0x0000000000000050       0x51 ./Drivers/STM32F0xx_HAL_Driver/Src/stm32f0xx_hal_uart.o
 .comment       0x0000000000000050       0x51 ./Middlewares/Third_Party/FreeRTOS/Source/CMSIS_RTOS/cmsis_os.o
 .comment       0x0000000000000050       0x51 ./Middlewares/Third_Party/FreeRTOS/Source/list.o
 .comment       0x0000000000000050       0x51 ./Middlewares/Third_Party/FreeRTOS/Source/queue.o
 .comment       0x0000000000000050       0x51 ./Middlewares/Third_Party/FreeRTOS/Source/tasks.o
 .comment       0x0000000000000050       0x51 ./Middlewares/Third_Party/FreeRTOS/Source/timers.o
 .comment       0x0000000000000050       0x51 ./Middlewares/Third_Party/FreeRTOS/Source/portable/GCC/ARM_CM0/port.o
 .comment       0x0000000000000050       0x51 ./Middlewares/Third_Party/FreeRTOS/Source/portable/MemMang/heap_4.o

.debug_frame    0x0000000000000000     0x45f8
 .debug_frame   0x0000000000000000       0x50 ./Core/Src/freertos.o
 .debug_frame   0x0000000000000050       0x4c ./Core/Src/led.o
 .debug_frame   0x000000000000009c      0x124 ./Core/Src/main.o
 .debug_frame   0x00000000000001c0       0xb0 ./Core/Src/stm32f0xx_hal_msp.o
 .debug_frame   0x0000000000000270       0x68 ./Core/Src/stm32f0xx_hal_timebase_tim.o
 .debug_frame   0x00000000000002d8       0x80 ./Core/Src/stm32f0xx_it.o
 .debug_frame   0x0000000000000358       0x4c ./Core/Src/system_stm32f0xx.o
 .debug_frame   0x00000000000003a4       0xb0 ./Core/Src/task.o
 .debug_frame   0x0000000000000454      0x2a4 ./Drivers/STM32F0xx_HAL_Driver/Src/stm32f0xx_hal.o
 .debug_frame   0x00000000000006f8      0x2a0 ./Drivers/STM32F0xx_HAL_Driver/Src/stm32f0xx_hal_cortex.o
 .debug_frame   0x0000000000000998      0x1d0 ./Drivers/STM32F0xx_HAL_Driver/Src/stm32f0xx_hal_dma.o
 .debug_frame   0x0000000000000b68      0x110 ./Drivers/STM32F0xx_HAL_Driver/Src/stm32f0xx_hal_gpio.o
 .debug_frame   0x0000000000000c78      0x198 ./Drivers/STM32F0xx_HAL_Driver/Src/stm32f0xx_hal_rcc.o
 .debug_frame   0x0000000000000e10       0x70 ./Drivers/STM32F0xx_HAL_Driver/Src/stm32f0xx_hal_rcc_ex.o
 .debug_frame   0x0000000000000e80      0x360 ./Drivers/STM32F0xx_HAL_Driver/Src/stm32f0xx_hal_rtc.o
 .debug_frame   0x00000000000011e0      0xf00 ./Drivers/STM32F0xx_HAL_Driver/Src/stm32f0xx_hal_tim.o
 .debug_frame   0x00000000000020e0      0x560 ./Drivers/STM32F0xx_HAL_Driver/Src/stm32f0xx_hal_tim_ex.o
 .debug_frame   0x0000000000002640      0x810 ./Drivers/STM32F0xx_HAL_Driver/Src/stm32f0xx_hal_uart.o
 .debug_frame   0x0000000000002e50      0x6f4 ./Middlewares/Third_Party/FreeRTOS/Source/CMSIS_RTOS/cmsis_os.o
 .debug_frame   0x0000000000003544       0xb0 ./Middlewares/Third_Party/FreeRTOS/Source/list.o
 .debug_frame   0x00000000000035f4      0x3f0 ./Middlewares/Third_Party/FreeRTOS/Source/queue.o
 .debug_frame   0x00000000000039e4      0x65c ./Middlewares/Third_Party/FreeRTOS/Source/tasks.o
 .debug_frame   0x0000000000004040      0x2ac ./Middlewares/Third_Party/FreeRTOS/Source/timers.o
 .debug_frame   0x00000000000042ec      0x174 ./Middlewares/Third_Party/FreeRTOS/Source/portable/GCC/ARM_CM0/port.o
 .debug_frame   0x0000000000004460       0xe4 ./Middlewares/Third_Party/FreeRTOS/Source/portable/MemMang/heap_4.o
 .debug_frame   0x0000000000004544       0x2c c:/st/stm32cubeide_1.9.0/stm32cubeide/plugins/com.st.stm32cube.ide.mcu.externaltools.gnu-tools-for-stm32.10.3-2021.10.win32_1.0.0.202111181127/tools/bin/../lib/gcc/arm-none-eabi/10.3.1/../../../../arm-none-eabi/lib/thumb/v6-m/nofp\libc_nano.a(lib_a-init.o)
 .debug_frame   0x0000000000004570       0x28 c:/st/stm32cubeide_1.9.0/stm32cubeide/plugins/com.st.stm32cube.ide.mcu.externaltools.gnu-tools-for-stm32.10.3-2021.10.win32_1.0.0.202111181127/tools/bin/../lib/gcc/arm-none-eabi/10.3.1/../../../../arm-none-eabi/lib/thumb/v6-m/nofp\libc_nano.a(lib_a-memcpy-stub.o)
 .debug_frame   0x0000000000004598       0x20 c:/st/stm32cubeide_1.9.0/stm32cubeide/plugins/com.st.stm32cube.ide.mcu.externaltools.gnu-tools-for-stm32.10.3-2021.10.win32_1.0.0.202111181127/tools/bin/../lib/gcc/arm-none-eabi/10.3.1/../../../../arm-none-eabi/lib/thumb/v6-m/nofp\libc_nano.a(lib_a-memset.o)
 .debug_frame   0x00000000000045b8       0x20 c:/st/stm32cubeide_1.9.0/stm32cubeide/plugins/com.st.stm32cube.ide.mcu.externaltools.gnu-tools-for-stm32.10.3-2021.10.win32_1.0.0.202111181127/tools/bin/../lib/gcc/arm-none-eabi/10.3.1/../../../../arm-none-eabi/lib/thumb/v6-m/nofp\libc_nano.a(lib_a-strcmp.o)
 .debug_frame   0x00000000000045d8       0x20 c:/st/stm32cubeide_1.9.0/stm32cubeide/plugins/com.st.stm32cube.ide.mcu.externaltools.gnu-tools-for-stm32.10.3-2021.10.win32_1.0.0.202111181127/tools/bin/../lib/gcc/arm-none-eabi/10.3.1/thumb/v6-m/nofp\libgcc.a(_udivsi3.o)